<?xml version="1.0"?>
<link_info>
   <banner>TMS320C55x Linker PC v4.4.1</banner>
   <copyright>Copyright (c) 1996-2012 Texas Instruments Incorporated</copyright>
   <link_time>0x673290b4</link_time>
   <output_file>teste6.out</output_file>
   <entry_point>
      <name>_c_int00</name>
      <address>0x7182</address>
   </entry_point>
   <input_file_list>
      <input_file id="fl-2">
         <path>.\</path>
         <kind>object</kind>
         <file>aic3204_loop_linein.obj</file>
         <name>aic3204_loop_linein.obj</name>
      </input_file>
      <input_file id="fl-3">
         <path>.\</path>
         <kind>object</kind>
         <file>aic3204_test.obj</file>
         <name>aic3204_test.obj</name>
      </input_file>
      <input_file id="fl-4">
         <path>.\</path>
         <kind>object</kind>
         <file>aic3204_tone_headphone.obj</file>
         <name>aic3204_tone_headphone.obj</name>
      </input_file>
      <input_file id="fl-5">
         <path>.\</path>
         <kind>object</kind>
         <file>dma.obj</file>
         <name>dma.obj</name>
      </input_file>
      <input_file id="fl-6">
         <path>.\</path>
         <kind>object</kind>
         <file>lcd.obj</file>
         <name>lcd.obj</name>
      </input_file>
      <input_file id="fl-7">
         <path>.\</path>
         <kind>object</kind>
         <file>main.obj</file>
         <name>main.obj</name>
      </input_file>
      <input_file id="fl-8">
         <path>.\</path>
         <kind>object</kind>
         <file>oled_test.obj</file>
         <name>oled_test.obj</name>
      </input_file>
      <input_file id="fl-9">
         <path>.\</path>
         <kind>object</kind>
         <file>pll.obj</file>
         <name>pll.obj</name>
      </input_file>
      <input_file id="fl-a">
         <path>.\</path>
         <kind>object</kind>
         <file>switch_test.obj</file>
         <name>switch_test.obj</name>
      </input_file>
      <input_file id="fl-b">
         <path>.\</path>
         <kind>object</kind>
         <file>timer.obj</file>
         <name>timer.obj</name>
      </input_file>
      <input_file id="fl-c">
         <path>.\</path>
         <kind>object</kind>
         <file>vectors_dma4.obj</file>
         <name>vectors_dma4.obj</name>
      </input_file>
      <input_file id="fl-26">
         <path>C:\ti\ccs1270\ccs\tools\compiler\c5500_4.4.1\lib\</path>
         <kind>archive</kind>
         <file>rts55x.lib</file>
         <name>addd.obj</name>
      </input_file>
      <input_file id="fl-27">
         <path>C:\ti\ccs1270\ccs\tools\compiler\c5500_4.4.1\lib\</path>
         <kind>archive</kind>
         <file>rts55x.lib</file>
         <name>boot.obj</name>
      </input_file>
      <input_file id="fl-28">
         <path>C:\ti\ccs1270\ccs\tools\compiler\c5500_4.4.1\lib\</path>
         <kind>archive</kind>
         <file>rts55x.lib</file>
         <name>cmpd.obj</name>
      </input_file>
      <input_file id="fl-29">
         <path>C:\ti\ccs1270\ccs\tools\compiler\c5500_4.4.1\lib\</path>
         <kind>archive</kind>
         <file>rts55x.lib</file>
         <name>exit.obj</name>
      </input_file>
      <input_file id="fl-2a">
         <path>C:\ti\ccs1270\ccs\tools\compiler\c5500_4.4.1\lib\</path>
         <kind>archive</kind>
         <file>rts55x.lib</file>
         <name>fixdi.obj</name>
      </input_file>
      <input_file id="fl-2b">
         <path>C:\ti\ccs1270\ccs\tools\compiler\c5500_4.4.1\lib\</path>
         <kind>archive</kind>
         <file>rts55x.lib</file>
         <name>fixdli.obj</name>
      </input_file>
      <input_file id="fl-2c">
         <path>C:\ti\ccs1270\ccs\tools\compiler\c5500_4.4.1\lib\</path>
         <kind>archive</kind>
         <file>rts55x.lib</file>
         <name>idiv.obj</name>
      </input_file>
      <input_file id="fl-2d">
         <path>C:\ti\ccs1270\ccs\tools\compiler\c5500_4.4.1\lib\</path>
         <kind>archive</kind>
         <file>rts55x.lib</file>
         <name>mpyd.obj</name>
      </input_file>
      <input_file id="fl-2e">
         <path>C:\ti\ccs1270\ccs\tools\compiler\c5500_4.4.1\lib\</path>
         <kind>archive</kind>
         <file>rts55x.lib</file>
         <name>printf.obj</name>
      </input_file>
      <input_file id="fl-2f">
         <path>C:\ti\ccs1270\ccs\tools\compiler\c5500_4.4.1\lib\</path>
         <kind>archive</kind>
         <file>rts55x.lib</file>
         <name>sin.obj</name>
      </input_file>
      <input_file id="fl-30">
         <path>C:\ti\ccs1270\ccs\tools\compiler\c5500_4.4.1\lib\</path>
         <kind>archive</kind>
         <file>rts55x.lib</file>
         <name>subd.obj</name>
      </input_file>
      <input_file id="fl-31">
         <path>C:\ti\ccs1270\ccs\tools\compiler\c5500_4.4.1\lib\</path>
         <kind>archive</kind>
         <file>rts55x.lib</file>
         <name>trunc.obj</name>
      </input_file>
      <input_file id="fl-32">
         <path>C:\ti\ccs1270\ccs\tools\compiler\c5500_4.4.1\lib\</path>
         <kind>archive</kind>
         <file>rts55x.lib</file>
         <name>vectors.obj</name>
      </input_file>
      <input_file id="fl-33">
         <path>C:\ti\ccs1270\ccs\tools\compiler\c5500_4.4.1\lib\</path>
         <kind>archive</kind>
         <file>rts55x.lib</file>
         <name>_lock.obj</name>
      </input_file>
      <input_file id="fl-34">
         <path>C:\ti\ccs1270\ccs\tools\compiler\c5500_4.4.1\lib\</path>
         <kind>archive</kind>
         <file>rts55x.lib</file>
         <name>_printfi.obj</name>
      </input_file>
      <input_file id="fl-35">
         <path>C:\ti\ccs1270\ccs\tools\compiler\c5500_4.4.1\lib\</path>
         <kind>archive</kind>
         <file>rts55x.lib</file>
         <name>args_main.obj</name>
      </input_file>
      <input_file id="fl-36">
         <path>C:\ti\ccs1270\ccs\tools\compiler\c5500_4.4.1\lib\</path>
         <kind>archive</kind>
         <file>rts55x.lib</file>
         <name>atoi.obj</name>
      </input_file>
      <input_file id="fl-37">
         <path>C:\ti\ccs1270\ccs\tools\compiler\c5500_4.4.1\lib\</path>
         <kind>archive</kind>
         <file>rts55x.lib</file>
         <name>autoinit.obj</name>
      </input_file>
      <input_file id="fl-38">
         <path>C:\ti\ccs1270\ccs\tools\compiler\c5500_4.4.1\lib\</path>
         <kind>archive</kind>
         <file>rts55x.lib</file>
         <name>ctype.obj</name>
      </input_file>
      <input_file id="fl-39">
         <path>C:\ti\ccs1270\ccs\tools\compiler\c5500_4.4.1\lib\</path>
         <kind>archive</kind>
         <file>rts55x.lib</file>
         <name>defs.obj</name>
      </input_file>
      <input_file id="fl-3a">
         <path>C:\ti\ccs1270\ccs\tools\compiler\c5500_4.4.1\lib\</path>
         <kind>archive</kind>
         <file>rts55x.lib</file>
         <name>divd.obj</name>
      </input_file>
      <input_file id="fl-3b">
         <path>C:\ti\ccs1270\ccs\tools\compiler\c5500_4.4.1\lib\</path>
         <kind>archive</kind>
         <file>rts55x.lib</file>
         <name>divul.obj</name>
      </input_file>
      <input_file id="fl-3c">
         <path>C:\ti\ccs1270\ccs\tools\compiler\c5500_4.4.1\lib\</path>
         <kind>archive</kind>
         <file>rts55x.lib</file>
         <name>fltid.obj</name>
      </input_file>
      <input_file id="fl-3d">
         <path>C:\ti\ccs1270\ccs\tools\compiler\c5500_4.4.1\lib\</path>
         <kind>archive</kind>
         <file>rts55x.lib</file>
         <name>fltlid.obj</name>
      </input_file>
      <input_file id="fl-3e">
         <path>C:\ti\ccs1270\ccs\tools\compiler\c5500_4.4.1\lib\</path>
         <kind>archive</kind>
         <file>rts55x.lib</file>
         <name>fputc.obj</name>
      </input_file>
      <input_file id="fl-3f">
         <path>C:\ti\ccs1270\ccs\tools\compiler\c5500_4.4.1\lib\</path>
         <kind>archive</kind>
         <file>rts55x.lib</file>
         <name>fputs.obj</name>
      </input_file>
      <input_file id="fl-40">
         <path>C:\ti\ccs1270\ccs\tools\compiler\c5500_4.4.1\lib\</path>
         <kind>archive</kind>
         <file>rts55x.lib</file>
         <name>frcmpyd.obj</name>
      </input_file>
      <input_file id="fl-41">
         <path>C:\ti\ccs1270\ccs\tools\compiler\c5500_4.4.1\lib\</path>
         <kind>archive</kind>
         <file>rts55x.lib</file>
         <name>frcmpyd_div.obj</name>
      </input_file>
      <input_file id="fl-42">
         <path>C:\ti\ccs1270\ccs\tools\compiler\c5500_4.4.1\lib\</path>
         <kind>archive</kind>
         <file>rts55x.lib</file>
         <name>isinf.obj</name>
      </input_file>
      <input_file id="fl-43">
         <path>C:\ti\ccs1270\ccs\tools\compiler\c5500_4.4.1\lib\</path>
         <kind>archive</kind>
         <file>rts55x.lib</file>
         <name>llmpy.obj</name>
      </input_file>
      <input_file id="fl-44">
         <path>C:\ti\ccs1270\ccs\tools\compiler\c5500_4.4.1\lib\</path>
         <kind>archive</kind>
         <file>rts55x.lib</file>
         <name>lmpy.obj</name>
      </input_file>
      <input_file id="fl-45">
         <path>C:\ti\ccs1270\ccs\tools\compiler\c5500_4.4.1\lib\</path>
         <kind>archive</kind>
         <file>rts55x.lib</file>
         <name>lowlev.obj</name>
      </input_file>
      <input_file id="fl-46">
         <path>C:\ti\ccs1270\ccs\tools\compiler\c5500_4.4.1\lib\</path>
         <kind>archive</kind>
         <file>rts55x.lib</file>
         <name>ltoa.obj</name>
      </input_file>
      <input_file id="fl-47">
         <path>C:\ti\ccs1270\ccs\tools\compiler\c5500_4.4.1\lib\</path>
         <kind>archive</kind>
         <file>rts55x.lib</file>
         <name>memccpy.obj</name>
      </input_file>
      <input_file id="fl-48">
         <path>C:\ti\ccs1270\ccs\tools\compiler\c5500_4.4.1\lib\</path>
         <kind>archive</kind>
         <file>rts55x.lib</file>
         <name>memcpy.obj</name>
      </input_file>
      <input_file id="fl-49">
         <path>C:\ti\ccs1270\ccs\tools\compiler\c5500_4.4.1\lib\</path>
         <kind>archive</kind>
         <file>rts55x.lib</file>
         <name>modf.obj</name>
      </input_file>
      <input_file id="fl-4a">
         <path>C:\ti\ccs1270\ccs\tools\compiler\c5500_4.4.1\lib\</path>
         <kind>archive</kind>
         <file>rts55x.lib</file>
         <name>negd.obj</name>
      </input_file>
      <input_file id="fl-4b">
         <path>C:\ti\ccs1270\ccs\tools\compiler\c5500_4.4.1\lib\</path>
         <kind>archive</kind>
         <file>rts55x.lib</file>
         <name>remli.obj</name>
      </input_file>
      <input_file id="fl-4c">
         <path>C:\ti\ccs1270\ccs\tools\compiler\c5500_4.4.1\lib\</path>
         <kind>archive</kind>
         <file>rts55x.lib</file>
         <name>remul.obj</name>
      </input_file>
      <input_file id="fl-4d">
         <path>C:\ti\ccs1270\ccs\tools\compiler\c5500_4.4.1\lib\</path>
         <kind>archive</kind>
         <file>rts55x.lib</file>
         <name>round.obj</name>
      </input_file>
      <input_file id="fl-4e">
         <path>C:\ti\ccs1270\ccs\tools\compiler\c5500_4.4.1\lib\</path>
         <kind>archive</kind>
         <file>rts55x.lib</file>
         <name>trgdrv.obj</name>
      </input_file>
      <input_file id="fl-4f">
         <path>C:\ti\ccs1270\ccs\tools\compiler\c5500_4.4.1\lib\</path>
         <kind>archive</kind>
         <file>rts55x.lib</file>
         <name>trgmsg.obj</name>
      </input_file>
      <input_file id="fl-50">
         <path>C:\ti\ccs1270\ccs\tools\compiler\c5500_4.4.1\lib\</path>
         <kind>archive</kind>
         <file>rts55x.lib</file>
         <name>udiv.obj</name>
      </input_file>
      <input_file id="fl-51">
         <path>C:\ti\ccs1270\ccs\tools\compiler\c5500_4.4.1\lib\</path>
         <kind>archive</kind>
         <file>rts55x.lib</file>
         <name>_io_perm.obj</name>
      </input_file>
      <input_file id="fl-52">
         <path>C:\ti\ccs1270\ccs\tools\compiler\c5500_4.4.1\lib\</path>
         <kind>archive</kind>
         <file>rts55x.lib</file>
         <name>divli.obj</name>
      </input_file>
      <input_file id="fl-53">
         <path>C:\ti\ccs1270\ccs\tools\compiler\c5500_4.4.1\lib\</path>
         <kind>archive</kind>
         <file>rts55x.lib</file>
         <name>fflush.obj</name>
      </input_file>
      <input_file id="fl-54">
         <path>C:\ti\ccs1270\ccs\tools\compiler\c5500_4.4.1\lib\</path>
         <kind>archive</kind>
         <file>rts55x.lib</file>
         <name>fseek.obj</name>
      </input_file>
      <input_file id="fl-55">
         <path>C:\ti\ccs1270\ccs\tools\compiler\c5500_4.4.1\lib\</path>
         <kind>archive</kind>
         <file>rts55x.lib</file>
         <name>setvbuf.obj</name>
      </input_file>
      <input_file id="fl-56">
         <path>C:\ti\ccs1270\ccs\tools\compiler\c5500_4.4.1\lib\</path>
         <kind>archive</kind>
         <file>rts55x.lib</file>
         <name>fopen.obj</name>
      </input_file>
      <input_file id="fl-57">
         <path>C:\ti\ccs1270\ccs\tools\compiler\c5500_4.4.1\lib\</path>
         <kind>archive</kind>
         <file>rts55x.lib</file>
         <name>memory.obj</name>
      </input_file>
      <input_file id="fl-58">
         <path>C:\ti\ccs1270\ccs\tools\compiler\c5500_4.4.1\lib\</path>
         <kind>archive</kind>
         <file>rts55x.lib</file>
         <name>fclose.obj</name>
      </input_file>
      <input_file id="fl-59">
         <path>C:\ti\ccs1270\ccs\tools\compiler\c5500_4.4.1\lib\</path>
         <kind>archive</kind>
         <file>rts55x.lib</file>
         <name>remove.obj</name>
      </input_file>
      <input_file id="fl-5a">
         <path>C:\Users\caios\Documents\laboratorio integrado III\ezdsp5502_v1\lib\</path>
         <kind>archive</kind>
         <file>ezdsp5502bsl.lib</file>
         <name>ezdsp5502_mcbsp.obj</name>
      </input_file>
      <input_file id="fl-5b">
         <path>C:\Users\caios\Documents\laboratorio integrado III\ezdsp5502_v1\lib\</path>
         <kind>archive</kind>
         <file>ezdsp5502bsl.lib</file>
         <name>ezdsp5502_i2cgpio.obj</name>
      </input_file>
      <input_file id="fl-5c">
         <path>C:\Users\caios\Documents\laboratorio integrado III\ezdsp5502_v1\lib\</path>
         <kind>archive</kind>
         <file>ezdsp5502bsl.lib</file>
         <name>ezdsp5502_i2c.obj</name>
      </input_file>
      <input_file id="fl-5d">
         <path>C:\Users\caios\Documents\laboratorio integrado III\ezdsp5502_v1\lib\</path>
         <kind>archive</kind>
         <file>ezdsp5502bsl.lib</file>
         <name>ezdsp5502_gpio.obj</name>
      </input_file>
      <input_file id="fl-5e">
         <path>C:\Users\caios\Documents\laboratorio integrado III\ezdsp5502_v1\lib\</path>
         <kind>archive</kind>
         <file>ezdsp5502bsl.lib</file>
         <name>ezdsp5502.obj</name>
      </input_file>
      <input_file id="fl-5f">
         <path>C:\Users\caios\Documents\laboratorio integrado III\ezdsp5502_v1\C55xxCSL\lib\</path>
         <kind>archive</kind>
         <file>csl5502x.lib</file>
         <name>_csl_init.obj</name>
      </input_file>
      <input_file id="fl-60">
         <path>C:\Users\caios\Documents\laboratorio integrado III\ezdsp5502_v1\C55xxCSL\lib\</path>
         <kind>archive</kind>
         <file>csl5502x.lib</file>
         <name>csl.obj</name>
      </input_file>
      <input_file id="fl-61">
         <path>C:\Users\caios\Documents\laboratorio integrado III\ezdsp5502_v1\C55xxCSL\lib\</path>
         <kind>archive</kind>
         <file>csl5502x.lib</file>
         <name>csl_csldat.obj</name>
      </input_file>
      <input_file id="fl-62">
         <path>C:\Users\caios\Documents\laboratorio integrado III\ezdsp5502_v1\C55xxCSL\lib\</path>
         <kind>archive</kind>
         <file>csl5502x.lib</file>
         <name>dma_cfg.obj</name>
      </input_file>
      <input_file id="fl-63">
         <path>C:\Users\caios\Documents\laboratorio integrado III\ezdsp5502_v1\C55xxCSL\lib\</path>
         <kind>archive</kind>
         <file>csl5502x.lib</file>
         <name>dma_open.obj</name>
      </input_file>
      <input_file id="fl-64">
         <path>C:\Users\caios\Documents\laboratorio integrado III\ezdsp5502_v1\C55xxCSL\lib\</path>
         <kind>archive</kind>
         <file>csl5502x.lib</file>
         <name>dma_reset.obj</name>
      </input_file>
      <input_file id="fl-65">
         <path>C:\Users\caios\Documents\laboratorio integrado III\ezdsp5502_v1\C55xxCSL\lib\</path>
         <kind>archive</kind>
         <file>csl5502x.lib</file>
         <name>gpio_dir.obj</name>
      </input_file>
      <input_file id="fl-66">
         <path>C:\Users\caios\Documents\laboratorio integrado III\ezdsp5502_v1\C55xxCSL\lib\</path>
         <kind>archive</kind>
         <file>csl5502x.lib</file>
         <name>gpio_enab.obj</name>
      </input_file>
      <input_file id="fl-67">
         <path>C:\Users\caios\Documents\laboratorio integrado III\ezdsp5502_v1\C55xxCSL\lib\</path>
         <kind>archive</kind>
         <file>csl5502x.lib</file>
         <name>gpio_open.obj</name>
      </input_file>
      <input_file id="fl-68">
         <path>C:\Users\caios\Documents\laboratorio integrado III\ezdsp5502_v1\C55xxCSL\lib\</path>
         <kind>archive</kind>
         <file>csl5502x.lib</file>
         <name>gpio_read.obj</name>
      </input_file>
      <input_file id="fl-69">
         <path>C:\Users\caios\Documents\laboratorio integrado III\ezdsp5502_v1\C55xxCSL\lib\</path>
         <kind>archive</kind>
         <file>csl5502x.lib</file>
         <name>gpio_write.obj</name>
      </input_file>
      <input_file id="fl-6a">
         <path>C:\Users\caios\Documents\laboratorio integrado III\ezdsp5502_v1\C55xxCSL\lib\</path>
         <kind>archive</kind>
         <file>csl5502x.lib</file>
         <name>gpt_cfg.obj</name>
      </input_file>
      <input_file id="fl-6b">
         <path>C:\Users\caios\Documents\laboratorio integrado III\ezdsp5502_v1\C55xxCSL\lib\</path>
         <kind>archive</kind>
         <file>csl5502x.lib</file>
         <name>gpt_open.obj</name>
      </input_file>
      <input_file id="fl-6c">
         <path>C:\Users\caios\Documents\laboratorio integrado III\ezdsp5502_v1\C55xxCSL\lib\</path>
         <kind>archive</kind>
         <file>csl5502x.lib</file>
         <name>gpt_rstt.obj</name>
      </input_file>
      <input_file id="fl-6d">
         <path>C:\Users\caios\Documents\laboratorio integrado III\ezdsp5502_v1\C55xxCSL\lib\</path>
         <kind>archive</kind>
         <file>csl5502x.lib</file>
         <name>gpt_start12.obj</name>
      </input_file>
      <input_file id="fl-6e">
         <path>C:\Users\caios\Documents\laboratorio integrado III\ezdsp5502_v1\C55xxCSL\lib\</path>
         <kind>archive</kind>
         <file>csl5502x.lib</file>
         <name>gpt_stpgp12.obj</name>
      </input_file>
      <input_file id="fl-6f">
         <path>C:\Users\caios\Documents\laboratorio integrado III\ezdsp5502_v1\C55xxCSL\lib\</path>
         <kind>archive</kind>
         <file>csl5502x.lib</file>
         <name>i2c_cfg.obj</name>
      </input_file>
      <input_file id="fl-70">
         <path>C:\Users\caios\Documents\laboratorio integrado III\ezdsp5502_v1\C55xxCSL\lib\</path>
         <kind>archive</kind>
         <file>csl5502x.lib</file>
         <name>i2c_read.obj</name>
      </input_file>
      <input_file id="fl-71">
         <path>C:\Users\caios\Documents\laboratorio integrado III\ezdsp5502_v1\C55xxCSL\lib\</path>
         <kind>archive</kind>
         <file>csl5502x.lib</file>
         <name>i2c_write.obj</name>
      </input_file>
      <input_file id="fl-72">
         <path>C:\Users\caios\Documents\laboratorio integrado III\ezdsp5502_v1\C55xxCSL\lib\</path>
         <kind>archive</kind>
         <file>csl5502x.lib</file>
         <name>irq_clear.obj</name>
      </input_file>
      <input_file id="fl-73">
         <path>C:\Users\caios\Documents\laboratorio integrado III\ezdsp5502_v1\C55xxCSL\lib\</path>
         <kind>archive</kind>
         <file>csl5502x.lib</file>
         <name>irq_disa.obj</name>
      </input_file>
      <input_file id="fl-74">
         <path>C:\Users\caios\Documents\laboratorio integrado III\ezdsp5502_v1\C55xxCSL\lib\</path>
         <kind>archive</kind>
         <file>csl5502x.lib</file>
         <name>irq_enab.obj</name>
      </input_file>
      <input_file id="fl-75">
         <path>C:\Users\caios\Documents\laboratorio integrado III\ezdsp5502_v1\C55xxCSL\lib\</path>
         <kind>archive</kind>
         <file>csl5502x.lib</file>
         <name>irq_gdisab.obj</name>
      </input_file>
      <input_file id="fl-76">
         <path>C:\Users\caios\Documents\laboratorio integrado III\ezdsp5502_v1\C55xxCSL\lib\</path>
         <kind>archive</kind>
         <file>csl5502x.lib</file>
         <name>irq_genab.obj</name>
      </input_file>
      <input_file id="fl-77">
         <path>C:\Users\caios\Documents\laboratorio integrado III\ezdsp5502_v1\C55xxCSL\lib\</path>
         <kind>archive</kind>
         <file>csl5502x.lib</file>
         <name>irq_grest.obj</name>
      </input_file>
      <input_file id="fl-78">
         <path>C:\Users\caios\Documents\laboratorio integrado III\ezdsp5502_v1\C55xxCSL\lib\</path>
         <kind>archive</kind>
         <file>csl5502x.lib</file>
         <name>irq_pluga.obj</name>
      </input_file>
      <input_file id="fl-79">
         <path>C:\Users\caios\Documents\laboratorio integrado III\ezdsp5502_v1\C55xxCSL\lib\</path>
         <kind>archive</kind>
         <file>csl5502x.lib</file>
         <name>irq_setvecs.obj</name>
      </input_file>
      <input_file id="fl-7a">
         <path>C:\Users\caios\Documents\laboratorio integrado III\ezdsp5502_v1\C55xxCSL\lib\</path>
         <kind>archive</kind>
         <file>csl5502x.lib</file>
         <name>mcbsp_cfg.obj</name>
      </input_file>
      <input_file id="fl-7b">
         <path>C:\Users\caios\Documents\laboratorio integrado III\ezdsp5502_v1\C55xxCSL\lib\</path>
         <kind>archive</kind>
         <file>csl5502x.lib</file>
         <name>mcbsp_cls.obj</name>
      </input_file>
      <input_file id="fl-7c">
         <path>C:\Users\caios\Documents\laboratorio integrado III\ezdsp5502_v1\C55xxCSL\lib\</path>
         <kind>archive</kind>
         <file>csl5502x.lib</file>
         <name>mcbsp_open.obj</name>
      </input_file>
      <input_file id="fl-7d">
         <path>C:\Users\caios\Documents\laboratorio integrado III\ezdsp5502_v1\C55xxCSL\lib\</path>
         <kind>archive</kind>
         <file>csl5502x.lib</file>
         <name>mcbsp_r16.obj</name>
      </input_file>
      <input_file id="fl-7e">
         <path>C:\Users\caios\Documents\laboratorio integrado III\ezdsp5502_v1\C55xxCSL\lib\</path>
         <kind>archive</kind>
         <file>csl5502x.lib</file>
         <name>mcbsp_rst.obj</name>
      </input_file>
      <input_file id="fl-7f">
         <path>C:\Users\caios\Documents\laboratorio integrado III\ezdsp5502_v1\C55xxCSL\lib\</path>
         <kind>archive</kind>
         <file>csl5502x.lib</file>
         <name>mcbsp_start.obj</name>
      </input_file>
      <input_file id="fl-80">
         <path>C:\Users\caios\Documents\laboratorio integrado III\ezdsp5502_v1\C55xxCSL\lib\</path>
         <kind>archive</kind>
         <file>csl5502x.lib</file>
         <name>mcbsp_w16.obj</name>
      </input_file>
      <input_file id="fl-81">
         <path>C:\Users\caios\Documents\laboratorio integrado III\ezdsp5502_v1\C55xxCSL\lib\</path>
         <kind>archive</kind>
         <file>csl5502x.lib</file>
         <name>pll_cfg.obj</name>
      </input_file>
      <input_file id="fl-82">
         <path>C:\Users\caios\Documents\laboratorio integrado III\ezdsp5502_v1\C55xxCSL\lib\</path>
         <kind>archive</kind>
         <file>csl5502x.lib</file>
         <name>pll_setfrq.obj</name>
      </input_file>
      <input_file id="fl-83">
         <path>C:\Users\caios\Documents\laboratorio integrado III\ezdsp5502_v1\C55xxCSL\lib\</path>
         <kind>archive</kind>
         <file>csl5502x.lib</file>
         <name>csl_dmadat.obj</name>
      </input_file>
      <input_file id="fl-84">
         <path>C:\Users\caios\Documents\laboratorio integrado III\ezdsp5502_v1\C55xxCSL\lib\</path>
         <kind>archive</kind>
         <file>csl5502x.lib</file>
         <name>csl_gpiodat.obj</name>
      </input_file>
      <input_file id="fl-85">
         <path>C:\Users\caios\Documents\laboratorio integrado III\ezdsp5502_v1\C55xxCSL\lib\</path>
         <kind>archive</kind>
         <file>csl5502x.lib</file>
         <name>csl_gptdat.obj</name>
      </input_file>
      <input_file id="fl-86">
         <path>C:\Users\caios\Documents\laboratorio integrado III\ezdsp5502_v1\C55xxCSL\lib\</path>
         <kind>archive</kind>
         <file>csl5502x.lib</file>
         <name>csl_mcbspdat.obj</name>
      </input_file>
   </input_file_list>
   <object_component_list>
      <object_component id="oc-9e">
         <name>.text</name>
         <load_address>0x300</load_address>
         <run_address>0x300</run_address>
         <size>0x15a4</size>
         <input_file_ref idref="fl-34"/>
      </object_component>
      <object_component id="oc-3d">
         <name>.text</name>
         <load_address>0x18a4</load_address>
         <run_address>0x18a4</run_address>
         <size>0x6cc</size>
         <input_file_ref idref="fl-8"/>
      </object_component>
      <object_component id="oc-e4">
         <name>.text</name>
         <load_address>0x1f70</load_address>
         <run_address>0x1f70</run_address>
         <size>0x543</size>
         <input_file_ref idref="fl-45"/>
      </object_component>
      <object_component id="oc-10c">
         <name>.text</name>
         <load_address>0x24b3</load_address>
         <run_address>0x24b3</run_address>
         <size>0x528</size>
         <input_file_ref idref="fl-4e"/>
      </object_component>
      <object_component id="oc-135">
         <name>.text</name>
         <load_address>0x29db</load_address>
         <run_address>0x29db</run_address>
         <size>0x4b5</size>
         <input_file_ref idref="fl-57"/>
      </object_component>
      <object_component id="oc-b6">
         <name>.text</name>
         <load_address>0x2e90</load_address>
         <run_address>0x2e90</run_address>
         <size>0x3cc</size>
         <input_file_ref idref="fl-3a"/>
      </object_component>
      <object_component id="oc-14">
         <name>.text</name>
         <load_address>0x325c</load_address>
         <run_address>0x325c</run_address>
         <size>0x381</size>
         <input_file_ref idref="fl-2"/>
      </object_component>
      <object_component id="oc-12f">
         <name>.text</name>
         <load_address>0x35dd</load_address>
         <run_address>0x35dd</run_address>
         <size>0x27f</size>
         <input_file_ref idref="fl-56"/>
      </object_component>
      <object_component id="oc-180">
         <name>.text:MCBSP_reset</name>
         <load_address>0x385c</load_address>
         <run_address>0x385c</run_address>
         <size>0x261</size>
         <input_file_ref idref="fl-7e"/>
      </object_component>
      <object_component id="oc-dc">
         <name>.text</name>
         <load_address>0x3abd</load_address>
         <run_address>0x3abd</run_address>
         <size>0x25e</size>
         <input_file_ref idref="fl-43"/>
      </object_component>
      <object_component id="oc-5d">
         <name>.text</name>
         <load_address>0x3d1b</load_address>
         <run_address>0x3d1b</run_address>
         <size>0x25a</size>
         <input_file_ref idref="fl-26"/>
      </object_component>
      <object_component id="oc-22">
         <name>.text</name>
         <load_address>0x3f75</load_address>
         <run_address>0x3f75</run_address>
         <size>0x249</size>
         <input_file_ref idref="fl-4"/>
      </object_component>
      <object_component id="oc-2c">
         <name>.text:retain</name>
         <load_address>0x41be</load_address>
         <run_address>0x41be</run_address>
         <size>0x222</size>
         <input_file_ref idref="fl-5"/>
      </object_component>
      <object_component id="oc-154">
         <name>.text</name>
         <load_address>0x43e0</load_address>
         <run_address>0x43e0</run_address>
         <size>0x20c</size>
         <input_file_ref idref="fl-5d"/>
      </object_component>
      <object_component id="oc-84">
         <name>.text</name>
         <load_address>0x45ec</load_address>
         <run_address>0x45ec</run_address>
         <size>0x1f2</size>
         <input_file_ref idref="fl-2f"/>
      </object_component>
      <object_component id="oc-65">
         <name>.text</name>
         <load_address>0x47de</load_address>
         <run_address>0x47de</run_address>
         <size>0x1ea</size>
         <input_file_ref idref="fl-28"/>
      </object_component>
      <object_component id="oc-27">
         <name>.text</name>
         <load_address>0x49c8</load_address>
         <run_address>0x49c8</run_address>
         <size>0x1cf</size>
         <input_file_ref idref="fl-5"/>
      </object_component>
      <object_component id="oc-166">
         <name>.text:DMA_reset</name>
         <load_address>0x4b98</load_address>
         <run_address>0x4b98</run_address>
         <size>0x1ca</size>
         <input_file_ref idref="fl-64"/>
      </object_component>
      <object_component id="oc-94">
         <name>.text</name>
         <load_address>0x4d62</load_address>
         <run_address>0x4d62</run_address>
         <size>0x2</size>
         <input_file_ref idref="fl-32"/>
      </object_component>
      <object_component id="oc-173">
         <name>.text:I2C_write</name>
         <load_address>0x4d64</load_address>
         <run_address>0x4d64</run_address>
         <size>0x18e</size>
         <input_file_ref idref="fl-71"/>
      </object_component>
      <object_component id="oc-30">
         <name>.text</name>
         <load_address>0x4ef2</load_address>
         <run_address>0x4ef2</run_address>
         <size>0x18b</size>
         <input_file_ref idref="fl-6"/>
      </object_component>
      <object_component id="oc-50">
         <name>.text</name>
         <load_address>0x507d</load_address>
         <run_address>0x507d</run_address>
         <size>0x168</size>
         <input_file_ref idref="fl-b"/>
      </object_component>
      <object_component id="oc-cb">
         <name>.text</name>
         <load_address>0x51e5</load_address>
         <run_address>0x51e5</run_address>
         <size>0x163</size>
         <input_file_ref idref="fl-3f"/>
      </object_component>
      <object_component id="oc-172">
         <name>.text:I2C_read</name>
         <load_address>0x5348</load_address>
         <run_address>0x5348</run_address>
         <size>0x15d</size>
         <input_file_ref idref="fl-70"/>
      </object_component>
      <object_component id="oc-14a">
         <name>.text</name>
         <load_address>0x54a5</load_address>
         <run_address>0x54a5</run_address>
         <size>0x14e</size>
         <input_file_ref idref="fl-5b"/>
      </object_component>
      <object_component id="oc-7c">
         <name>.text</name>
         <load_address>0x55f3</load_address>
         <run_address>0x55f3</run_address>
         <size>0x14c</size>
         <input_file_ref idref="fl-2d"/>
      </object_component>
      <object_component id="oc-17c">
         <name>.text:MCBSP_config</name>
         <load_address>0x5740</load_address>
         <run_address>0x5740</run_address>
         <size>0x130</size>
         <input_file_ref idref="fl-7a"/>
      </object_component>
      <object_component id="oc-164">
         <name>.text:DMA_config</name>
         <load_address>0x5870</load_address>
         <run_address>0x5870</run_address>
         <size>0x10e</size>
         <input_file_ref idref="fl-62"/>
      </object_component>
      <object_component id="oc-35">
         <name>.text</name>
         <load_address>0x597e</load_address>
         <run_address>0x597e</run_address>
         <size>0xef</size>
         <input_file_ref idref="fl-7"/>
      </object_component>
      <object_component id="oc-58">
         <name>.text</name>
         <load_address>0x5a6d</load_address>
         <run_address>0x5a6d</run_address>
         <size>0x2</size>
         <input_file_ref idref="fl-c"/>
      </object_component>
      <object_component id="oc-17e">
         <name>.text:MCBSP_open</name>
         <load_address>0x5a70</load_address>
         <run_address>0x5a70</run_address>
         <size>0xee</size>
         <input_file_ref idref="fl-7c"/>
      </object_component>
      <object_component id="oc-12b">
         <name>.text</name>
         <load_address>0x5b5e</load_address>
         <run_address>0x5b5e</run_address>
         <size>0xe6</size>
         <input_file_ref idref="fl-55"/>
      </object_component>
      <object_component id="oc-11b">
         <name>.text</name>
         <load_address>0x5c44</load_address>
         <run_address>0x5c44</run_address>
         <size>0xdd</size>
         <input_file_ref idref="fl-51"/>
      </object_component>
      <object_component id="oc-16e">
         <name>.text:GPT_reset</name>
         <load_address>0x5d24</load_address>
         <run_address>0x5d24</run_address>
         <size>0xd5</size>
         <input_file_ref idref="fl-6c"/>
      </object_component>
      <object_component id="oc-165">
         <name>.text:DMA_open</name>
         <load_address>0x5dfc</load_address>
         <run_address>0x5dfc</run_address>
         <size>0xcb</size>
         <input_file_ref idref="fl-63"/>
      </object_component>
      <object_component id="oc-16d">
         <name>.text:GPT_open</name>
         <load_address>0x5ec8</load_address>
         <run_address>0x5ec8</run_address>
         <size>0xc3</size>
         <input_file_ref idref="fl-6b"/>
      </object_component>
      <object_component id="oc-123">
         <name>.text</name>
         <load_address>0x5f8b</load_address>
         <run_address>0x5f8b</run_address>
         <size>0xc2</size>
         <input_file_ref idref="fl-53"/>
      </object_component>
      <object_component id="oc-f6">
         <name>.text</name>
         <load_address>0x604d</load_address>
         <run_address>0x604d</run_address>
         <size>0xbf</size>
         <input_file_ref idref="fl-49"/>
      </object_component>
      <object_component id="oc-114">
         <name>.text:CIO_breakpoint</name>
         <load_address>0x610c</load_address>
         <run_address>0x610c</run_address>
         <size>0xba</size>
         <input_file_ref idref="fl-4f"/>
      </object_component>
      <object_component id="oc-144">
         <name>.text</name>
         <load_address>0x61c6</load_address>
         <run_address>0x61c6</run_address>
         <size>0xba</size>
         <input_file_ref idref="fl-5a"/>
      </object_component>
      <object_component id="oc-183">
         <name>.text:PLL_config</name>
         <load_address>0x6280</load_address>
         <run_address>0x6280</run_address>
         <size>0xae</size>
         <input_file_ref idref="fl-81"/>
      </object_component>
      <object_component id="oc-184">
         <name>.text</name>
         <load_address>0x6330</load_address>
         <run_address>0x6330</run_address>
         <size>0xa8</size>
         <input_file_ref idref="fl-82"/>
      </object_component>
      <object_component id="oc-c7">
         <name>.text</name>
         <load_address>0x63d8</load_address>
         <run_address>0x63d8</run_address>
         <size>0xa6</size>
         <input_file_ref idref="fl-3e"/>
      </object_component>
      <object_component id="oc-ba">
         <name>.text</name>
         <load_address>0x647e</load_address>
         <run_address>0x647e</run_address>
         <size>0xa1</size>
         <input_file_ref idref="fl-3b"/>
      </object_component>
      <object_component id="oc-1c">
         <name>.text</name>
         <load_address>0x651f</load_address>
         <run_address>0x651f</run_address>
         <size>0x8c</size>
         <input_file_ref idref="fl-3"/>
      </object_component>
      <object_component id="oc-17a">
         <name>.text</name>
         <load_address>0x65ab</load_address>
         <run_address>0x65ab</run_address>
         <size>0x89</size>
         <input_file_ref idref="fl-78"/>
      </object_component>
      <object_component id="oc-181">
         <name>.text:MCBSP_start</name>
         <load_address>0x6634</load_address>
         <run_address>0x6634</run_address>
         <size>0x82</size>
         <input_file_ref idref="fl-7f"/>
      </object_component>
      <object_component id="oc-ea">
         <name>.text</name>
         <load_address>0x66b6</load_address>
         <run_address>0x66b6</run_address>
         <size>0x7d</size>
         <input_file_ref idref="fl-46"/>
      </object_component>
      <object_component id="oc-16c">
         <name>.text:GPT_config</name>
         <load_address>0x6734</load_address>
         <run_address>0x6734</run_address>
         <size>0x7b</size>
         <input_file_ref idref="fl-6a"/>
      </object_component>
      <object_component id="oc-13c">
         <name>.text</name>
         <load_address>0x67af</load_address>
         <run_address>0x67af</run_address>
         <size>0x7b</size>
         <input_file_ref idref="fl-58"/>
      </object_component>
      <object_component id="oc-d0">
         <name>.text</name>
         <load_address>0x682a</load_address>
         <run_address>0x682a</run_address>
         <size>0x76</size>
         <input_file_ref idref="fl-40"/>
      </object_component>
      <object_component id="oc-d4">
         <name>.text</name>
         <load_address>0x68a0</load_address>
         <run_address>0x68a0</run_address>
         <size>0x73</size>
         <input_file_ref idref="fl-41"/>
      </object_component>
      <object_component id="oc-171">
         <name>.text:I2C_config</name>
         <load_address>0x6914</load_address>
         <run_address>0x6914</run_address>
         <size>0x72</size>
         <input_file_ref idref="fl-6f"/>
      </object_component>
      <object_component id="oc-103">
         <name>.text</name>
         <load_address>0x6986</load_address>
         <run_address>0x6986</run_address>
         <size>0x72</size>
         <input_file_ref idref="fl-4c"/>
      </object_component>
      <object_component id="oc-175">
         <name>.text:IRQ_disable</name>
         <load_address>0x69f8</load_address>
         <run_address>0x69f8</run_address>
         <size>0x6f</size>
         <input_file_ref idref="fl-73"/>
      </object_component>
      <object_component id="oc-15a">
         <name>.text</name>
         <load_address>0x6a67</load_address>
         <run_address>0x6a67</run_address>
         <size>0x6f</size>
         <input_file_ref idref="fl-5e"/>
      </object_component>
      <object_component id="oc-74">
         <name>.text</name>
         <load_address>0x6ad6</load_address>
         <run_address>0x6ad6</run_address>
         <size>0x6f</size>
         <input_file_ref idref="fl-2b"/>
      </object_component>
      <object_component id="oc-14f">
         <name>.text</name>
         <load_address>0x6b45</load_address>
         <run_address>0x6b45</run_address>
         <size>0x6d</size>
         <input_file_ref idref="fl-5c"/>
      </object_component>
      <object_component id="oc-111">
         <name>.text</name>
         <load_address>0x6bb2</load_address>
         <run_address>0x6bb2</run_address>
         <size>0x6d</size>
         <input_file_ref idref="fl-4f"/>
      </object_component>
      <object_component id="oc-127">
         <name>.text</name>
         <load_address>0x6c1f</load_address>
         <run_address>0x6c1f</run_address>
         <size>0x6b</size>
         <input_file_ref idref="fl-54"/>
      </object_component>
      <object_component id="oc-176">
         <name>.text:IRQ_enable</name>
         <load_address>0x6c8c</load_address>
         <run_address>0x6c8c</run_address>
         <size>0x68</size>
         <input_file_ref idref="fl-74"/>
      </object_component>
      <object_component id="oc-c2">
         <name>.text</name>
         <load_address>0x6cf4</load_address>
         <run_address>0x6cf4</run_address>
         <size>0x67</size>
         <input_file_ref idref="fl-3d"/>
      </object_component>
      <object_component id="oc-107">
         <name>.text</name>
         <load_address>0x6d5b</load_address>
         <run_address>0x6d5b</run_address>
         <size>0x5f</size>
         <input_file_ref idref="fl-4d"/>
      </object_component>
      <object_component id="oc-a8">
         <name>.text</name>
         <load_address>0x6dba</load_address>
         <run_address>0x6dba</run_address>
         <size>0x5c</size>
         <input_file_ref idref="fl-36"/>
      </object_component>
      <object_component id="oc-80">
         <name>.text</name>
         <load_address>0x6e16</load_address>
         <run_address>0x6e16</run_address>
         <size>0x50</size>
         <input_file_ref idref="fl-2e"/>
      </object_component>
      <object_component id="oc-169">
         <name>.text:GPIO_open</name>
         <load_address>0x6e68</load_address>
         <run_address>0x6e68</run_address>
         <size>0x4f</size>
         <input_file_ref idref="fl-67"/>
      </object_component>
      <object_component id="oc-ac">
         <name>.text</name>
         <load_address>0x6eb7</load_address>
         <run_address>0x6eb7</run_address>
         <size>0x4d</size>
         <input_file_ref idref="fl-37"/>
      </object_component>
      <object_component id="oc-a4">
         <name>.text</name>
         <load_address>0x6f04</load_address>
         <run_address>0x6f04</run_address>
         <size>0x4b</size>
         <input_file_ref idref="fl-35"/>
      </object_component>
      <object_component id="oc-ff">
         <name>.text</name>
         <load_address>0x6f4f</load_address>
         <run_address>0x6f4f</run_address>
         <size>0x4b</size>
         <input_file_ref idref="fl-4b"/>
      </object_component>
      <object_component id="oc-11f">
         <name>.text</name>
         <load_address>0x6f9a</load_address>
         <run_address>0x6f9a</run_address>
         <size>0x48</size>
         <input_file_ref idref="fl-52"/>
      </object_component>
      <object_component id="oc-8f">
         <name>.text</name>
         <load_address>0x6fe2</load_address>
         <run_address>0x6fe2</run_address>
         <size>0x41</size>
         <input_file_ref idref="fl-31"/>
      </object_component>
      <object_component id="oc-f2">
         <name>.text</name>
         <load_address>0x7023</load_address>
         <run_address>0x7023</run_address>
         <size>0x3f</size>
         <input_file_ref idref="fl-48"/>
      </object_component>
      <object_component id="oc-69">
         <name>.text</name>
         <load_address>0x7062</load_address>
         <run_address>0x7062</run_address>
         <size>0x3e</size>
         <input_file_ref idref="fl-29"/>
      </object_component>
      <object_component id="oc-78">
         <name>.text</name>
         <load_address>0x70a0</load_address>
         <run_address>0x70a0</run_address>
         <size>0x3c</size>
         <input_file_ref idref="fl-2c"/>
      </object_component>
      <object_component id="oc-174">
         <name>.text:IRQ_clear</name>
         <load_address>0x70dc</load_address>
         <run_address>0x70dc</run_address>
         <size>0x37</size>
         <input_file_ref idref="fl-72"/>
      </object_component>
      <object_component id="oc-17b">
         <name>.text:IRQ_setVecs</name>
         <load_address>0x7114</load_address>
         <run_address>0x7114</run_address>
         <size>0x37</size>
         <input_file_ref idref="fl-79"/>
      </object_component>
      <object_component id="oc-17d">
         <name>.text:MCBSP_close</name>
         <load_address>0x714c</load_address>
         <run_address>0x714c</run_address>
         <size>0x36</size>
         <input_file_ref idref="fl-7b"/>
      </object_component>
      <object_component id="oc-12">
         <name>.text</name>
         <load_address>0x7182</load_address>
         <run_address>0x7182</run_address>
         <size>0x34</size>
         <input_file_ref idref="fl-27"/>
      </object_component>
      <object_component id="oc-4b">
         <name>.text</name>
         <load_address>0x71b6</load_address>
         <run_address>0x71b6</run_address>
         <size>0x30</size>
         <input_file_ref idref="fl-a"/>
      </object_component>
      <object_component id="oc-70">
         <name>.text</name>
         <load_address>0x71e6</load_address>
         <run_address>0x71e6</run_address>
         <size>0x2a</size>
         <input_file_ref idref="fl-2a"/>
      </object_component>
      <object_component id="oc-117">
         <name>.text</name>
         <load_address>0x7210</load_address>
         <run_address>0x7210</run_address>
         <size>0x2a</size>
         <input_file_ref idref="fl-50"/>
      </object_component>
      <object_component id="oc-ee">
         <name>.text</name>
         <load_address>0x723a</load_address>
         <run_address>0x723a</run_address>
         <size>0x23</size>
         <input_file_ref idref="fl-47"/>
      </object_component>
      <object_component id="oc-170">
         <name>.text:GPT_stop12</name>
         <load_address>0x7260</load_address>
         <run_address>0x7260</run_address>
         <size>0x22</size>
         <input_file_ref idref="fl-6e"/>
      </object_component>
      <object_component id="oc-44">
         <name>.text</name>
         <load_address>0x7282</load_address>
         <run_address>0x7282</run_address>
         <size>0x22</size>
         <input_file_ref idref="fl-9"/>
      </object_component>
      <object_component id="oc-54">
         <name>.text:retain</name>
         <load_address>0x72a4</load_address>
         <run_address>0x72a4</run_address>
         <size>0x22</size>
         <input_file_ref idref="fl-b"/>
      </object_component>
      <object_component id="oc-16f">
         <name>.text:GPT_start12</name>
         <load_address>0x72c8</load_address>
         <run_address>0x72c8</run_address>
         <size>0x21</size>
         <input_file_ref idref="fl-6d"/>
      </object_component>
      <object_component id="oc-167">
         <name>.text:GPIO_pinDirection</name>
         <load_address>0x72ec</load_address>
         <run_address>0x72ec</run_address>
         <size>0x1f</size>
         <input_file_ref idref="fl-65"/>
      </object_component>
      <object_component id="oc-16b">
         <name>.text:GPIO_pinWrite</name>
         <load_address>0x730c</load_address>
         <run_address>0x730c</run_address>
         <size>0x1f</size>
         <input_file_ref idref="fl-69"/>
      </object_component>
      <object_component id="oc-d8">
         <name>.text</name>
         <load_address>0x732b</load_address>
         <run_address>0x732b</run_address>
         <size>0x1a</size>
         <input_file_ref idref="fl-42"/>
      </object_component>
      <object_component id="oc-16a">
         <name>.text:GPIO_pinRead</name>
         <load_address>0x7348</load_address>
         <run_address>0x7348</run_address>
         <size>0x14</size>
         <input_file_ref idref="fl-68"/>
      </object_component>
      <object_component id="oc-8b">
         <name>.text</name>
         <load_address>0x735c</load_address>
         <run_address>0x735c</run_address>
         <size>0x14</size>
         <input_file_ref idref="fl-30"/>
      </object_component>
      <object_component id="oc-168">
         <name>.text:GPIO_pinEnable</name>
         <load_address>0x7370</load_address>
         <run_address>0x7370</run_address>
         <size>0x13</size>
         <input_file_ref idref="fl-66"/>
      </object_component>
      <object_component id="oc-e0">
         <name>.text</name>
         <load_address>0x7383</load_address>
         <run_address>0x7383</run_address>
         <size>0x13</size>
         <input_file_ref idref="fl-44"/>
      </object_component>
      <object_component id="oc-98">
         <name>.text</name>
         <load_address>0x7396</load_address>
         <run_address>0x7396</run_address>
         <size>0x12</size>
         <input_file_ref idref="fl-33"/>
      </object_component>
      <object_component id="oc-fb">
         <name>.text</name>
         <load_address>0x73a8</load_address>
         <run_address>0x73a8</run_address>
         <size>0x10</size>
         <input_file_ref idref="fl-4a"/>
      </object_component>
      <object_component id="oc-177">
         <name>.text:IRQ_globalDisable</name>
         <load_address>0x73b8</load_address>
         <run_address>0x73b8</run_address>
         <size>0xf</size>
         <input_file_ref idref="fl-75"/>
      </object_component>
      <object_component id="oc-178">
         <name>.text:IRQ_globalEnable</name>
         <load_address>0x73c8</load_address>
         <run_address>0x73c8</run_address>
         <size>0xf</size>
         <input_file_ref idref="fl-76"/>
      </object_component>
      <object_component id="oc-15f">
         <name>.text:_CSL_init</name>
         <load_address>0x73d8</load_address>
         <run_address>0x73d8</run_address>
         <size>0xd</size>
         <input_file_ref idref="fl-5f"/>
      </object_component>
      <object_component id="oc-161">
         <name>.text:CSL_init</name>
         <load_address>0x73e8</load_address>
         <run_address>0x73e8</run_address>
         <size>0xc</size>
         <input_file_ref idref="fl-60"/>
      </object_component>
      <object_component id="oc-179">
         <name>.text:IRQ_globalRestore</name>
         <load_address>0x73f4</load_address>
         <run_address>0x73f4</run_address>
         <size>0xc</size>
         <input_file_ref idref="fl-77"/>
      </object_component>
      <object_component id="oc-be">
         <name>.text</name>
         <load_address>0x7400</load_address>
         <run_address>0x7400</run_address>
         <size>0xc</size>
         <input_file_ref idref="fl-3c"/>
      </object_component>
      <object_component id="oc-140">
         <name>.text</name>
         <load_address>0x740c</load_address>
         <run_address>0x740c</run_address>
         <size>0xa</size>
         <input_file_ref idref="fl-59"/>
      </object_component>
      <object_component id="oc-6d">
         <name>.text:CIO_breakpoint</name>
         <load_address>0x7416</load_address>
         <run_address>0x7416</run_address>
         <size>0x7</size>
         <input_file_ref idref="fl-29"/>
      </object_component>
      <object_component id="oc-17f">
         <name>.text:MCBSP_read16</name>
         <load_address>0x7420</load_address>
         <run_address>0x7420</run_address>
         <size>0x7</size>
         <input_file_ref idref="fl-7d"/>
      </object_component>
      <object_component id="oc-182">
         <name>.text:MCBSP_write16</name>
         <load_address>0x7428</load_address>
         <run_address>0x7428</run_address>
         <size>0x7</size>
         <input_file_ref idref="fl-80"/>
      </object_component>
      <object_component id="oc-160">
         <name>.text</name>
         <load_address>0x7430</load_address>
         <run_address>0x7430</run_address>
         <size>0x2</size>
         <input_file_ref idref="fl-60"/>
      </object_component>
      <object_component id="oc-61">
         <name>.stack</name>
         <load_address>0x9900</load_address>
         <run_address>0x9900</run_address>
         <size>0x0</size>
         <input_file_ref idref="fl-27"/>
      </object_component>
      <object_component id="oc-1ae">
         <name>.stack</name>
         <load_address>0x9900</load_address>
         <run_address>0x9900</run_address>
         <size>0x0</size>
      </object_component>
      <object_component id="oc-18d">
         <name>.sysstack</name>
         <load_address>0xd900</load_address>
         <run_address>0xd900</run_address>
         <size>0x0</size>
         <input_file_ref idref="fl-27"/>
      </object_component>
      <object_component id="oc-1b0">
         <name>.sysstack</name>
         <load_address>0xd900</load_address>
         <run_address>0xd900</run_address>
         <size>0x0</size>
      </object_component>
      <object_component id="oc-163">
         <name>.csldata:SYS_data</name>
         <load_address>0x1c8</load_address>
         <run_address>0x1c8</run_address>
         <size>0x44</size>
         <input_file_ref idref="fl-61"/>
      </object_component>
      <object_component id="oc-186">
         <name>.csldata:DMA_data</name>
         <load_address>0x0</load_address>
         <run_address>0x0</run_address>
         <size>0xfc</size>
         <input_file_ref idref="fl-83"/>
      </object_component>
      <object_component id="oc-188">
         <name>.csldata:GPIO_data</name>
         <load_address>0x20c</load_address>
         <run_address>0x20c</run_address>
         <size>0x40</size>
         <input_file_ref idref="fl-84"/>
      </object_component>
      <object_component id="oc-18a">
         <name>.csldata:GPT_data</name>
         <load_address>0x24c</load_address>
         <run_address>0x24c</run_address>
         <size>0x10</size>
         <input_file_ref idref="fl-85"/>
      </object_component>
      <object_component id="oc-18c">
         <name>.csldata:MCBSP_data</name>
         <load_address>0xfc</load_address>
         <run_address>0xfc</run_address>
         <size>0xcc</size>
         <input_file_ref idref="fl-86"/>
      </object_component>
      <object_component id="oc-15">
         <name>.bss</name>
         <load_address>0x7440</load_address>
         <run_address>0x7440</run_address>
         <size>0x1e14</size>
         <input_file_ref idref="fl-2"/>
      </object_component>
      <object_component id="oc-b2">
         <name>.bss</name>
         <load_address>0x9254</load_address>
         <run_address>0x9254</run_address>
         <size>0x232</size>
         <input_file_ref idref="fl-39"/>
      </object_component>
      <object_component id="oc-10d">
         <name>.bss</name>
         <load_address>0x9486</load_address>
         <run_address>0x9486</run_address>
         <size>0x1a0</size>
         <input_file_ref idref="fl-4e"/>
      </object_component>
      <object_component id="oc-3e">
         <name>.bss</name>
         <load_address>0x9626</load_address>
         <run_address>0x9626</run_address>
         <size>0x10e</size>
         <input_file_ref idref="fl-8"/>
      </object_component>
      <object_component id="oc-e5">
         <name>.bss</name>
         <load_address>0x9734</load_address>
         <run_address>0x9734</run_address>
         <size>0xe2</size>
         <input_file_ref idref="fl-45"/>
      </object_component>
      <object_component id="oc-130">
         <name>.bss</name>
         <load_address>0x9816</load_address>
         <run_address>0x9816</run_address>
         <size>0x2</size>
         <input_file_ref idref="fl-56"/>
      </object_component>
      <object_component id="oc-28">
         <name>.bss</name>
         <load_address>0x9818</load_address>
         <run_address>0x9818</run_address>
         <size>0x60</size>
         <input_file_ref idref="fl-5"/>
      </object_component>
      <object_component id="oc-51">
         <name>.bss</name>
         <load_address>0x9878</load_address>
         <run_address>0x9878</run_address>
         <size>0x24</size>
         <input_file_ref idref="fl-b"/>
      </object_component>
      <object_component id="oc-45">
         <name>.bss</name>
         <load_address>0x989c</load_address>
         <run_address>0x989c</run_address>
         <size>0x14</size>
         <input_file_ref idref="fl-9"/>
      </object_component>
      <object_component id="oc-155">
         <name>.bss</name>
         <load_address>0x98b0</load_address>
         <run_address>0x98b0</run_address>
         <size>0x10</size>
         <input_file_ref idref="fl-5d"/>
      </object_component>
      <object_component id="oc-85">
         <name>.bss</name>
         <load_address>0x98c0</load_address>
         <run_address>0x98c0</run_address>
         <size>0x10</size>
         <input_file_ref idref="fl-2f"/>
      </object_component>
      <object_component id="oc-136">
         <name>.bss</name>
         <load_address>0x98d0</load_address>
         <run_address>0x98d0</run_address>
         <size>0xc</size>
         <input_file_ref idref="fl-57"/>
      </object_component>
      <object_component id="oc-99">
         <name>.bss</name>
         <load_address>0x98dc</load_address>
         <run_address>0x98dc</run_address>
         <size>0x8</size>
         <input_file_ref idref="fl-33"/>
      </object_component>
      <object_component id="oc-6a">
         <name>.bss</name>
         <load_address>0x98e4</load_address>
         <run_address>0x98e4</run_address>
         <size>0x8</size>
         <input_file_ref idref="fl-29"/>
      </object_component>
      <object_component id="oc-36">
         <name>.bss</name>
         <load_address>0x98ec</load_address>
         <run_address>0x98ec</run_address>
         <size>0x6</size>
         <input_file_ref idref="fl-7"/>
      </object_component>
      <object_component id="oc-145">
         <name>.bss</name>
         <load_address>0x98f4</load_address>
         <run_address>0x98f4</run_address>
         <size>0x4</size>
         <input_file_ref idref="fl-5a"/>
      </object_component>
      <object_component id="oc-190">
         <name>.const:__ctypes_</name>
         <load_address>0xf8c0</load_address>
         <run_address>0xf8c0</run_address>
         <size>0x202</size>
         <input_file_ref idref="fl-38"/>
      </object_component>
      <object_component id="oc-18e">
         <name>.const:_$P$T0$1</name>
         <load_address>0xfac2</load_address>
         <run_address>0xfac2</run_address>
         <size>0x60</size>
         <input_file_ref idref="fl-4"/>
      </object_component>
      <object_component id="oc-a1">
         <name>.const:.string</name>
         <load_address>0xfb24</load_address>
         <run_address>0xfb24</run_address>
         <size>0x48</size>
         <input_file_ref idref="fl-34"/>
      </object_component>
      <object_component id="oc-1e">
         <name>.const:.string</name>
         <load_address>0xfb6c</load_address>
         <run_address>0xfb6c</run_address>
         <size>0x3c</size>
         <input_file_ref idref="fl-3"/>
      </object_component>
      <object_component id="oc-192">
         <name>.const:_$P$T0$1</name>
         <load_address>0xfba8</load_address>
         <run_address>0xfba8</run_address>
         <size>0x36</size>
         <input_file_ref idref="fl-5a"/>
      </object_component>
      <object_component id="oc-88">
         <name>.const</name>
         <load_address>0xfbe0</load_address>
         <run_address>0xfbe0</run_address>
         <size>0x28</size>
         <input_file_ref idref="fl-2f"/>
      </object_component>
      <object_component id="oc-a0">
         <name>.const</name>
         <load_address>0xfc08</load_address>
         <run_address>0xfc08</run_address>
         <size>0x18</size>
         <input_file_ref idref="fl-34"/>
      </object_component>
      <object_component id="oc-193">
         <name>.const:_$P$T0$1</name>
         <load_address>0xfc20</load_address>
         <run_address>0xfc20</run_address>
         <size>0x14</size>
         <input_file_ref idref="fl-5c"/>
      </object_component>
      <object_component id="oc-39">
         <name>.const:.string</name>
         <load_address>0xfc34</load_address>
         <run_address>0xfc34</run_address>
         <size>0x12</size>
         <input_file_ref idref="fl-7"/>
      </object_component>
      <object_component id="oc-191">
         <name>.const:_initial_approx$1</name>
         <load_address>0xfc46</load_address>
         <run_address>0xfc46</run_address>
         <size>0x10</size>
         <input_file_ref idref="fl-3a"/>
      </object_component>
      <object_component id="oc-18">
         <name>.const</name>
         <load_address>0xfc58</load_address>
         <run_address>0xfc58</run_address>
         <size>0x10</size>
         <input_file_ref idref="fl-2"/>
      </object_component>
      <object_component id="oc-109">
         <name>.const</name>
         <load_address>0xfc68</load_address>
         <run_address>0xfc68</run_address>
         <size>0x10</size>
         <input_file_ref idref="fl-4d"/>
      </object_component>
      <object_component id="oc-f8">
         <name>.const</name>
         <load_address>0xfc78</load_address>
         <run_address>0xfc78</run_address>
         <size>0xc</size>
         <input_file_ref idref="fl-49"/>
      </object_component>
      <object_component id="oc-91">
         <name>.const</name>
         <load_address>0xfc84</load_address>
         <run_address>0xfc84</run_address>
         <size>0x8</size>
         <input_file_ref idref="fl-31"/>
      </object_component>
      <object_component id="oc-cd">
         <name>.const:.string</name>
         <load_address>0xfc8c</load_address>
         <run_address>0xfc8c</run_address>
         <size>0x4</size>
         <input_file_ref idref="fl-3f"/>
      </object_component>
      <object_component id="oc-c4">
         <name>.const</name>
         <load_address>0xfc90</load_address>
         <run_address>0xfc90</run_address>
         <size>0x4</size>
         <input_file_ref idref="fl-3d"/>
      </object_component>
      <object_component id="oc-139">
         <name>.sysmem</name>
         <uninitialized>true</uninitialized>
         <run_address>0xb900</run_address>
         <size>0x0</size>
         <input_file_ref idref="fl-57"/>
      </object_component>
      <object_component id="oc-1af">
         <name>.sysmem</name>
         <uninitialized>true</uninitialized>
         <run_address>0xb900</run_address>
         <size>0x0</size>
      </object_component>
      <object_component id="oc-18f">
         <name>.switch:_printLetterT</name>
         <load_address>0xfc94</load_address>
         <run_address>0xfc94</run_address>
         <size>0x68</size>
         <input_file_ref idref="fl-8"/>
      </object_component>
      <object_component id="oc-40">
         <name>.cinit</name>
         <load_address>0xf340</load_address>
         <run_address>0xf340</run_address>
         <size>0x114</size>
         <input_file_ref idref="fl-8"/>
      </object_component>
      <object_component id="oc-185">
         <name>.cinit</name>
         <load_address>0xf454</load_address>
         <run_address>0xf454</run_address>
         <size>0x102</size>
         <input_file_ref idref="fl-83"/>
      </object_component>
      <object_component id="oc-18b">
         <name>.cinit</name>
         <load_address>0xf556</load_address>
         <run_address>0xf556</run_address>
         <size>0xd2</size>
         <input_file_ref idref="fl-86"/>
      </object_component>
      <object_component id="oc-e7">
         <name>.cinit</name>
         <load_address>0xf628</load_address>
         <run_address>0xf628</run_address>
         <size>0x5a</size>
         <input_file_ref idref="fl-45"/>
      </object_component>
      <object_component id="oc-2a">
         <name>.cinit</name>
         <load_address>0xf682</load_address>
         <run_address>0xf682</run_address>
         <size>0x58</size>
         <input_file_ref idref="fl-5"/>
      </object_component>
      <object_component id="oc-b4">
         <name>.cinit</name>
         <load_address>0xf6da</load_address>
         <run_address>0xf6da</run_address>
         <size>0x54</size>
         <input_file_ref idref="fl-39"/>
      </object_component>
      <object_component id="oc-162">
         <name>.cinit</name>
         <load_address>0xf72e</load_address>
         <run_address>0xf72e</run_address>
         <size>0x4a</size>
         <input_file_ref idref="fl-61"/>
      </object_component>
      <object_component id="oc-187">
         <name>.cinit</name>
         <load_address>0xf778</load_address>
         <run_address>0xf778</run_address>
         <size>0x46</size>
         <input_file_ref idref="fl-84"/>
      </object_component>
      <object_component id="oc-17">
         <name>.cinit</name>
         <load_address>0xf7be</load_address>
         <run_address>0xf7be</run_address>
         <size>0x36</size>
         <input_file_ref idref="fl-2"/>
      </object_component>
      <object_component id="oc-53">
         <name>.cinit</name>
         <load_address>0xf7f4</load_address>
         <run_address>0xf7f4</run_address>
         <size>0x2e</size>
         <input_file_ref idref="fl-b"/>
      </object_component>
      <object_component id="oc-47">
         <name>.cinit</name>
         <load_address>0xf822</load_address>
         <run_address>0xf822</run_address>
         <size>0x1a</size>
         <input_file_ref idref="fl-9"/>
      </object_component>
      <object_component id="oc-38">
         <name>.cinit</name>
         <load_address>0xf83c</load_address>
         <run_address>0xf83c</run_address>
         <size>0x18</size>
         <input_file_ref idref="fl-7"/>
      </object_component>
      <object_component id="oc-189">
         <name>.cinit</name>
         <load_address>0xf854</load_address>
         <run_address>0xf854</run_address>
         <size>0x16</size>
         <input_file_ref idref="fl-85"/>
      </object_component>
      <object_component id="oc-87">
         <name>.cinit</name>
         <load_address>0xf86a</load_address>
         <run_address>0xf86a</run_address>
         <size>0x16</size>
         <input_file_ref idref="fl-2f"/>
      </object_component>
      <object_component id="oc-9b">
         <name>.cinit</name>
         <load_address>0xf880</load_address>
         <run_address>0xf880</run_address>
         <size>0x14</size>
         <input_file_ref idref="fl-33"/>
      </object_component>
      <object_component id="oc-6c">
         <name>.cinit</name>
         <load_address>0xf894</load_address>
         <run_address>0xf894</run_address>
         <size>0x14</size>
         <input_file_ref idref="fl-29"/>
      </object_component>
      <object_component id="oc-132">
         <name>.cinit</name>
         <load_address>0xf8a8</load_address>
         <run_address>0xf8a8</run_address>
         <size>0x8</size>
         <input_file_ref idref="fl-56"/>
      </object_component>
      <object_component id="oc-138">
         <name>.cinit</name>
         <load_address>0xf8b0</load_address>
         <run_address>0xf8b0</run_address>
         <size>0x8</size>
         <input_file_ref idref="fl-57"/>
      </object_component>
      <object_component id="oc-2b">
         <name>.cio</name>
         <load_address>0xe900</load_address>
         <run_address>0xe900</run_address>
         <size>0x800</size>
         <input_file_ref idref="fl-5"/>
      </object_component>
      <object_component id="oc-113">
         <name>.cio</name>
         <load_address>0xf100</load_address>
         <run_address>0xf100</run_address>
         <size>0x240</size>
         <input_file_ref idref="fl-4f"/>
      </object_component>
      <object_component id="oc-13">
         <name>vectors</name>
         <load_address>0xfe00</load_address>
         <run_address>0xfe00</run_address>
         <size>0x100</size>
         <input_file_ref idref="fl-32"/>
      </object_component>
      <object_component id="oc-16">
         <name>.debug_info</name>
         <load_address>0x0</load_address>
         <run_address>0x0</run_address>
         <size>0x1325</size>
         <input_file_ref idref="fl-2"/>
      </object_component>
      <object_component id="oc-1d">
         <name>.debug_info</name>
         <load_address>0x1325</load_address>
         <run_address>0x1325</run_address>
         <size>0x834</size>
         <input_file_ref idref="fl-3"/>
      </object_component>
      <object_component id="oc-23">
         <name>.debug_info</name>
         <load_address>0x1b59</load_address>
         <run_address>0x1b59</run_address>
         <size>0xc95</size>
         <input_file_ref idref="fl-4"/>
      </object_component>
      <object_component id="oc-29">
         <name>.debug_info</name>
         <load_address>0x27ee</load_address>
         <run_address>0x27ee</run_address>
         <size>0x123b</size>
         <input_file_ref idref="fl-5"/>
      </object_component>
      <object_component id="oc-31">
         <name>.debug_info</name>
         <load_address>0x3a29</load_address>
         <run_address>0x3a29</run_address>
         <size>0xaf8</size>
         <input_file_ref idref="fl-6"/>
      </object_component>
      <object_component id="oc-37">
         <name>.debug_info</name>
         <load_address>0x4521</load_address>
         <run_address>0x4521</run_address>
         <size>0xc0d</size>
         <input_file_ref idref="fl-7"/>
      </object_component>
      <object_component id="oc-3f">
         <name>.debug_info</name>
         <load_address>0x512e</load_address>
         <run_address>0x512e</run_address>
         <size>0x140c</size>
         <input_file_ref idref="fl-8"/>
      </object_component>
      <object_component id="oc-46">
         <name>.debug_info</name>
         <load_address>0x653a</load_address>
         <run_address>0x653a</run_address>
         <size>0x66a</size>
         <input_file_ref idref="fl-9"/>
      </object_component>
      <object_component id="oc-4c">
         <name>.debug_info</name>
         <load_address>0x6ba4</load_address>
         <run_address>0x6ba4</run_address>
         <size>0x60b</size>
         <input_file_ref idref="fl-a"/>
      </object_component>
      <object_component id="oc-52">
         <name>.debug_info</name>
         <load_address>0x71af</load_address>
         <run_address>0x71af</run_address>
         <size>0xca3</size>
         <input_file_ref idref="fl-b"/>
      </object_component>
      <object_component id="oc-5a">
         <name>.debug_info</name>
         <load_address>0x7e52</load_address>
         <run_address>0x7e52</run_address>
         <size>0xfa</size>
         <input_file_ref idref="fl-c"/>
      </object_component>
      <object_component id="oc-5e">
         <name>.debug_info</name>
         <load_address>0x7f4c</load_address>
         <run_address>0x7f4c</run_address>
         <size>0x5ab</size>
         <input_file_ref idref="fl-26"/>
      </object_component>
      <object_component id="oc-62">
         <name>.debug_info</name>
         <load_address>0x84f7</load_address>
         <run_address>0x84f7</run_address>
         <size>0xe8</size>
         <input_file_ref idref="fl-27"/>
      </object_component>
      <object_component id="oc-66">
         <name>.debug_info</name>
         <load_address>0x85df</load_address>
         <run_address>0x85df</run_address>
         <size>0x81f</size>
         <input_file_ref idref="fl-28"/>
      </object_component>
      <object_component id="oc-6b">
         <name>.debug_info</name>
         <load_address>0x8dfe</load_address>
         <run_address>0x8dfe</run_address>
         <size>0x5fb</size>
         <input_file_ref idref="fl-29"/>
      </object_component>
      <object_component id="oc-71">
         <name>.debug_info</name>
         <load_address>0x93f9</load_address>
         <run_address>0x93f9</run_address>
         <size>0x4cf</size>
         <input_file_ref idref="fl-2a"/>
      </object_component>
      <object_component id="oc-75">
         <name>.debug_info</name>
         <load_address>0x98c8</load_address>
         <run_address>0x98c8</run_address>
         <size>0x534</size>
         <input_file_ref idref="fl-2b"/>
      </object_component>
      <object_component id="oc-79">
         <name>.debug_info</name>
         <load_address>0x9dfc</load_address>
         <run_address>0x9dfc</run_address>
         <size>0xeb</size>
         <input_file_ref idref="fl-2c"/>
      </object_component>
      <object_component id="oc-7d">
         <name>.debug_info</name>
         <load_address>0x9ee7</load_address>
         <run_address>0x9ee7</run_address>
         <size>0x55b</size>
         <input_file_ref idref="fl-2d"/>
      </object_component>
      <object_component id="oc-81">
         <name>.debug_info</name>
         <load_address>0xa442</load_address>
         <run_address>0xa442</run_address>
         <size>0x76c</size>
         <input_file_ref idref="fl-2e"/>
      </object_component>
      <object_component id="oc-86">
         <name>.debug_info</name>
         <load_address>0xabae</load_address>
         <run_address>0xabae</run_address>
         <size>0x6ef</size>
         <input_file_ref idref="fl-2f"/>
      </object_component>
      <object_component id="oc-8c">
         <name>.debug_info</name>
         <load_address>0xb29d</load_address>
         <run_address>0xb29d</run_address>
         <size>0x4de</size>
         <input_file_ref idref="fl-30"/>
      </object_component>
      <object_component id="oc-90">
         <name>.debug_info</name>
         <load_address>0xb77b</load_address>
         <run_address>0xb77b</run_address>
         <size>0x521</size>
         <input_file_ref idref="fl-31"/>
      </object_component>
      <object_component id="oc-95">
         <name>.debug_info</name>
         <load_address>0xbc9c</load_address>
         <run_address>0xbc9c</run_address>
         <size>0xbc</size>
         <input_file_ref idref="fl-32"/>
      </object_component>
      <object_component id="oc-9a">
         <name>.debug_info</name>
         <load_address>0xbd58</load_address>
         <run_address>0xbd58</run_address>
         <size>0x5bc</size>
         <input_file_ref idref="fl-33"/>
      </object_component>
      <object_component id="oc-9f">
         <name>.debug_info</name>
         <load_address>0xc314</load_address>
         <run_address>0xc314</run_address>
         <size>0x27bd</size>
         <input_file_ref idref="fl-34"/>
      </object_component>
      <object_component id="oc-a5">
         <name>.debug_info</name>
         <load_address>0xead1</load_address>
         <run_address>0xead1</run_address>
         <size>0x586</size>
         <input_file_ref idref="fl-35"/>
      </object_component>
      <object_component id="oc-a9">
         <name>.debug_info</name>
         <load_address>0xf057</load_address>
         <run_address>0xf057</run_address>
         <size>0x5a4</size>
         <input_file_ref idref="fl-36"/>
      </object_component>
      <object_component id="oc-ad">
         <name>.debug_info</name>
         <load_address>0xf5fb</load_address>
         <run_address>0xf5fb</run_address>
         <size>0xcd</size>
         <input_file_ref idref="fl-37"/>
      </object_component>
      <object_component id="oc-b0">
         <name>.debug_info</name>
         <load_address>0xf6c8</load_address>
         <run_address>0xf6c8</run_address>
         <size>0x498</size>
         <input_file_ref idref="fl-38"/>
      </object_component>
      <object_component id="oc-b3">
         <name>.debug_info</name>
         <load_address>0xfb60</load_address>
         <run_address>0xfb60</run_address>
         <size>0x57e</size>
         <input_file_ref idref="fl-39"/>
      </object_component>
      <object_component id="oc-b7">
         <name>.debug_info</name>
         <load_address>0x100de</load_address>
         <run_address>0x100de</run_address>
         <size>0x7e8</size>
         <input_file_ref idref="fl-3a"/>
      </object_component>
      <object_component id="oc-bb">
         <name>.debug_info</name>
         <load_address>0x108c6</load_address>
         <run_address>0x108c6</run_address>
         <size>0x534</size>
         <input_file_ref idref="fl-3b"/>
      </object_component>
      <object_component id="oc-bf">
         <name>.debug_info</name>
         <load_address>0x10dfa</load_address>
         <run_address>0x10dfa</run_address>
         <size>0x4cf</size>
         <input_file_ref idref="fl-3c"/>
      </object_component>
      <object_component id="oc-c3">
         <name>.debug_info</name>
         <load_address>0x112c9</load_address>
         <run_address>0x112c9</run_address>
         <size>0x549</size>
         <input_file_ref idref="fl-3d"/>
      </object_component>
      <object_component id="oc-c8">
         <name>.debug_info</name>
         <load_address>0x11812</load_address>
         <run_address>0x11812</run_address>
         <size>0x6aa</size>
         <input_file_ref idref="fl-3e"/>
      </object_component>
      <object_component id="oc-cc">
         <name>.debug_info</name>
         <load_address>0x11ebc</load_address>
         <run_address>0x11ebc</run_address>
         <size>0x942</size>
         <input_file_ref idref="fl-3f"/>
      </object_component>
      <object_component id="oc-d1">
         <name>.debug_info</name>
         <load_address>0x127fe</load_address>
         <run_address>0x127fe</run_address>
         <size>0x4d2</size>
         <input_file_ref idref="fl-40"/>
      </object_component>
      <object_component id="oc-d5">
         <name>.debug_info</name>
         <load_address>0x12cd0</load_address>
         <run_address>0x12cd0</run_address>
         <size>0x53e</size>
         <input_file_ref idref="fl-41"/>
      </object_component>
      <object_component id="oc-d9">
         <name>.debug_info</name>
         <load_address>0x1320e</load_address>
         <run_address>0x1320e</run_address>
         <size>0x680</size>
         <input_file_ref idref="fl-42"/>
      </object_component>
      <object_component id="oc-dd">
         <name>.debug_info</name>
         <load_address>0x1388e</load_address>
         <run_address>0x1388e</run_address>
         <size>0x7d4</size>
         <input_file_ref idref="fl-43"/>
      </object_component>
      <object_component id="oc-e1">
         <name>.debug_info</name>
         <load_address>0x14062</load_address>
         <run_address>0x14062</run_address>
         <size>0xbd</size>
         <input_file_ref idref="fl-44"/>
      </object_component>
      <object_component id="oc-e6">
         <name>.debug_info</name>
         <load_address>0x1411f</load_address>
         <run_address>0x1411f</run_address>
         <size>0x144b</size>
         <input_file_ref idref="fl-45"/>
      </object_component>
      <object_component id="oc-eb">
         <name>.debug_info</name>
         <load_address>0x1556a</load_address>
         <run_address>0x1556a</run_address>
         <size>0x5ad</size>
         <input_file_ref idref="fl-46"/>
      </object_component>
      <object_component id="oc-ef">
         <name>.debug_info</name>
         <load_address>0x15b17</load_address>
         <run_address>0x15b17</run_address>
         <size>0x574</size>
         <input_file_ref idref="fl-47"/>
      </object_component>
      <object_component id="oc-f3">
         <name>.debug_info</name>
         <load_address>0x1608b</load_address>
         <run_address>0x1608b</run_address>
         <size>0xd1</size>
         <input_file_ref idref="fl-48"/>
      </object_component>
      <object_component id="oc-f7">
         <name>.debug_info</name>
         <load_address>0x1615c</load_address>
         <run_address>0x1615c</run_address>
         <size>0x50c</size>
         <input_file_ref idref="fl-49"/>
      </object_component>
      <object_component id="oc-fc">
         <name>.debug_info</name>
         <load_address>0x16668</load_address>
         <run_address>0x16668</run_address>
         <size>0x4b7</size>
         <input_file_ref idref="fl-4a"/>
      </object_component>
      <object_component id="oc-100">
         <name>.debug_info</name>
         <load_address>0x16b1f</load_address>
         <run_address>0x16b1f</run_address>
         <size>0x4f2</size>
         <input_file_ref idref="fl-4b"/>
      </object_component>
[...]
         <object_component_ref idref="oc-dc"/>
      </symbol>
      <symbol id="sm-310">
         <name>__divlli</name>
         <value>0x3ce6</value>
         <object_component_ref idref="oc-dc"/>
      </symbol>
      <symbol id="sm-311">
         <name>__remull</name>
         <value>0x3abd</value>
         <object_component_ref idref="oc-dc"/>
      </symbol>
      <symbol id="sm-319">
         <name>__mpyli</name>
         <value>0x7383</value>
         <object_component_ref idref="oc-e0"/>
      </symbol>
      <symbol id="sm-31a">
         <name>I$$LMPY</name>
         <value>0x7383</value>
         <object_component_ref idref="oc-e0"/>
      </symbol>
      <symbol id="sm-32c">
         <name>_add_device</name>
         <value>0x23c3</value>
         <object_component_ref idref="oc-e4"/>
      </symbol>
      <symbol id="sm-32d">
         <name>_rename</name>
         <value>0x20e5</value>
         <object_component_ref idref="oc-e4"/>
      </symbol>
      <symbol id="sm-32e">
         <name>_read</name>
         <value>0x2174</value>
         <object_component_ref idref="oc-e4"/>
      </symbol>
      <symbol id="sm-32f">
         <name>_unlink</name>
         <value>0x20b2</value>
         <object_component_ref idref="oc-e4"/>
      </symbol>
      <symbol id="sm-330">
         <name>_remove_device</name>
         <value>0x213e</value>
         <object_component_ref idref="oc-e4"/>
      </symbol>
      <symbol id="sm-331">
         <name>_open</name>
         <value>0x2222</value>
         <object_component_ref idref="oc-e4"/>
      </symbol>
      <symbol id="sm-332">
         <name>_find_registered_device</name>
         <value>0x2347</value>
         <object_component_ref idref="oc-e4"/>
      </symbol>
      <symbol id="sm-333">
         <name>_lseek</name>
         <value>0x22e1</value>
         <object_component_ref idref="oc-e4"/>
      </symbol>
      <symbol id="sm-334">
         <name>_close</name>
         <value>0x2350</value>
         <object_component_ref idref="oc-e4"/>
      </symbol>
      <symbol id="sm-335">
         <name>_write</name>
         <value>0x1f70</value>
         <object_component_ref idref="oc-e4"/>
      </symbol>
      <symbol id="sm-33f">
         <name>_ltoa</name>
         <value>0x66b6</value>
         <object_component_ref idref="oc-ea"/>
      </symbol>
      <symbol id="sm-34a">
         <name>_memccpy</name>
         <value>0x723a</value>
         <object_component_ref idref="oc-ee"/>
      </symbol>
      <symbol id="sm-352">
         <name>_memcpy</name>
         <value>0x7023</value>
         <object_component_ref idref="oc-f2"/>
      </symbol>
      <symbol id="sm-35e">
         <name>_modf</name>
         <value>0x604d</value>
         <object_component_ref idref="oc-f6"/>
      </symbol>
      <symbol id="sm-368">
         <name>__negd</name>
         <value>0x73a8</value>
         <object_component_ref idref="oc-fb"/>
      </symbol>
      <symbol id="sm-372">
         <name>__remli</name>
         <value>0x6f4f</value>
         <object_component_ref idref="oc-ff"/>
      </symbol>
      <symbol id="sm-37d">
         <name>__remul</name>
         <value>0x6986</value>
         <object_component_ref idref="oc-103"/>
      </symbol>
      <symbol id="sm-389">
         <name>__nround</name>
         <value>0x6d5b</value>
         <object_component_ref idref="oc-107"/>
      </symbol>
      <symbol id="sm-395">
         <name>_HOSTopen</name>
         <value>0x27be</value>
         <object_component_ref idref="oc-10c"/>
      </symbol>
      <symbol id="sm-396">
         <name>_HOSTread</name>
         <value>0x2731</value>
         <object_component_ref idref="oc-10c"/>
      </symbol>
      <symbol id="sm-397">
         <name>_HOSTtime</name>
         <value>0x2625</value>
         <object_component_ref idref="oc-10c"/>
      </symbol>
      <symbol id="sm-398">
         <name>_getenv</name>
         <value>0x24b3</value>
         <object_component_ref idref="oc-10c"/>
      </symbol>
      <symbol id="sm-399">
         <name>_HOSTrename</name>
         <value>0x2683</value>
         <object_component_ref idref="oc-10c"/>
      </symbol>
      <symbol id="sm-39a">
         <name>_HOSTclock</name>
         <value>0x297d</value>
         <object_component_ref idref="oc-10c"/>
      </symbol>
      <symbol id="sm-39b">
         <name>_HOSTwrite</name>
         <value>0x252e</value>
         <object_component_ref idref="oc-10c"/>
      </symbol>
      <symbol id="sm-39c">
         <name>_HOSTlseek</name>
         <value>0x285d</value>
         <object_component_ref idref="oc-10c"/>
      </symbol>
      <symbol id="sm-39d">
         <name>_HOSTunlink</name>
         <value>0x25bb</value>
         <object_component_ref idref="oc-10c"/>
      </symbol>
      <symbol id="sm-39e">
         <name>_HOSTclose</name>
         <value>0x2912</value>
         <object_component_ref idref="oc-10c"/>
      </symbol>
      <symbol id="sm-3b0">
         <name>C$$IO$$</name>
         <value>0x61c1</value>
         <object_component_ref idref="oc-114"/>
      </symbol>
      <symbol id="sm-3b1">
         <name>__CIOBUF_</name>
         <value>0xf100</value>
         <object_component_ref idref="oc-113"/>
      </symbol>
      <symbol id="sm-3b2">
         <name>_readmsg</name>
         <value>0x6bb2</value>
         <object_component_ref idref="oc-111"/>
      </symbol>
      <symbol id="sm-3b3">
         <name>_writemsg</name>
         <value>0x610c</value>
         <object_component_ref idref="oc-114"/>
      </symbol>
      <symbol id="sm-3bb">
         <name>__remu</name>
         <value>0x7225</value>
         <object_component_ref idref="oc-117"/>
      </symbol>
      <symbol id="sm-3bc">
         <name>__divu</name>
         <value>0x7210</value>
         <object_component_ref idref="oc-117"/>
      </symbol>
      <symbol id="sm-3bd">
         <name>I$$UMOD</name>
         <value>0x7225</value>
         <object_component_ref idref="oc-117"/>
      </symbol>
      <symbol id="sm-3be">
         <name>I$$UDIV</name>
         <value>0x7210</value>
         <object_component_ref idref="oc-117"/>
      </symbol>
      <symbol id="sm-3c8">
         <name>__rd_ok</name>
         <value>0x5cc4</value>
         <object_component_ref idref="oc-11b"/>
      </symbol>
      <symbol id="sm-3c9">
         <name>__wrt_ok</name>
         <value>0x5c44</value>
         <object_component_ref idref="oc-11b"/>
      </symbol>
      <symbol id="sm-3d3">
         <name>__divli</name>
         <value>0x6f9a</value>
         <object_component_ref idref="oc-11f"/>
      </symbol>
      <symbol id="sm-3dd">
         <name>__doflush</name>
         <value>0x5f8b</value>
         <object_component_ref idref="oc-123"/>
      </symbol>
      <symbol id="sm-3de">
         <name>_fflush</name>
         <value>0x5ff4</value>
         <object_component_ref idref="oc-123"/>
      </symbol>
      <symbol id="sm-3e8">
         <name>_fseek</name>
         <value>0x6c1f</value>
         <object_component_ref idref="oc-127"/>
      </symbol>
      <symbol id="sm-3f2">
         <name>_setvbuf</name>
         <value>0x5b5e</value>
         <object_component_ref idref="oc-12b"/>
      </symbol>
      <symbol id="sm-401">
         <name>__cleanup</name>
         <value>0x36fe</value>
         <object_component_ref idref="oc-12f"/>
      </symbol>
      <symbol id="sm-402">
         <name>_fopen</name>
         <value>0x3821</value>
         <object_component_ref idref="oc-12f"/>
      </symbol>
      <symbol id="sm-403">
         <name>_freopen</name>
         <value>0x3758</value>
         <object_component_ref idref="oc-12f"/>
      </symbol>
      <symbol id="sm-413">
         <name>__sys_memory</name>
         <value>0xb900</value>
         <object_component_ref idref="oc-139"/>
      </symbol>
      <symbol id="sm-414">
         <name>_chkheap</name>
         <value>0x2e62</value>
         <object_component_ref idref="oc-135"/>
      </symbol>
      <symbol id="sm-415">
         <name>_realloc</name>
         <value>0x2c01</value>
         <object_component_ref idref="oc-135"/>
      </symbol>
      <symbol id="sm-416">
         <name>_free_memory</name>
         <value>0x2e0c</value>
         <object_component_ref idref="oc-135"/>
      </symbol>
      <symbol id="sm-417">
         <name>_max_free</name>
         <value>0x2db2</value>
         <object_component_ref idref="oc-135"/>
      </symbol>
      <symbol id="sm-418">
         <name>_free</name>
         <value>0x29db</value>
         <object_component_ref idref="oc-135"/>
      </symbol>
      <symbol id="sm-419">
         <name>_calloc</name>
         <value>0x2e6a</value>
         <object_component_ref idref="oc-135"/>
      </symbol>
      <symbol id="sm-41a">
         <name>_malloc</name>
         <value>0x2b0c</value>
         <object_component_ref idref="oc-135"/>
      </symbol>
      <symbol id="sm-41b">
         <name>_minit</name>
         <value>0x2aa7</value>
         <object_component_ref idref="oc-135"/>
      </symbol>
      <symbol id="sm-425">
         <name>_fclose</name>
         <value>0x67af</value>
         <object_component_ref idref="oc-13c"/>
      </symbol>
      <symbol id="sm-42f">
         <name>_remove</name>
         <value>0x740c</value>
         <object_component_ref idref="oc-140"/>
      </symbol>
      <symbol id="sm-448">
         <name>_EZDSP5502_MCBSP_close</name>
         <value>0x620a</value>
         <object_component_ref idref="oc-144"/>
      </symbol>
      <symbol id="sm-449">
         <name>_EZDSP5502_MCBSP_write</name>
         <value>0x621c</value>
         <object_component_ref idref="oc-144"/>
      </symbol>
      <symbol id="sm-44a">
         <name>_EZDSP5502_MCBSP_init</name>
         <value>0x61c6</value>
         <object_component_ref idref="oc-144"/>
      </symbol>
      <symbol id="sm-44b">
         <name>_EZDSP5502_MCBSP_read</name>
         <value>0x624c</value>
         <object_component_ref idref="oc-144"/>
      </symbol>
      <symbol id="sm-44c">
         <name>_aicMcbsp</name>
         <value>0x98f4</value>
         <object_component_ref idref="oc-145"/>
      </symbol>
      <symbol id="sm-45c">
         <name>_EZDSP5502_I2CGPIO_readLine</name>
         <value>0x54f8</value>
         <object_component_ref idref="oc-14a"/>
      </symbol>
      <symbol id="sm-45d">
         <name>_EZDSP5502_I2CGPIO_write</name>
         <value>0x55c9</value>
         <object_component_ref idref="oc-14a"/>
      </symbol>
      <symbol id="sm-45e">
         <name>_EZDSP5502_I2CGPIO_configLine</name>
         <value>0x54a5</value>
         <object_component_ref idref="oc-14a"/>
      </symbol>
      <symbol id="sm-45f">
         <name>_EZDSP5502_I2CGPIO_writeLine</name>
         <value>0x5529</value>
         <object_component_ref idref="oc-14a"/>
      </symbol>
      <symbol id="sm-460">
         <name>_EZDSP5502_I2CGPIO_read</name>
         <value>0x557c</value>
         <object_component_ref idref="oc-14a"/>
      </symbol>
      <symbol id="sm-471">
         <name>_EZDSP5502_I2C_read</name>
         <value>0x6b8e</value>
         <object_component_ref idref="oc-14f"/>
      </symbol>
      <symbol id="sm-472">
         <name>_EZDSP5502_I2C_reset</name>
         <value>0x6b62</value>
         <object_component_ref idref="oc-14f"/>
      </symbol>
      <symbol id="sm-473">
         <name>_EZDSP5502_I2C_init</name>
         <value>0x6b45</value>
         <object_component_ref idref="oc-14f"/>
      </symbol>
      <symbol id="sm-474">
         <name>_EZDSP5502_I2C_write</name>
         <value>0x6b6c</value>
         <object_component_ref idref="oc-14f"/>
      </symbol>
      <symbol id="sm-498">
         <name>_EZDSP5502_GPIO_setOutput</name>
         <value>0x44f4</value>
         <object_component_ref idref="oc-154"/>
      </symbol>
      <symbol id="sm-499">
         <name>_EZDSP5502_GPIO_setDirection</name>
         <value>0x4477</value>
         <object_component_ref idref="oc-154"/>
      </symbol>
      <symbol id="sm-49a">
         <name>_EZDSP5502_GPIO_getInput</name>
         <value>0x4571</value>
         <object_component_ref idref="oc-154"/>
      </symbol>
      <symbol id="sm-49b">
         <name>_EZDSP5502_GPIO_init</name>
         <value>0x43e0</value>
         <object_component_ref idref="oc-154"/>
      </symbol>
      <symbol id="sm-49c">
         <name>_hGPIO_group0</name>
         <value>0x98b0</value>
         <object_component_ref idref="oc-155"/>
      </symbol>
      <symbol id="sm-49d">
         <name>_hGPIO_group1</name>
         <value>0x98b4</value>
         <object_component_ref idref="oc-155"/>
      </symbol>
      <symbol id="sm-49e">
         <name>_hGPIO_group2</name>
         <value>0x98b8</value>
         <object_component_ref idref="oc-155"/>
      </symbol>
      <symbol id="sm-49f">
         <name>_hGPIO_group3</name>
         <value>0x98bc</value>
         <object_component_ref idref="oc-155"/>
      </symbol>
      <symbol id="sm-4ae">
         <name>_EZDSP5502_wait</name>
         <value>0x6a77</value>
         <object_component_ref idref="oc-15a"/>
      </symbol>
      <symbol id="sm-4af">
         <name>_EZDSP5502_waitusec</name>
         <value>0x6aab</value>
         <object_component_ref idref="oc-15a"/>
      </symbol>
      <symbol id="sm-4b0">
         <name>_EZDSP5502_init</name>
         <value>0x6abd</value>
         <object_component_ref idref="oc-15a"/>
      </symbol>
      <symbol id="sm-4b4">
         <name>__CSL_init</name>
         <value>0x73d8</value>
         <object_component_ref idref="oc-15f"/>
      </symbol>
      <symbol id="sm-4ba">
         <name>_CSL5502_LIB_</name>
         <value>0x7430</value>
         <object_component_ref idref="oc-160"/>
      </symbol>
      <symbol id="sm-4bb">
         <name>_CSL_init</name>
         <value>0x73e8</value>
         <object_component_ref idref="oc-161"/>
      </symbol>
      <symbol id="sm-4c1">
         <name>_CSL_SysData</name>
         <value>0x1c8</value>
         <object_component_ref idref="oc-163"/>
      </symbol>
      <symbol id="sm-4c5">
         <name>_DMA_config</name>
         <value>0x5870</value>
         <object_component_ref idref="oc-164"/>
      </symbol>
      <symbol id="sm-4ca">
         <name>_DMA_open</name>
         <value>0x5dfc</value>
         <object_component_ref idref="oc-165"/>
      </symbol>
      <symbol id="sm-4ce">
         <name>_DMA_reset</name>
         <value>0x4b98</value>
         <object_component_ref idref="oc-166"/>
      </symbol>
      <symbol id="sm-4d2">
         <name>_GPIO_pinDirection</name>
         <value>0x72ec</value>
         <object_component_ref idref="oc-167"/>
      </symbol>
      <symbol id="sm-4d6">
         <name>_GPIO_pinEnable</name>
         <value>0x7370</value>
         <object_component_ref idref="oc-168"/>
      </symbol>
      <symbol id="sm-4da">
         <name>_GPIO_open</name>
         <value>0x6e68</value>
         <object_component_ref idref="oc-169"/>
      </symbol>
      <symbol id="sm-4de">
         <name>_GPIO_pinRead</name>
         <value>0x7348</value>
         <object_component_ref idref="oc-16a"/>
      </symbol>
      <symbol id="sm-4e2">
         <name>_GPIO_pinWrite</name>
         <value>0x730c</value>
         <object_component_ref idref="oc-16b"/>
      </symbol>
      <symbol id="sm-4e6">
         <name>_GPT_config</name>
         <value>0x6734</value>
         <object_component_ref idref="oc-16c"/>
      </symbol>
      <symbol id="sm-4eb">
         <name>_GPT_open</name>
         <value>0x5ec8</value>
         <object_component_ref idref="oc-16d"/>
      </symbol>
      <symbol id="sm-4ef">
         <name>_GPT_reset</name>
         <value>0x5d24</value>
         <object_component_ref idref="oc-16e"/>
      </symbol>
      <symbol id="sm-4f3">
         <name>_GPT_start12</name>
         <value>0x72c8</value>
         <object_component_ref idref="oc-16f"/>
      </symbol>
      <symbol id="sm-4f7">
         <name>_GPT_stop12</name>
         <value>0x7260</value>
         <object_component_ref idref="oc-170"/>
      </symbol>
      <symbol id="sm-4fb">
         <name>_I2C_config</name>
         <value>0x6914</value>
         <object_component_ref idref="oc-171"/>
      </symbol>
      <symbol id="sm-503">
         <name>_I2C_read</name>
         <value>0x5348</value>
         <object_component_ref idref="oc-172"/>
      </symbol>
      <symbol id="sm-50d">
         <name>_I2C_write</name>
         <value>0x4d64</value>
         <object_component_ref idref="oc-173"/>
      </symbol>
      <symbol id="sm-511">
         <name>_IRQ_clear</name>
         <value>0x70dc</value>
         <object_component_ref idref="oc-174"/>
      </symbol>
      <symbol id="sm-515">
         <name>_IRQ_disable</name>
         <value>0x69f8</value>
         <object_component_ref idref="oc-175"/>
      </symbol>
      <symbol id="sm-519">
         <name>_IRQ_enable</name>
         <value>0x6c8c</value>
         <object_component_ref idref="oc-176"/>
      </symbol>
      <symbol id="sm-51d">
         <name>_IRQ_globalDisable</name>
         <value>0x73b8</value>
         <object_component_ref idref="oc-177"/>
      </symbol>
      <symbol id="sm-521">
         <name>_IRQ_globalEnable</name>
         <value>0x73c8</value>
         <object_component_ref idref="oc-178"/>
      </symbol>
      <symbol id="sm-525">
         <name>_IRQ_globalRestore</name>
         <value>0x73f4</value>
         <object_component_ref idref="oc-179"/>
      </symbol>
      <symbol id="sm-529">
         <name>_IRQ_plug</name>
         <value>0x65ab</value>
         <object_component_ref idref="oc-17a"/>
      </symbol>
      <symbol id="sm-52d">
         <name>_IRQ_setVecs</name>
         <value>0x7114</value>
         <object_component_ref idref="oc-17b"/>
      </symbol>
      <symbol id="sm-531">
         <name>_MCBSP_config</name>
         <value>0x5740</value>
         <object_component_ref idref="oc-17c"/>
      </symbol>
      <symbol id="sm-535">
         <name>_MCBSP_close</name>
         <value>0x714c</value>
         <object_component_ref idref="oc-17d"/>
      </symbol>
      <symbol id="sm-53a">
         <name>_MCBSP_open</name>
         <value>0x5a70</value>
         <object_component_ref idref="oc-17e"/>
      </symbol>
      <symbol id="sm-53e">
         <name>_MCBSP_read16</name>
         <value>0x7420</value>
         <object_component_ref idref="oc-17f"/>
      </symbol>
      <symbol id="sm-542">
         <name>_MCBSP_reset</name>
         <value>0x385c</value>
         <object_component_ref idref="oc-180"/>
      </symbol>
      <symbol id="sm-546">
         <name>_MCBSP_start</name>
         <value>0x6634</value>
         <object_component_ref idref="oc-181"/>
      </symbol>
      <symbol id="sm-54a">
         <name>_MCBSP_write16</name>
         <value>0x7428</value>
         <object_component_ref idref="oc-182"/>
      </symbol>
      <symbol id="sm-54e">
         <name>_PLL_config</name>
         <value>0x6280</value>
         <object_component_ref idref="oc-183"/>
      </symbol>
      <symbol id="sm-552">
         <name>_PLL_setFreq</name>
         <value>0x6330</value>
         <object_component_ref idref="oc-184"/>
      </symbol>
      <symbol id="sm-558">
         <name>_CSL_DmaData</name>
         <value>0x0</value>
         <object_component_ref idref="oc-186"/>
      </symbol>
      <symbol id="sm-55e">
         <name>_CSL_GpioData</name>
         <value>0x20c</value>
         <object_component_ref idref="oc-188"/>
      </symbol>
      <symbol id="sm-564">
         <name>_CSL_GptData</name>
         <value>0x24c</value>
         <object_component_ref idref="oc-18a"/>
      </symbol>
      <symbol id="sm-56a">
         <name>_CSL_McbspData</name>
         <value>0xfc</value>
         <object_component_ref idref="oc-18c"/>
      </symbol>
   </symbol_table>
</link_info>
