******************************************************************************
              TMS320C55x Linker PC v4.4.1                      
******************************************************************************
>> Linked Sun Feb 02 19:30:55 2025

OUTPUT FILE NAME:   <teste6.out>
ENTRY POINT SYMBOL: "_c_int00"  address: 00009146


MEMORY CONFIGURATION

         name            origin    length      used     unused   attr    fill
                        (bytes)   (bytes)    (bytes)   (bytes)
----------------------  --------  ---------  --------  --------  ----  --------
PAGE 0:
  MMR                   00000000   000000c0  00000000  000000c0  RWIX
  BTRSVD                000000c0   00000240  00000100  00000140  RWIX
  DARAM                 00000300   0000fb00  0000ce30  00002cd0  RWIX
  VECS                  0000fe00   00000200  00000100  00000100  RWIX
  CE0                   00010000   003f0000  00000000  003f0000  RWIX
  CE1                   00400000   00400000  00000000  00400000  RWIX
  CE2                   00800000   00400000  00000000  00400000  RWIX
  CE3                   00c00000   003f8000  00000000  003f8000  RWIX
  PDROM                 00ff8000   00008000  00000000  00008000  R IX

PAGE 2:
  IOPORT                00000000   00020000  00000000  00020000  RWI 


SECTION ALLOCATION MAP
(Addresses surrounded by []'s are displayed for convenience only!)

output                                                          attributes/
section   page  orgn(bytes) orgn(words) len(bytes) len(words)   input sections
--------  ----  ----------- ----------- ---------- ----------   --------------
vectors      0     000000c0  [ 00000060 ] 00000100          *   
                   000000c0  [ 00000060 ] 00000100          *   rts55x.lib : vectors.obj (vectors)

.sysstack 
*            0   [ 00000300 ]  00000180          *   00000800   
                 [ 00000300 ]  00000180          *   00000800   --HOLE-- [fill = 00]

.data        0   [ 00000300 ]  00000180          *   00000000   

.pinit       0   [ 00000300 ]  00000180          *   00000000   

.cinit       0   [ 00001300 ]  00000980          *   0000023c   
                 [ 00001300 ]  00000980          *   0000008a   oled_test.obj (.cinit)
                 [ 00001414 ]  00000a0a          *   00000081   csl5502x.lib : csl_dmadat.obj (.cinit)
                 [ 00001516 ]  00000a8b          *   00000069                : csl_mcbspdat.obj (.cinit)
                 [ 000015e8 ]  00000af4          *   0000004a   dma.obj (.cinit)
                 [ 0000167c ]  00000b3e          *   00000025   csl5502x.lib : csl_csldat.obj (.cinit)
                 [ 000016c6 ]  00000b63          *   00000023                : csl_gpiodat.obj (.cinit)
                 [ 0000170c ]  00000b86          *   0000000d   pll.obj (.cinit)
                 [ 00001726 ]  00000b93          *   0000000c   reverb.obj (.cinit)
                 [ 0000173e ]  00000b9f          *   0000000a   rts55x.lib : _lock.obj (.cinit)
                 [ 00001752 ]  00000ba9          *   0000000a              : exit.obj (.cinit)
                 [ 00001766 ]  00000bb3          *   00000008   main.obj (.cinit)
                 [ 00001776 ]  00000bbb          *   00000001   --HOLE-- [fill = 0]

.csldata     0   [ 00001780 ]  00000bc0          *   00000126   
                 [ 00001780 ]  00000bc0          *   0000007e   csl5502x.lib : csl_dmadat.obj (.csldata:DMA_data) [fill = 00]
                 [ 0000187c ]  00000c3e          *   00000066                : csl_mcbspdat.obj (.csldata:MCBSP_data) [fill = 00]
                 [ 00001948 ]  00000ca4          *   00000022                : csl_csldat.obj (.csldata:SYS_data) [fill = 00]
                 [ 0000198c ]  00000cc6          *   00000020                : csl_gpiodat.obj (.csldata:GPIO_data) [fill = 00]

.stack       0   [ 000019e0 ]  00000cf0          *   00000100   
                 [ 000019e0 ]  00000cf0          *   00000100   --HOLE-- [fill = 00]

.bss         0   [ 00001be0 ]  00000df0          *   000000e4   
                 [ 00001be0 ]  00000df0          *   00000087   oled_test.obj (.bss) [fill = 00]
                 [ 00001cee ]  00000e77          *   00000001   --HOLE-- [fill = 00]
                 [ 00001cf0 ]  00000e78          *   0000003a   dma.obj (.bss) [fill = 00]
                 [ 00001d64 ]  00000eb2          *   0000000a   pll.obj (.bss) [fill = 00]
                 [ 00001d78 ]  00000ebc          *   00000008   ezdsp5502bsl.lib : ezdsp5502_gpio.obj (.bss) [fill = 00]
                 [ 00001d88 ]  00000ec4          *   00000004   rts55x.lib : _lock.obj (.bss) [fill = 00]
                 [ 00001d90 ]  00000ec8          *   00000004              : exit.obj (.bss) [fill = 00]
                 [ 00001d98 ]  00000ecc          *   00000003   reverb.obj (.bss) [fill = 00]
                 [ 00001d9e ]  00000ecf          *   00000001   --HOLE-- [fill = 00]
                 [ 00001da0 ]  00000ed0          *   00000002   ezdsp5502bsl.lib : ezdsp5502_mcbsp.obj (.bss) [fill = 00]
                 [ 00001da4 ]  00000ed2          *   00000002   main.obj (.bss) [fill = 00]

.const       0   [ 00001dc0 ]  00000ee0          *   0000003a   
                 [ 00001dc0 ]  00000ee0          *   0000001b   ezdsp5502bsl.lib : ezdsp5502_mcbsp.obj (.const:_$P$T0$1)
                 [ 00001df6 ]  00000efb          *   0000000a                    : ezdsp5502_i2c.obj (.const:_$P$T0$1)
                 [ 00001e0a ]  00000f05          *   00000001   --HOLE-- [fill = 00]
                 [ 00001e0c ]  00000f06          *   0000000a   reverb.obj (.const)
                 [ 00001e20 ]  00000f10          *   00000006   dma.obj (.const)
                 [ 00001e2c ]  00000f16          *   00000002   pitch.obj (.const)
                 [ 00001e30 ]  00000f18          *   00000002   rts55x.lib : fltlid.obj (.const)

.switch      0   [ 00001e34 ]  00000f1a          *   00000034   
                 [ 00001e34 ]  00000f1a          *   00000034   oled_test.obj (.switch:_printLetterT)

dmaTest      0   [ 00002000 ]  00001000          *   00002000   
                 [ 00002000 ]  00001000          *   00002000   dma.obj (dmaTest) [fill = 00]

.text        0     00006000  [ 00003000 ] 000032c8          *   
                   00006000  [ 00003000 ] 000006c6          *   oled_test.obj (.text)
                   000066c6  [ 00003363 ] 00000546          *   dma.obj (.text:retain)
                   00006c0c  [ 00003606 ] 000002ef          *   dma.obj (.text)
                   00006efb  [ 0000377d+] 000002b8          *   aic3204.obj (.text)
                   000071b3  [ 000038d9 ] 00000001          *   --HOLE-- [fill = 20]
                   000071b4  [ 000038da ] 00000261          *   csl5502x.lib : mcbsp_rst.obj (.text:MCBSP_reset)
                   00007415  [ 00003a0a+] 0000025a          *   rts55x.lib : addd.obj (.text)
                   0000766f  [ 00003b37+] 0000020c          *   ezdsp5502bsl.lib : ezdsp5502_gpio.obj (.text)
                   0000787b  [ 00003c3d ] 00000001          *   --HOLE-- [fill = 20]
                   0000787c  [ 00003c3e ] 000001ca          *   csl5502x.lib : dma_reset.obj (.text:DMA_reset)
                   00007a46  [ 00003d23 ] 00000002          *   rts55x.lib : vectors.obj (.text)
                   00007a48  [ 00003d24 ] 0000018e          *   csl5502x.lib : i2c_write.obj (.text:I2C_write)
                   00007bd6  [ 00003deb ] 0000018d          *   reverb.obj (.text)
                   00007d63  [ 00003eb1+] 0000018b          *   lcd.obj (.text)
                   00007eee  [ 00003f77 ] 00000002          *   vectors_dma4.obj (.text)
                   00007ef0  [ 00003f78 ] 0000015d          *   csl5502x.lib : i2c_read.obj (.text:I2C_read)
                   0000804d  [ 00004026+] 0000014e          *   ezdsp5502bsl.lib : ezdsp5502_i2cgpio.obj (.text)
                   0000819b  [ 000040cd+] 0000014c          *   rts55x.lib : mpyd.obj (.text)
                   000082e7  [ 00004173 ] 00000001          *   --HOLE-- [fill = 20]
                   000082e8  [ 00004174 ] 00000130          *   csl5502x.lib : mcbsp_cfg.obj (.text:MCBSP_config)
                   00008418  [ 0000420c ] 0000010e          *                : dma_cfg.obj (.text:DMA_config)
                   00008526  [ 00004293 ] 00000002          *   --HOLE-- [fill = 20]
                   00008528  [ 00004294 ] 000000ee          *                : mcbsp_open.obj (.text:MCBSP_open)
                   00008616  [ 0000430b ] 000000e3          *   main.obj (.text)
                   000086f9  [ 0000437c ] 00000003          *   --HOLE-- [fill = 20]
                   000086fc  [ 0000437e ] 000000cb          *   csl5502x.lib : dma_open.obj (.text:DMA_open)
                   000087c7  [ 000043e3+] 000000ba          *   ezdsp5502bsl.lib : ezdsp5502_mcbsp.obj (.text)
                   00008881  [ 00004440 ] 00000003          *   --HOLE-- [fill = 20]
                   00008884  [ 00004442 ] 000000ae          *   csl5502x.lib : pll_cfg.obj (.text:PLL_config)
                   00008932  [ 00004499 ] 00000002          *   --HOLE-- [fill = 20]
                   00008934  [ 0000449a ] 000000a8          *                : pll_setfrq.obj (.text)
                   000089dc  [ 000044ee ] 000000a7          *   pitch.obj (.text)
                   00008a83  [ 00004541+] 00000089          *   csl5502x.lib : irq_pluga.obj (.text)
                   00008b0c  [ 00004586 ] 00000082          *                : mcbsp_start.obj (.text:MCBSP_start)
                   00008b8e  [ 000045c7 ] 00000076          *   rts55x.lib : frcmpyd.obj (.text)
                   00008c04  [ 00004602 ] 00000072          *   csl5502x.lib : i2c_cfg.obj (.text:I2C_config)
                   00008c76  [ 0000463b ] 00000002          *   --HOLE-- [fill = 20]
                   00008c78  [ 0000463c ] 0000006f          *                : irq_disa.obj (.text:IRQ_disable)
                   00008ce7  [ 00004673+] 0000006f          *   ezdsp5502bsl.lib : ezdsp5502.obj (.text)
                   00008d56  [ 000046ab ] 0000006f          *   rts55x.lib : fixdli.obj (.text)
                   00008dc5  [ 000046e2+] 0000006d          *   ezdsp5502bsl.lib : ezdsp5502_i2c.obj (.text)
                   00008e32  [ 00004719 ] 00000002          *   --HOLE-- [fill = 20]
                   00008e34  [ 0000471a ] 00000068          *   csl5502x.lib : irq_enab.obj (.text:IRQ_enable)
                   00008e9c  [ 0000474e ] 00000067          *   rts55x.lib : fltlid.obj (.text)
                   00008f03  [ 00004781 ] 00000001          *   --HOLE-- [fill = 20]
                   00008f04  [ 00004782 ] 0000004f          *   csl5502x.lib : gpio_open.obj (.text:GPIO_open)
                   00008f53  [ 000047a9+] 0000004d          *   rts55x.lib : autoinit.obj (.text)
                   00008fa0  [ 000047d0 ] 0000004b          *              : args_main.obj (.text)
                   00008feb  [ 000047f5+] 0000003e          *              : exit.obj (.text)
                   00009029  [ 00004814+] 0000003c          *              : idiv.obj (.text)
                   00009065  [ 00004832 ] 00000003          *   --HOLE-- [fill = 20]
                   00009068  [ 00004834 ] 00000038          *   csl5502x.lib : dma_close.obj (.text:DMA_close)
                   000090a0  [ 00004850 ] 00000037          *                : irq_clear.obj (.text:IRQ_clear)
                   000090d7  [ 0000486b ] 00000001          *   --HOLE-- [fill = 20]
                   000090d8  [ 0000486c ] 00000037          *                : irq_setvecs.obj (.text:IRQ_setVecs)
                   0000910f  [ 00004887 ] 00000001          *   --HOLE-- [fill = 20]
                   00009110  [ 00004888 ] 00000036          *                : mcbsp_cls.obj (.text:MCBSP_close)
                   00009146  [ 000048a3 ] 00000034          *   rts55x.lib : boot.obj (.text)
                   0000917a  [ 000048bd ] 0000002a          *              : fixdi.obj (.text)
                   000091a4  [ 000048d2 ] 00000022          *   pll.obj (.text)
                   000091c6  [ 000048e3 ] 00000002          *   --HOLE-- [fill = 20]
                   000091c8  [ 000048e4 ] 0000001f          *   csl5502x.lib : gpio_dir.obj (.text:GPIO_pinDirection)
                   000091e7  [ 000048f3 ] 00000001          *   --HOLE-- [fill = 20]
                   000091e8  [ 000048f4 ] 0000001f          *                : gpio_write.obj (.text:GPIO_pinWrite)
                   00009207  [ 00004903 ] 00000001          *   --HOLE-- [fill = 20]
                   00009208  [ 00004904 ] 00000014          *                : gpio_read.obj (.text:GPIO_pinRead)
                   0000921c  [ 0000490e ] 00000014          *   rts55x.lib : subd.obj (.text)
                   00009230  [ 00004918 ] 00000013          *   csl5502x.lib : gpio_enab.obj (.text:GPIO_pinEnable)
                   00009243  [ 00004921+] 00000012          *   rts55x.lib : _lock.obj (.text)
                   00009255  [ 0000492a ] 00000003          *   --HOLE-- [fill = 20]
                   00009258  [ 0000492c ] 0000000f          *   csl5502x.lib : irq_gdisab.obj (.text:IRQ_globalDisable)
                   00009267  [ 00004933 ] 00000001          *   --HOLE-- [fill = 20]
                   00009268  [ 00004934 ] 0000000f          *                : irq_genab.obj (.text:IRQ_globalEnable)
                   00009277  [ 0000493b ] 00000001          *   --HOLE-- [fill = 20]
                   00009278  [ 0000493c ] 0000000d          *                : _csl_init.obj (.text:_CSL_init)
                   00009285  [ 00004942 ] 00000003          *   --HOLE-- [fill = 20]
                   00009288  [ 00004944 ] 0000000c          *                : csl.obj (.text:CSL_init)
                   00009294  [ 0000494a ] 0000000c          *                : irq_grest.obj (.text:IRQ_globalRestore)
                   000092a0  [ 00004950 ] 0000000c          *   rts55x.lib : fltid.obj (.text)
                   000092ac  [ 00004956 ] 00000007          *              : exit.obj (.text:CIO_breakpoint)
                   000092b3  [ 00004959 ] 00000001          *   --HOLE-- [fill = 20]
                   000092b4  [ 0000495a ] 00000007          *   csl5502x.lib : mcbsp_r16.obj (.text:MCBSP_read16)
                   000092bb  [ 0000495d ] 00000001          *   --HOLE-- [fill = 20]
                   000092bc  [ 0000495e ] 00000007          *                : mcbsp_w16.obj (.text:MCBSP_write16)
                   000092c3  [ 00004961 ] 00000001          *   --HOLE-- [fill = 20]
                   000092c4  [ 00004962 ] 00000002          *                : csl.obj (.text)
                   000092c6  [ 00004963 ] 00000002          *   --HOLE-- [fill = 20]

data_br_buf 
*            0   [ 0000a000 ]  00005000          *   00001000   
                 [ 0000a000 ]  00005000          *   00001000   reverb.obj (data_br_buf) [fill = 00]

scratch_buf 
*            0   [ 0000c000 ]  00006000          *   00001000   
                 [ 0000c000 ]  00006000          *   00001000   dma.obj (scratch_buf) [fill = 00]

.vectors     0     0000fe00  [ 00007f00 ] 00000100          *   
                   0000fe00  [ 00007f00 ] 00000100          *   vectors_dma4.obj (.vectors)


GLOBAL SYMBOLS: SORTED ALPHABETICALLY BY Name 

abs. value/
byte addr   word addr   name
---------   ---------   ----
00000002                $TI_capability$C5500$CallingConvention
00000002                $TI_capability$C5500$MemoryModel
00000001                $TI_capability_requires_rev2
            00000df0    .bss
            00000180    .data
00006000                .text
000092ad                C$$EXIT
00009029                I$$DIV
00009048                I$$MOD
00006efb                _AIC3204_rget
00006f48                _AIC3204_rset
000092c4                _CSL5502_LIB_
            00000bc0    _CSL_DmaData
            00000cc6    _CSL_GpioData
            00000c3e    _CSL_McbspData
            00000ca4    _CSL_SysData
00009288                _CSL_init
00009068                _DMA_close
00008418                _DMA_config
000086fc                _DMA_open
0000787c                _DMA_reset
00007800                _EZDSP5502_GPIO_getInput
0000766f                _EZDSP5502_GPIO_init
00007706                _EZDSP5502_GPIO_setDirection
00007783                _EZDSP5502_GPIO_setOutput
0000804d                _EZDSP5502_I2CGPIO_configLine
00008124                _EZDSP5502_I2CGPIO_read
000080a0                _EZDSP5502_I2CGPIO_readLine
00008171                _EZDSP5502_I2CGPIO_write
000080d1                _EZDSP5502_I2CGPIO_writeLine
00008dc5                _EZDSP5502_I2C_init
00008e0e                _EZDSP5502_I2C_read
00008de2                _EZDSP5502_I2C_reset
00008dec                _EZDSP5502_I2C_write
0000880b                _EZDSP5502_MCBSP_close
000087c7                _EZDSP5502_MCBSP_init
0000884d                _EZDSP5502_MCBSP_read
0000881d                _EZDSP5502_MCBSP_write
00008d3d                _EZDSP5502_init
00008cf7                _EZDSP5502_wait
00008d2b                _EZDSP5502_waitusec
00008f04                _GPIO_open
000091c8                _GPIO_pinDirection
00009230                _GPIO_pinEnable
00009208                _GPIO_pinRead
000091e8                _GPIO_pinWrite
00008c04                _I2C_config
00007ef0                _I2C_read
00007a48                _I2C_write
000090a0                _IRQ_clear
00008c78                _IRQ_disable
00008e34                _IRQ_enable
00009258                _IRQ_globalDisable
00009268                _IRQ_globalEnable
00009294                _IRQ_globalRestore
00008a83                _IRQ_plug
000090d8                _IRQ_setVecs
00009110                _MCBSP_close
000082e8                _MCBSP_config
00008528                _MCBSP_open
000092b4                _MCBSP_read16
000071b4                _MCBSP_reset
00008b0c                _MCBSP_start
000092bc                _MCBSP_write16
00008884                _PLL_config
00008934                _PLL_setFreq
000000c0                _Reset
0000fe00                _VECSTART
00009278                __CSL_init
            00000df0    __STACK_END
00000200                __STACK_SIZE
00001000                __SYSSTACK_SIZE
00000001                __TI_args_main
ffffffff                ___binit__
            00000df0    ___bss__
ffffffff                ___c_args__
            00000980    ___cinit__
            00000180    ___data__
            00000180    ___edata__
            00000ed4    ___end__
000092c8                ___etext__
ffffffff                ___pinit__
00006000                ___text__
00007415                __addd
00008fa0                __args_main
            00000ec8    __cleanup_ptr
00009029                __divi
            00000eca    __dtors_ptr
0000917a                __fixdi
00008d56                __fixdli
000092a0                __fltid
00008e9c                __fltlid
00008b8e                __frcmpyd
            00000ec4    __lock
0000819b                __mpyd
00009253                __nop
0000924b                __register_lock
00009243                __register_unlock
00009048                __remi
            00000cf0    __stack
0000921c                __subd
            00000180    __sysstack
            00000ec6    __unlock
000092ac                _abort
            00000ed0    _aicMcbsp
00007c02                _apply_reverb
00007d00                _apply_reverb2
00008f53                _auto_init
            00000e7e    _bufferPitch
00009146                _c_int00
00008691                _checkSwitch
00006c97                _clamp
00006d3e                _configAudioDma
00006cbf                _configInterrupts
            00000eac    _counter1
            00000eae    _counter2
            00000ed2    _currentEffect
            00000ed3    _currentStateSelection
            00006000    _d_buffer
            00005000    _delayBuffer
            00000ecc    _delayIndex
000071a9                _disableAic3204
            00000e82    _dmaHandleRx
            00000e80    _dmaHandleTx
000067db                _dmaRcvIsr
            00000ea8    _dmaReception
            00000e96    _dmaRxConfig
            00000eaa    _dmaTransmition
            00000e84    _dmaTxConfig
000066c6                _dmaXmtIsr
00008659                _executeStateEffect
00008616                _executeStateSelection
00008feb                _exit
            00000e7a    _firstTime
            00000ebc    _hGPIO_group0
            00000ebe    _hGPIO_group1
            00000ec0    _hGPIO_group2
            00000ec2    _hGPIO_group3
            00000eb0    _i
0000719f                _initAic3204
000091a4                _initPLL
00007bd6                _initReverb
00006f72                _inputAic3204Config
            00000e79    _isActive
0000623e                _lcdPage0
00006146                _lcdPage1
            00000df0    _letterVals
000086af                _main
            00000eb2    _myCfg
            00000e7f    _old_intm
00007d63                _osd9616_init
00007e63                _osd9616_multiSend
00007e43                _osd9616_send
000089dc                _pitchTeste
00007eb1                _printLetter
00006000                _printLetterT
            00000e7d    _rcvEventId
            00000ece    _readIndex
            00002000    _reception
            00000e78    _sizeBufferTransmition
00006116                _spaceBlank
00006df6                _startAudioDma
00006e7f                _stopAudioDma
            00000e7b    _transfer
00008668                _transitionEffect
00008625                _transitionSelection
            00001000    _transmition
            00000ecd    _writeIndex
            00000eb1    _x
            00000e7c    _xmtEventId
ffffffff                binit
            00000980    cinit
            00000180    edata
            00000ed4    end
000092c8                etext
0000fe10                int0
0000fe18                int1
0000fe60                int10
0000fe68                int11
0000fe70                int12
0000fe78                int13
0000fe80                int14
0000fe88                int15
0000fe90                int16
0000fe98                int17
0000fea0                int18
0000fea8                int19
0000fe20                int2
0000feb0                int20
0000feb8                int21
0000fec0                int22
0000fec8                int23
0000fed0                int24
0000fed8                int25
0000fee0                int26
0000fee8                int27
0000fef0                int28
0000fef8                int29
0000fe28                int3
0000fe30                int4
0000fe38                int5
0000fe40                int6
0000fe48                int7
0000fe50                int8
0000fe58                int9
0000fe08                nmi
00007eee                no_isr
ffffffff                pinit


GLOBAL SYMBOLS: SORTED BY Symbol Address 

abs. value/
byte addr   word addr   name
---------   ---------   ----
00000001                $TI_capability_requires_rev2
00000001                __TI_args_main
00000002                $TI_capability$C5500$CallingConvention
00000002                $TI_capability$C5500$MemoryModel
000000c0                _Reset
00000200                __STACK_SIZE
            00000180    .data
            00000180    ___data__
            00000180    ___edata__
            00000180    __sysstack
            00000180    edata
00001000                __SYSSTACK_SIZE
            00000980    ___cinit__
            00000980    cinit
            00000bc0    _CSL_DmaData
            00000c3e    _CSL_McbspData
            00000ca4    _CSL_SysData
            00000cc6    _CSL_GpioData
            00000cf0    __stack
            00000df0    .bss
            00000df0    __STACK_END
            00000df0    ___bss__
            00000df0    _letterVals
            00000e78    _sizeBufferTransmition
            00000e79    _isActive
            00000e7a    _firstTime
            00000e7b    _transfer
            00000e7c    _xmtEventId
            00000e7d    _rcvEventId
            00000e7e    _bufferPitch
            00000e7f    _old_intm
            00000e80    _dmaHandleTx
            00000e82    _dmaHandleRx
            00000e84    _dmaTxConfig
            00000e96    _dmaRxConfig
            00000ea8    _dmaReception
            00000eaa    _dmaTransmition
            00000eac    _counter1
            00000eae    _counter2
            00000eb0    _i
            00000eb1    _x
            00000eb2    _myCfg
            00000ebc    _hGPIO_group0
            00000ebe    _hGPIO_group1
            00000ec0    _hGPIO_group2
            00000ec2    _hGPIO_group3
            00000ec4    __lock
            00000ec6    __unlock
            00000ec8    __cleanup_ptr
            00000eca    __dtors_ptr
            00000ecc    _delayIndex
            00000ecd    _writeIndex
            00000ece    _readIndex
            00000ed0    _aicMcbsp
            00000ed2    _currentEffect
            00000ed3    _currentStateSelection
            00000ed4    ___end__
            00000ed4    end
            00001000    _transmition
            00002000    _reception
00006000                .text
00006000                ___text__
00006000                _printLetterT
00006116                _spaceBlank
00006146                _lcdPage1
0000623e                _lcdPage0
000066c6                _dmaXmtIsr
000067db                _dmaRcvIsr
00006c97                _clamp
00006cbf                _configInterrupts
00006d3e                _configAudioDma
00006df6                _startAudioDma
00006e7f                _stopAudioDma
00006efb                _AIC3204_rget
00006f48                _AIC3204_rset
00006f72                _inputAic3204Config
0000719f                _initAic3204
000071a9                _disableAic3204
000071b4                _MCBSP_reset
00007415                __addd
0000766f                _EZDSP5502_GPIO_init
00007706                _EZDSP5502_GPIO_setDirection
00007783                _EZDSP5502_GPIO_setOutput
00007800                _EZDSP5502_GPIO_getInput
0000787c                _DMA_reset
00007a48                _I2C_write
00007bd6                _initReverb
00007c02                _apply_reverb
00007d00                _apply_reverb2
00007d63                _osd9616_init
00007e43                _osd9616_send
00007e63                _osd9616_multiSend
00007eb1                _printLetter
00007eee                no_isr
00007ef0                _I2C_read
0000804d                _EZDSP5502_I2CGPIO_configLine
000080a0                _EZDSP5502_I2CGPIO_readLine
000080d1                _EZDSP5502_I2CGPIO_writeLine
00008124                _EZDSP5502_I2CGPIO_read
00008171                _EZDSP5502_I2CGPIO_write
0000819b                __mpyd
000082e8                _MCBSP_config
00008418                _DMA_config
00008528                _MCBSP_open
00008616                _executeStateSelection
00008625                _transitionSelection
00008659                _executeStateEffect
00008668                _transitionEffect
00008691                _checkSwitch
000086af                _main
000086fc                _DMA_open
000087c7                _EZDSP5502_MCBSP_init
0000880b                _EZDSP5502_MCBSP_close
0000881d                _EZDSP5502_MCBSP_write
0000884d                _EZDSP5502_MCBSP_read
00008884                _PLL_config
00008934                _PLL_setFreq
000089dc                _pitchTeste
00008a83                _IRQ_plug
00008b0c                _MCBSP_start
00008b8e                __frcmpyd
00008c04                _I2C_config
00008c78                _IRQ_disable
00008cf7                _EZDSP5502_wait
00008d2b                _EZDSP5502_waitusec
00008d3d                _EZDSP5502_init
00008d56                __fixdli
00008dc5                _EZDSP5502_I2C_init
00008de2                _EZDSP5502_I2C_reset
00008dec                _EZDSP5502_I2C_write
00008e0e                _EZDSP5502_I2C_read
00008e34                _IRQ_enable
00008e9c                __fltlid
00008f04                _GPIO_open
00008f53                _auto_init
00008fa0                __args_main
00008feb                _exit
00009029                I$$DIV
00009029                __divi
00009048                I$$MOD
00009048                __remi
00009068                _DMA_close
000090a0                _IRQ_clear
000090d8                _IRQ_setVecs
00009110                _MCBSP_close
00009146                _c_int00
0000917a                __fixdi
000091a4                _initPLL
000091c8                _GPIO_pinDirection
000091e8                _GPIO_pinWrite
00009208                _GPIO_pinRead
0000921c                __subd
00009230                _GPIO_pinEnable
00009243                __register_unlock
0000924b                __register_lock
00009253                __nop
00009258                _IRQ_globalDisable
00009268                _IRQ_globalEnable
00009278                __CSL_init
00009288                _CSL_init
00009294                _IRQ_globalRestore
000092a0                __fltid
000092ac                _abort
000092ad                C$$EXIT
000092b4                _MCBSP_read16
000092bc                _MCBSP_write16
000092c4                _CSL5502_LIB_
000092c8                ___etext__
000092c8                etext
            00005000    _delayBuffer
            00006000    _d_buffer
0000fe00                _VECSTART
0000fe08                nmi
0000fe10                int0
0000fe18                int1
0000fe20                int2
0000fe28                int3
0000fe30                int4
0000fe38                int5
0000fe40                int6
0000fe48                int7
0000fe50                int8
0000fe58                int9
0000fe60                int10
0000fe68                int11
0000fe70                int12
0000fe78                int13
0000fe80                int14
0000fe88                int15
0000fe90                int16
0000fe98                int17
0000fea0                int18
0000fea8                int19
0000feb0                int20
0000feb8                int21
0000fec0                int22
0000fec8                int23
0000fed0                int24
0000fed8                int25
0000fee0                int26
0000fee8                int27
0000fef0                int28
0000fef8                int29
ffffffff                ___binit__
ffffffff                ___c_args__
ffffffff                ___pinit__
ffffffff                binit
ffffffff                pinit

[208 symbols]
