<?xml version="1.0"?>
<link_info>
   <banner>TMS320C55x Linker PC v4.4.1</banner>
   <copyright>Copyright (c) 1996-2012 Texas Instruments Incorporated</copyright>
   <link_time>0x679ff21f</link_time>
   <output_file>teste6.out</output_file>
   <entry_point>
      <name>_c_int00</name>
      <address>0x9146</address>
   </entry_point>
   <input_file_list>
      <input_file id="fl-2">
         <path>.\</path>
         <kind>object</kind>
         <file>aic3204.obj</file>
         <name>aic3204.obj</name>
      </input_file>
      <input_file id="fl-3">
         <path>.\</path>
         <kind>object</kind>
         <file>dma.obj</file>
         <name>dma.obj</name>
      </input_file>
      <input_file id="fl-4">
         <path>.\</path>
         <kind>object</kind>
         <file>lcd.obj</file>
         <name>lcd.obj</name>
      </input_file>
      <input_file id="fl-5">
         <path>.\</path>
         <kind>object</kind>
         <file>main.obj</file>
         <name>main.obj</name>
      </input_file>
      <input_file id="fl-6">
         <path>.\</path>
         <kind>object</kind>
         <file>oled_test.obj</file>
         <name>oled_test.obj</name>
      </input_file>
      <input_file id="fl-7">
         <path>.\</path>
         <kind>object</kind>
         <file>pitch.obj</file>
         <name>pitch.obj</name>
      </input_file>
      <input_file id="fl-8">
         <path>.\</path>
         <kind>object</kind>
         <file>pll.obj</file>
         <name>pll.obj</name>
      </input_file>
      <input_file id="fl-9">
         <path>.\</path>
         <kind>object</kind>
         <file>reverb.obj</file>
         <name>reverb.obj</name>
      </input_file>
      <input_file id="fl-a">
         <path>.\</path>
         <kind>object</kind>
         <file>vectors_dma4.obj</file>
         <name>vectors_dma4.obj</name>
      </input_file>
      <input_file id="fl-25">
         <path>C:\ti\ccs1270\ccs\tools\compiler\c5500_4.4.1\lib\</path>
         <kind>archive</kind>
         <file>rts55x.lib</file>
         <name>addd.obj</name>
      </input_file>
      <input_file id="fl-26">
         <path>C:\ti\ccs1270\ccs\tools\compiler\c5500_4.4.1\lib\</path>
         <kind>archive</kind>
         <file>rts55x.lib</file>
         <name>boot.obj</name>
      </input_file>
      <input_file id="fl-27">
         <path>C:\ti\ccs1270\ccs\tools\compiler\c5500_4.4.1\lib\</path>
         <kind>archive</kind>
         <file>rts55x.lib</file>
         <name>exit.obj</name>
      </input_file>
      <input_file id="fl-28">
         <path>C:\ti\ccs1270\ccs\tools\compiler\c5500_4.4.1\lib\</path>
         <kind>archive</kind>
         <file>rts55x.lib</file>
         <name>fixdi.obj</name>
      </input_file>
      <input_file id="fl-29">
         <path>C:\ti\ccs1270\ccs\tools\compiler\c5500_4.4.1\lib\</path>
         <kind>archive</kind>
         <file>rts55x.lib</file>
         <name>fixdli.obj</name>
      </input_file>
      <input_file id="fl-2a">
         <path>C:\ti\ccs1270\ccs\tools\compiler\c5500_4.4.1\lib\</path>
         <kind>archive</kind>
         <file>rts55x.lib</file>
         <name>fltid.obj</name>
      </input_file>
      <input_file id="fl-2b">
         <path>C:\ti\ccs1270\ccs\tools\compiler\c5500_4.4.1\lib\</path>
         <kind>archive</kind>
         <file>rts55x.lib</file>
         <name>fltlid.obj</name>
      </input_file>
      <input_file id="fl-2c">
         <path>C:\ti\ccs1270\ccs\tools\compiler\c5500_4.4.1\lib\</path>
         <kind>archive</kind>
         <file>rts55x.lib</file>
         <name>idiv.obj</name>
      </input_file>
      <input_file id="fl-2d">
         <path>C:\ti\ccs1270\ccs\tools\compiler\c5500_4.4.1\lib\</path>
         <kind>archive</kind>
         <file>rts55x.lib</file>
         <name>mpyd.obj</name>
      </input_file>
      <input_file id="fl-2e">
         <path>C:\ti\ccs1270\ccs\tools\compiler\c5500_4.4.1\lib\</path>
         <kind>archive</kind>
         <file>rts55x.lib</file>
         <name>subd.obj</name>
      </input_file>
      <input_file id="fl-2f">
         <path>C:\ti\ccs1270\ccs\tools\compiler\c5500_4.4.1\lib\</path>
         <kind>archive</kind>
         <file>rts55x.lib</file>
         <name>vectors.obj</name>
      </input_file>
      <input_file id="fl-30">
         <path>C:\ti\ccs1270\ccs\tools\compiler\c5500_4.4.1\lib\</path>
         <kind>archive</kind>
         <file>rts55x.lib</file>
         <name>_lock.obj</name>
      </input_file>
      <input_file id="fl-31">
         <path>C:\ti\ccs1270\ccs\tools\compiler\c5500_4.4.1\lib\</path>
         <kind>archive</kind>
         <file>rts55x.lib</file>
         <name>args_main.obj</name>
      </input_file>
      <input_file id="fl-32">
         <path>C:\ti\ccs1270\ccs\tools\compiler\c5500_4.4.1\lib\</path>
         <kind>archive</kind>
         <file>rts55x.lib</file>
         <name>autoinit.obj</name>
      </input_file>
      <input_file id="fl-33">
         <path>C:\ti\ccs1270\ccs\tools\compiler\c5500_4.4.1\lib\</path>
         <kind>archive</kind>
         <file>rts55x.lib</file>
         <name>frcmpyd.obj</name>
      </input_file>
      <input_file id="fl-34">
         <path>C:\Users\caios\Documents\laboratorio integrado III\ezdsp5502_v1\lib\</path>
         <kind>archive</kind>
         <file>ezdsp5502bsl.lib</file>
         <name>ezdsp5502_mcbsp.obj</name>
      </input_file>
      <input_file id="fl-35">
         <path>C:\Users\caios\Documents\laboratorio integrado III\ezdsp5502_v1\lib\</path>
         <kind>archive</kind>
         <file>ezdsp5502bsl.lib</file>
         <name>ezdsp5502_i2cgpio.obj</name>
      </input_file>
      <input_file id="fl-36">
         <path>C:\Users\caios\Documents\laboratorio integrado III\ezdsp5502_v1\lib\</path>
         <kind>archive</kind>
         <file>ezdsp5502bsl.lib</file>
         <name>ezdsp5502_i2c.obj</name>
      </input_file>
      <input_file id="fl-37">
         <path>C:\Users\caios\Documents\laboratorio integrado III\ezdsp5502_v1\lib\</path>
         <kind>archive</kind>
         <file>ezdsp5502bsl.lib</file>
         <name>ezdsp5502_gpio.obj</name>
      </input_file>
      <input_file id="fl-38">
         <path>C:\Users\caios\Documents\laboratorio integrado III\ezdsp5502_v1\lib\</path>
         <kind>archive</kind>
         <file>ezdsp5502bsl.lib</file>
         <name>ezdsp5502.obj</name>
      </input_file>
      <input_file id="fl-39">
         <path>C:\Users\caios\Documents\laboratorio integrado III\ezdsp5502_v1\C55xxCSL\lib\</path>
         <kind>archive</kind>
         <file>csl5502x.lib</file>
         <name>_csl_init.obj</name>
      </input_file>
      <input_file id="fl-3a">
         <path>C:\Users\caios\Documents\laboratorio integrado III\ezdsp5502_v1\C55xxCSL\lib\</path>
         <kind>archive</kind>
         <file>csl5502x.lib</file>
         <name>csl.obj</name>
      </input_file>
      <input_file id="fl-3b">
         <path>C:\Users\caios\Documents\laboratorio integrado III\ezdsp5502_v1\C55xxCSL\lib\</path>
         <kind>archive</kind>
         <file>csl5502x.lib</file>
         <name>csl_csldat.obj</name>
      </input_file>
      <input_file id="fl-3c">
         <path>C:\Users\caios\Documents\laboratorio integrado III\ezdsp5502_v1\C55xxCSL\lib\</path>
         <kind>archive</kind>
         <file>csl5502x.lib</file>
         <name>dma_cfg.obj</name>
      </input_file>
      <input_file id="fl-3d">
         <path>C:\Users\caios\Documents\laboratorio integrado III\ezdsp5502_v1\C55xxCSL\lib\</path>
         <kind>archive</kind>
         <file>csl5502x.lib</file>
         <name>dma_close.obj</name>
      </input_file>
      <input_file id="fl-3e">
         <path>C:\Users\caios\Documents\laboratorio integrado III\ezdsp5502_v1\C55xxCSL\lib\</path>
         <kind>archive</kind>
         <file>csl5502x.lib</file>
         <name>dma_open.obj</name>
      </input_file>
      <input_file id="fl-3f">
         <path>C:\Users\caios\Documents\laboratorio integrado III\ezdsp5502_v1\C55xxCSL\lib\</path>
         <kind>archive</kind>
         <file>csl5502x.lib</file>
         <name>dma_reset.obj</name>
      </input_file>
      <input_file id="fl-40">
         <path>C:\Users\caios\Documents\laboratorio integrado III\ezdsp5502_v1\C55xxCSL\lib\</path>
         <kind>archive</kind>
         <file>csl5502x.lib</file>
         <name>gpio_dir.obj</name>
      </input_file>
      <input_file id="fl-41">
         <path>C:\Users\caios\Documents\laboratorio integrado III\ezdsp5502_v1\C55xxCSL\lib\</path>
         <kind>archive</kind>
         <file>csl5502x.lib</file>
         <name>gpio_enab.obj</name>
      </input_file>
      <input_file id="fl-42">
         <path>C:\Users\caios\Documents\laboratorio integrado III\ezdsp5502_v1\C55xxCSL\lib\</path>
         <kind>archive</kind>
         <file>csl5502x.lib</file>
         <name>gpio_open.obj</name>
      </input_file>
      <input_file id="fl-43">
         <path>C:\Users\caios\Documents\laboratorio integrado III\ezdsp5502_v1\C55xxCSL\lib\</path>
         <kind>archive</kind>
         <file>csl5502x.lib</file>
         <name>gpio_read.obj</name>
      </input_file>
      <input_file id="fl-44">
         <path>C:\Users\caios\Documents\laboratorio integrado III\ezdsp5502_v1\C55xxCSL\lib\</path>
         <kind>archive</kind>
         <file>csl5502x.lib</file>
         <name>gpio_write.obj</name>
      </input_file>
      <input_file id="fl-45">
         <path>C:\Users\caios\Documents\laboratorio integrado III\ezdsp5502_v1\C55xxCSL\lib\</path>
         <kind>archive</kind>
         <file>csl5502x.lib</file>
         <name>i2c_cfg.obj</name>
      </input_file>
      <input_file id="fl-46">
         <path>C:\Users\caios\Documents\laboratorio integrado III\ezdsp5502_v1\C55xxCSL\lib\</path>
         <kind>archive</kind>
         <file>csl5502x.lib</file>
         <name>i2c_read.obj</name>
      </input_file>
      <input_file id="fl-47">
         <path>C:\Users\caios\Documents\laboratorio integrado III\ezdsp5502_v1\C55xxCSL\lib\</path>
         <kind>archive</kind>
         <file>csl5502x.lib</file>
         <name>i2c_write.obj</name>
      </input_file>
      <input_file id="fl-48">
         <path>C:\Users\caios\Documents\laboratorio integrado III\ezdsp5502_v1\C55xxCSL\lib\</path>
         <kind>archive</kind>
         <file>csl5502x.lib</file>
         <name>irq_clear.obj</name>
      </input_file>
      <input_file id="fl-49">
         <path>C:\Users\caios\Documents\laboratorio integrado III\ezdsp5502_v1\C55xxCSL\lib\</path>
         <kind>archive</kind>
         <file>csl5502x.lib</file>
         <name>irq_disa.obj</name>
      </input_file>
      <input_file id="fl-4a">
         <path>C:\Users\caios\Documents\laboratorio integrado III\ezdsp5502_v1\C55xxCSL\lib\</path>
         <kind>archive</kind>
         <file>csl5502x.lib</file>
         <name>irq_enab.obj</name>
      </input_file>
      <input_file id="fl-4b">
         <path>C:\Users\caios\Documents\laboratorio integrado III\ezdsp5502_v1\C55xxCSL\lib\</path>
         <kind>archive</kind>
         <file>csl5502x.lib</file>
         <name>irq_gdisab.obj</name>
      </input_file>
      <input_file id="fl-4c">
         <path>C:\Users\caios\Documents\laboratorio integrado III\ezdsp5502_v1\C55xxCSL\lib\</path>
         <kind>archive</kind>
         <file>csl5502x.lib</file>
         <name>irq_genab.obj</name>
      </input_file>
      <input_file id="fl-4d">
         <path>C:\Users\caios\Documents\laboratorio integrado III\ezdsp5502_v1\C55xxCSL\lib\</path>
         <kind>archive</kind>
         <file>csl5502x.lib</file>
         <name>irq_grest.obj</name>
      </input_file>
      <input_file id="fl-4e">
         <path>C:\Users\caios\Documents\laboratorio integrado III\ezdsp5502_v1\C55xxCSL\lib\</path>
         <kind>archive</kind>
         <file>csl5502x.lib</file>
         <name>irq_pluga.obj</name>
      </input_file>
      <input_file id="fl-4f">
         <path>C:\Users\caios\Documents\laboratorio integrado III\ezdsp5502_v1\C55xxCSL\lib\</path>
         <kind>archive</kind>
         <file>csl5502x.lib</file>
         <name>irq_setvecs.obj</name>
      </input_file>
      <input_file id="fl-50">
         <path>C:\Users\caios\Documents\laboratorio integrado III\ezdsp5502_v1\C55xxCSL\lib\</path>
         <kind>archive</kind>
         <file>csl5502x.lib</file>
         <name>mcbsp_cfg.obj</name>
      </input_file>
      <input_file id="fl-51">
         <path>C:\Users\caios\Documents\laboratorio integrado III\ezdsp5502_v1\C55xxCSL\lib\</path>
         <kind>archive</kind>
         <file>csl5502x.lib</file>
         <name>mcbsp_cls.obj</name>
      </input_file>
      <input_file id="fl-52">
         <path>C:\Users\caios\Documents\laboratorio integrado III\ezdsp5502_v1\C55xxCSL\lib\</path>
         <kind>archive</kind>
         <file>csl5502x.lib</file>
         <name>mcbsp_open.obj</name>
      </input_file>
      <input_file id="fl-53">
         <path>C:\Users\caios\Documents\laboratorio integrado III\ezdsp5502_v1\C55xxCSL\lib\</path>
         <kind>archive</kind>
         <file>csl5502x.lib</file>
         <name>mcbsp_r16.obj</name>
      </input_file>
      <input_file id="fl-54">
         <path>C:\Users\caios\Documents\laboratorio integrado III\ezdsp5502_v1\C55xxCSL\lib\</path>
         <kind>archive</kind>
         <file>csl5502x.lib</file>
         <name>mcbsp_rst.obj</name>
      </input_file>
      <input_file id="fl-55">
         <path>C:\Users\caios\Documents\laboratorio integrado III\ezdsp5502_v1\C55xxCSL\lib\</path>
         <kind>archive</kind>
         <file>csl5502x.lib</file>
         <name>mcbsp_start.obj</name>
      </input_file>
      <input_file id="fl-56">
         <path>C:\Users\caios\Documents\laboratorio integrado III\ezdsp5502_v1\C55xxCSL\lib\</path>
         <kind>archive</kind>
         <file>csl5502x.lib</file>
         <name>mcbsp_w16.obj</name>
      </input_file>
      <input_file id="fl-57">
         <path>C:\Users\caios\Documents\laboratorio integrado III\ezdsp5502_v1\C55xxCSL\lib\</path>
         <kind>archive</kind>
         <file>csl5502x.lib</file>
         <name>pll_cfg.obj</name>
      </input_file>
      <input_file id="fl-58">
         <path>C:\Users\caios\Documents\laboratorio integrado III\ezdsp5502_v1\C55xxCSL\lib\</path>
         <kind>archive</kind>
         <file>csl5502x.lib</file>
         <name>pll_setfrq.obj</name>
      </input_file>
      <input_file id="fl-59">
         <path>C:\Users\caios\Documents\laboratorio integrado III\ezdsp5502_v1\C55xxCSL\lib\</path>
         <kind>archive</kind>
         <file>csl5502x.lib</file>
         <name>csl_dmadat.obj</name>
      </input_file>
      <input_file id="fl-5a">
         <path>C:\Users\caios\Documents\laboratorio integrado III\ezdsp5502_v1\C55xxCSL\lib\</path>
         <kind>archive</kind>
         <file>csl5502x.lib</file>
         <name>csl_gpiodat.obj</name>
      </input_file>
      <input_file id="fl-5b">
         <path>C:\Users\caios\Documents\laboratorio integrado III\ezdsp5502_v1\C55xxCSL\lib\</path>
         <kind>archive</kind>
         <file>csl5502x.lib</file>
         <name>csl_mcbspdat.obj</name>
      </input_file>
   </input_file_list>
   <object_component_list>
      <object_component id="oc-33">
         <name>.text</name>
         <load_address>0x6000</load_address>
         <run_address>0x6000</run_address>
         <size>0x6c6</size>
         <input_file_ref idref="fl-6"/>
      </object_component>
      <object_component id="oc-22">
         <name>.text:retain</name>
         <load_address>0x66c6</load_address>
         <run_address>0x66c6</run_address>
         <size>0x546</size>
         <input_file_ref idref="fl-3"/>
      </object_component>
      <object_component id="oc-1c">
         <name>.text</name>
         <load_address>0x6c0c</load_address>
         <run_address>0x6c0c</run_address>
         <size>0x2ef</size>
         <input_file_ref idref="fl-3"/>
      </object_component>
      <object_component id="oc-17">
         <name>.text</name>
         <load_address>0x6efb</load_address>
         <run_address>0x6efb</run_address>
         <size>0x2b8</size>
         <input_file_ref idref="fl-2"/>
      </object_component>
      <object_component id="oc-cf">
         <name>.text:MCBSP_reset</name>
         <load_address>0x71b4</load_address>
         <run_address>0x71b4</run_address>
         <size>0x261</size>
         <input_file_ref idref="fl-54"/>
      </object_component>
      <object_component id="oc-55">
         <name>.text</name>
         <load_address>0x7415</load_address>
         <run_address>0x7415</run_address>
         <size>0x25a</size>
         <input_file_ref idref="fl-25"/>
      </object_component>
      <object_component id="oc-a7">
         <name>.text</name>
         <load_address>0x766f</load_address>
         <run_address>0x766f</run_address>
         <size>0x20c</size>
         <input_file_ref idref="fl-37"/>
      </object_component>
      <object_component id="oc-ba">
         <name>.text:DMA_reset</name>
         <load_address>0x787c</load_address>
         <run_address>0x787c</run_address>
         <size>0x1ca</size>
         <input_file_ref idref="fl-3f"/>
      </object_component>
      <object_component id="oc-81">
         <name>.text</name>
         <load_address>0x7a46</load_address>
         <run_address>0x7a46</run_address>
         <size>0x2</size>
         <input_file_ref idref="fl-2f"/>
      </object_component>
      <object_component id="oc-c2">
         <name>.text:I2C_write</name>
         <load_address>0x7a48</load_address>
         <run_address>0x7a48</run_address>
         <size>0x18e</size>
         <input_file_ref idref="fl-47"/>
      </object_component>
      <object_component id="oc-47">
         <name>.text</name>
         <load_address>0x7bd6</load_address>
         <run_address>0x7bd6</run_address>
         <size>0x18d</size>
         <input_file_ref idref="fl-9"/>
      </object_component>
      <object_component id="oc-27">
         <name>.text</name>
         <load_address>0x7d63</load_address>
         <run_address>0x7d63</run_address>
         <size>0x18b</size>
         <input_file_ref idref="fl-4"/>
      </object_component>
      <object_component id="oc-50">
         <name>.text</name>
         <load_address>0x7eee</load_address>
         <run_address>0x7eee</run_address>
         <size>0x2</size>
         <input_file_ref idref="fl-a"/>
      </object_component>
      <object_component id="oc-c1">
         <name>.text:I2C_read</name>
         <load_address>0x7ef0</load_address>
         <run_address>0x7ef0</run_address>
         <size>0x15d</size>
         <input_file_ref idref="fl-46"/>
      </object_component>
      <object_component id="oc-9d">
         <name>.text</name>
         <load_address>0x804d</load_address>
         <run_address>0x804d</run_address>
         <size>0x14e</size>
         <input_file_ref idref="fl-35"/>
      </object_component>
      <object_component id="oc-79">
         <name>.text</name>
         <load_address>0x819b</load_address>
         <run_address>0x819b</run_address>
         <size>0x14c</size>
         <input_file_ref idref="fl-2d"/>
      </object_component>
      <object_component id="oc-cb">
         <name>.text:MCBSP_config</name>
         <load_address>0x82e8</load_address>
         <run_address>0x82e8</run_address>
         <size>0x130</size>
         <input_file_ref idref="fl-50"/>
      </object_component>
      <object_component id="oc-b7">
         <name>.text:DMA_config</name>
         <load_address>0x8418</load_address>
         <run_address>0x8418</run_address>
         <size>0x10e</size>
         <input_file_ref idref="fl-3c"/>
      </object_component>
      <object_component id="oc-cd">
         <name>.text:MCBSP_open</name>
         <load_address>0x8528</load_address>
         <run_address>0x8528</run_address>
         <size>0xee</size>
         <input_file_ref idref="fl-52"/>
      </object_component>
      <object_component id="oc-2c">
         <name>.text</name>
         <load_address>0x8616</load_address>
         <run_address>0x8616</run_address>
         <size>0xe3</size>
         <input_file_ref idref="fl-5"/>
      </object_component>
      <object_component id="oc-b9">
         <name>.text:DMA_open</name>
         <load_address>0x86fc</load_address>
         <run_address>0x86fc</run_address>
         <size>0xcb</size>
         <input_file_ref idref="fl-3e"/>
      </object_component>
      <object_component id="oc-97">
         <name>.text</name>
         <load_address>0x87c7</load_address>
         <run_address>0x87c7</run_address>
         <size>0xba</size>
         <input_file_ref idref="fl-34"/>
      </object_component>
      <object_component id="oc-d2">
         <name>.text:PLL_config</name>
         <load_address>0x8884</load_address>
         <run_address>0x8884</run_address>
         <size>0xae</size>
         <input_file_ref idref="fl-57"/>
      </object_component>
      <object_component id="oc-d3">
         <name>.text</name>
         <load_address>0x8934</load_address>
         <run_address>0x8934</run_address>
         <size>0xa8</size>
         <input_file_ref idref="fl-58"/>
      </object_component>
      <object_component id="oc-3a">
         <name>.text</name>
         <load_address>0x89dc</load_address>
         <run_address>0x89dc</run_address>
         <size>0xa7</size>
         <input_file_ref idref="fl-7"/>
      </object_component>
      <object_component id="oc-c9">
         <name>.text</name>
         <load_address>0x8a83</load_address>
         <run_address>0x8a83</run_address>
         <size>0x89</size>
         <input_file_ref idref="fl-4e"/>
      </object_component>
      <object_component id="oc-d0">
         <name>.text:MCBSP_start</name>
         <load_address>0x8b0c</load_address>
         <run_address>0x8b0c</run_address>
         <size>0x82</size>
         <input_file_ref idref="fl-55"/>
      </object_component>
      <object_component id="oc-93">
         <name>.text</name>
         <load_address>0x8b8e</load_address>
         <run_address>0x8b8e</run_address>
         <size>0x76</size>
         <input_file_ref idref="fl-33"/>
      </object_component>
      <object_component id="oc-c0">
         <name>.text:I2C_config</name>
         <load_address>0x8c04</load_address>
         <run_address>0x8c04</run_address>
         <size>0x72</size>
         <input_file_ref idref="fl-45"/>
      </object_component>
      <object_component id="oc-c4">
         <name>.text:IRQ_disable</name>
         <load_address>0x8c78</load_address>
         <run_address>0x8c78</run_address>
         <size>0x6f</size>
         <input_file_ref idref="fl-49"/>
      </object_component>
      <object_component id="oc-ad">
         <name>.text</name>
         <load_address>0x8ce7</load_address>
         <run_address>0x8ce7</run_address>
         <size>0x6f</size>
         <input_file_ref idref="fl-38"/>
      </object_component>
      <object_component id="oc-68">
         <name>.text</name>
         <load_address>0x8d56</load_address>
         <run_address>0x8d56</run_address>
         <size>0x6f</size>
         <input_file_ref idref="fl-29"/>
      </object_component>
      <object_component id="oc-a2">
         <name>.text</name>
         <load_address>0x8dc5</load_address>
         <run_address>0x8dc5</run_address>
         <size>0x6d</size>
         <input_file_ref idref="fl-36"/>
      </object_component>
      <object_component id="oc-c5">
         <name>.text:IRQ_enable</name>
         <load_address>0x8e34</load_address>
         <run_address>0x8e34</run_address>
         <size>0x68</size>
         <input_file_ref idref="fl-4a"/>
      </object_component>
      <object_component id="oc-70">
         <name>.text</name>
         <load_address>0x8e9c</load_address>
         <run_address>0x8e9c</run_address>
         <size>0x67</size>
         <input_file_ref idref="fl-2b"/>
      </object_component>
      <object_component id="oc-bd">
         <name>.text:GPIO_open</name>
         <load_address>0x8f04</load_address>
         <run_address>0x8f04</run_address>
         <size>0x4f</size>
         <input_file_ref idref="fl-42"/>
      </object_component>
      <object_component id="oc-8f">
         <name>.text</name>
         <load_address>0x8f53</load_address>
         <run_address>0x8f53</run_address>
         <size>0x4d</size>
         <input_file_ref idref="fl-32"/>
      </object_component>
      <object_component id="oc-8b">
         <name>.text</name>
         <load_address>0x8fa0</load_address>
         <run_address>0x8fa0</run_address>
         <size>0x4b</size>
         <input_file_ref idref="fl-31"/>
      </object_component>
      <object_component id="oc-5d">
         <name>.text</name>
         <load_address>0x8feb</load_address>
         <run_address>0x8feb</run_address>
         <size>0x3e</size>
         <input_file_ref idref="fl-27"/>
      </object_component>
      <object_component id="oc-75">
         <name>.text</name>
         <load_address>0x9029</load_address>
         <run_address>0x9029</run_address>
         <size>0x3c</size>
         <input_file_ref idref="fl-2c"/>
      </object_component>
      <object_component id="oc-b8">
         <name>.text:DMA_close</name>
         <load_address>0x9068</load_address>
         <run_address>0x9068</run_address>
         <size>0x38</size>
         <input_file_ref idref="fl-3d"/>
      </object_component>
      <object_component id="oc-c3">
         <name>.text:IRQ_clear</name>
         <load_address>0x90a0</load_address>
         <run_address>0x90a0</run_address>
         <size>0x37</size>
         <input_file_ref idref="fl-48"/>
      </object_component>
      <object_component id="oc-ca">
         <name>.text:IRQ_setVecs</name>
         <load_address>0x90d8</load_address>
         <run_address>0x90d8</run_address>
         <size>0x37</size>
         <input_file_ref idref="fl-4f"/>
      </object_component>
      <object_component id="oc-cc">
         <name>.text:MCBSP_close</name>
         <load_address>0x9110</load_address>
         <run_address>0x9110</run_address>
         <size>0x36</size>
         <input_file_ref idref="fl-51"/>
      </object_component>
      <object_component id="oc-15">
         <name>.text</name>
         <load_address>0x9146</load_address>
         <run_address>0x9146</run_address>
         <size>0x34</size>
         <input_file_ref idref="fl-26"/>
      </object_component>
      <object_component id="oc-64">
         <name>.text</name>
         <load_address>0x917a</load_address>
         <run_address>0x917a</run_address>
         <size>0x2a</size>
         <input_file_ref idref="fl-28"/>
      </object_component>
      <object_component id="oc-40">
         <name>.text</name>
         <load_address>0x91a4</load_address>
         <run_address>0x91a4</run_address>
         <size>0x22</size>
         <input_file_ref idref="fl-8"/>
      </object_component>
      <object_component id="oc-bb">
         <name>.text:GPIO_pinDirection</name>
         <load_address>0x91c8</load_address>
         <run_address>0x91c8</run_address>
         <size>0x1f</size>
         <input_file_ref idref="fl-40"/>
      </object_component>
      <object_component id="oc-bf">
         <name>.text:GPIO_pinWrite</name>
         <load_address>0x91e8</load_address>
         <run_address>0x91e8</run_address>
         <size>0x1f</size>
         <input_file_ref idref="fl-44"/>
      </object_component>
      <object_component id="oc-be">
         <name>.text:GPIO_pinRead</name>
         <load_address>0x9208</load_address>
         <run_address>0x9208</run_address>
         <size>0x14</size>
         <input_file_ref idref="fl-43"/>
      </object_component>
      <object_component id="oc-7d">
         <name>.text</name>
         <load_address>0x921c</load_address>
         <run_address>0x921c</run_address>
         <size>0x14</size>
         <input_file_ref idref="fl-2e"/>
      </object_component>
      <object_component id="oc-bc">
         <name>.text:GPIO_pinEnable</name>
         <load_address>0x9230</load_address>
         <run_address>0x9230</run_address>
         <size>0x13</size>
         <input_file_ref idref="fl-41"/>
      </object_component>
      <object_component id="oc-85">
         <name>.text</name>
         <load_address>0x9243</load_address>
         <run_address>0x9243</run_address>
         <size>0x12</size>
         <input_file_ref idref="fl-30"/>
      </object_component>
      <object_component id="oc-c6">
         <name>.text:IRQ_globalDisable</name>
         <load_address>0x9258</load_address>
         <run_address>0x9258</run_address>
         <size>0xf</size>
         <input_file_ref idref="fl-4b"/>
      </object_component>
      <object_component id="oc-c7">
         <name>.text:IRQ_globalEnable</name>
         <load_address>0x9268</load_address>
         <run_address>0x9268</run_address>
         <size>0xf</size>
         <input_file_ref idref="fl-4c"/>
      </object_component>
      <object_component id="oc-b2">
         <name>.text:_CSL_init</name>
         <load_address>0x9278</load_address>
         <run_address>0x9278</run_address>
         <size>0xd</size>
         <input_file_ref idref="fl-39"/>
      </object_component>
      <object_component id="oc-b4">
         <name>.text:CSL_init</name>
         <load_address>0x9288</load_address>
         <run_address>0x9288</run_address>
         <size>0xc</size>
         <input_file_ref idref="fl-3a"/>
      </object_component>
      <object_component id="oc-c8">
         <name>.text:IRQ_globalRestore</name>
         <load_address>0x9294</load_address>
         <run_address>0x9294</run_address>
         <size>0xc</size>
         <input_file_ref idref="fl-4d"/>
      </object_component>
      <object_component id="oc-6c">
         <name>.text</name>
         <load_address>0x92a0</load_address>
         <run_address>0x92a0</run_address>
         <size>0xc</size>
         <input_file_ref idref="fl-2a"/>
      </object_component>
      <object_component id="oc-61">
         <name>.text:CIO_breakpoint</name>
         <load_address>0x92ac</load_address>
         <run_address>0x92ac</run_address>
         <size>0x7</size>
         <input_file_ref idref="fl-27"/>
      </object_component>
      <object_component id="oc-ce">
         <name>.text:MCBSP_read16</name>
         <load_address>0x92b4</load_address>
         <run_address>0x92b4</run_address>
         <size>0x7</size>
         <input_file_ref idref="fl-53"/>
      </object_component>
      <object_component id="oc-d1">
         <name>.text:MCBSP_write16</name>
         <load_address>0x92bc</load_address>
         <run_address>0x92bc</run_address>
         <size>0x7</size>
         <input_file_ref idref="fl-56"/>
      </object_component>
      <object_component id="oc-b3">
         <name>.text</name>
         <load_address>0x92c4</load_address>
         <run_address>0x92c4</run_address>
         <size>0x2</size>
         <input_file_ref idref="fl-3a"/>
      </object_component>
      <object_component id="oc-59">
         <name>.stack</name>
         <load_address>0x19e0</load_address>
         <run_address>0x19e0</run_address>
         <size>0x0</size>
         <input_file_ref idref="fl-26"/>
      </object_component>
      <object_component id="oc-fb">
         <name>.stack</name>
         <load_address>0x19e0</load_address>
         <run_address>0x19e0</run_address>
         <size>0x0</size>
      </object_component>
      <object_component id="oc-da">
         <name>.sysstack</name>
         <load_address>0x300</load_address>
         <run_address>0x300</run_address>
         <size>0x0</size>
         <input_file_ref idref="fl-26"/>
      </object_component>
      <object_component id="oc-fc">
         <name>.sysstack</name>
         <load_address>0x300</load_address>
         <run_address>0x300</run_address>
         <size>0x0</size>
      </object_component>
      <object_component id="oc-d5">
         <name>.csldata:DMA_data</name>
         <load_address>0x1780</load_address>
         <run_address>0x1780</run_address>
         <size>0xfc</size>
         <input_file_ref idref="fl-59"/>
      </object_component>
      <object_component id="oc-d9">
         <name>.csldata:MCBSP_data</name>
         <load_address>0x187c</load_address>
         <run_address>0x187c</run_address>
         <size>0xcc</size>
         <input_file_ref idref="fl-5b"/>
      </object_component>
      <object_component id="oc-b6">
         <name>.csldata:SYS_data</name>
         <load_address>0x1948</load_address>
         <run_address>0x1948</run_address>
         <size>0x44</size>
         <input_file_ref idref="fl-3b"/>
      </object_component>
      <object_component id="oc-d7">
         <name>.csldata:GPIO_data</name>
         <load_address>0x198c</load_address>
         <run_address>0x198c</run_address>
         <size>0x40</size>
         <input_file_ref idref="fl-5a"/>
      </object_component>
      <object_component id="oc-34">
         <name>.bss</name>
         <load_address>0x1be0</load_address>
         <run_address>0x1be0</run_address>
         <size>0x10e</size>
         <input_file_ref idref="fl-6"/>
      </object_component>
      <object_component id="oc-1d">
         <name>.bss</name>
         <load_address>0x1cf0</load_address>
         <run_address>0x1cf0</run_address>
         <size>0x74</size>
         <input_file_ref idref="fl-3"/>
      </object_component>
      <object_component id="oc-41">
         <name>.bss</name>
         <load_address>0x1d64</load_address>
         <run_address>0x1d64</run_address>
         <size>0x14</size>
         <input_file_ref idref="fl-8"/>
      </object_component>
      <object_component id="oc-a8">
         <name>.bss</name>
         <load_address>0x1d78</load_address>
         <run_address>0x1d78</run_address>
         <size>0x10</size>
         <input_file_ref idref="fl-37"/>
      </object_component>
      <object_component id="oc-86">
         <name>.bss</name>
         <load_address>0x1d88</load_address>
         <run_address>0x1d88</run_address>
         <size>0x8</size>
         <input_file_ref idref="fl-30"/>
      </object_component>
      <object_component id="oc-5e">
         <name>.bss</name>
         <load_address>0x1d90</load_address>
         <run_address>0x1d90</run_address>
         <size>0x8</size>
         <input_file_ref idref="fl-27"/>
      </object_component>
      <object_component id="oc-48">
         <name>.bss</name>
         <load_address>0x1d98</load_address>
         <run_address>0x1d98</run_address>
         <size>0x6</size>
         <input_file_ref idref="fl-9"/>
      </object_component>
      <object_component id="oc-98">
         <name>.bss</name>
         <load_address>0x1da0</load_address>
         <run_address>0x1da0</run_address>
         <size>0x4</size>
         <input_file_ref idref="fl-34"/>
      </object_component>
      <object_component id="oc-2d">
         <name>.bss</name>
         <load_address>0x1da4</load_address>
         <run_address>0x1da4</run_address>
         <size>0x4</size>
         <input_file_ref idref="fl-5"/>
      </object_component>
      <object_component id="oc-dc">
         <name>.const:_$P$T0$1</name>
         <load_address>0x1dc0</load_address>
         <run_address>0x1dc0</run_address>
         <size>0x36</size>
         <input_file_ref idref="fl-34"/>
      </object_component>
      <object_component id="oc-dd">
         <name>.const:_$P$T0$1</name>
         <load_address>0x1df6</load_address>
         <run_address>0x1df6</run_address>
         <size>0x14</size>
         <input_file_ref idref="fl-36"/>
      </object_component>
      <object_component id="oc-4c">
         <name>.const</name>
         <load_address>0x1e0c</load_address>
         <run_address>0x1e0c</run_address>
         <size>0x14</size>
         <input_file_ref idref="fl-9"/>
      </object_component>
      <object_component id="oc-23">
         <name>.const</name>
         <load_address>0x1e20</load_address>
         <run_address>0x1e20</run_address>
         <size>0xc</size>
         <input_file_ref idref="fl-3"/>
      </object_component>
      <object_component id="oc-3c">
         <name>.const</name>
         <load_address>0x1e2c</load_address>
         <run_address>0x1e2c</run_address>
         <size>0x4</size>
         <input_file_ref idref="fl-7"/>
      </object_component>
      <object_component id="oc-72">
         <name>.const</name>
         <load_address>0x1e30</load_address>
         <run_address>0x1e30</run_address>
         <size>0x4</size>
         <input_file_ref idref="fl-2b"/>
      </object_component>
      <object_component id="oc-db">
         <name>.switch:_printLetterT</name>
         <load_address>0x1e34</load_address>
         <run_address>0x1e34</run_address>
         <size>0x68</size>
         <input_file_ref idref="fl-6"/>
      </object_component>
      <object_component id="oc-36">
         <name>.cinit</name>
         <load_address>0x1300</load_address>
         <run_address>0x1300</run_address>
         <size>0x114</size>
         <input_file_ref idref="fl-6"/>
      </object_component>
      <object_component id="oc-d4">
         <name>.cinit</name>
         <load_address>0x1414</load_address>
         <run_address>0x1414</run_address>
         <size>0x102</size>
         <input_file_ref idref="fl-59"/>
      </object_component>
      <object_component id="oc-d8">
         <name>.cinit</name>
         <load_address>0x1516</load_address>
         <run_address>0x1516</run_address>
         <size>0xd2</size>
         <input_file_ref idref="fl-5b"/>
      </object_component>
      <object_component id="oc-1f">
         <name>.cinit</name>
         <load_address>0x15e8</load_address>
         <run_address>0x15e8</run_address>
         <size>0x94</size>
         <input_file_ref idref="fl-3"/>
      </object_component>
      <object_component id="oc-b5">
         <name>.cinit</name>
         <load_address>0x167c</load_address>
         <run_address>0x167c</run_address>
         <size>0x4a</size>
         <input_file_ref idref="fl-3b"/>
      </object_component>
      <object_component id="oc-d6">
         <name>.cinit</name>
         <load_address>0x16c6</load_address>
         <run_address>0x16c6</run_address>
         <size>0x46</size>
         <input_file_ref idref="fl-5a"/>
      </object_component>
      <object_component id="oc-43">
         <name>.cinit</name>
         <load_address>0x170c</load_address>
         <run_address>0x170c</run_address>
         <size>0x1a</size>
         <input_file_ref idref="fl-8"/>
      </object_component>
      <object_component id="oc-4a">
         <name>.cinit</name>
         <load_address>0x1726</load_address>
         <run_address>0x1726</run_address>
         <size>0x18</size>
         <input_file_ref idref="fl-9"/>
      </object_component>
      <object_component id="oc-88">
         <name>.cinit</name>
         <load_address>0x173e</load_address>
         <run_address>0x173e</run_address>
         <size>0x14</size>
         <input_file_ref idref="fl-30"/>
      </object_component>
      <object_component id="oc-60">
         <name>.cinit</name>
         <load_address>0x1752</load_address>
         <run_address>0x1752</run_address>
         <size>0x14</size>
         <input_file_ref idref="fl-27"/>
      </object_component>
      <object_component id="oc-2f">
         <name>.cinit</name>
         <load_address>0x1766</load_address>
         <run_address>0x1766</run_address>
         <size>0x10</size>
         <input_file_ref idref="fl-5"/>
      </object_component>
      <object_component id="oc-51">
         <name>.vectors</name>
         <load_address>0xfe00</load_address>
         <run_address>0xfe00</run_address>
         <size>0x100</size>
         <input_file_ref idref="fl-a"/>
      </object_component>
      <object_component id="oc-20">
         <name>dmaTest</name>
         <load_address>0x2000</load_address>
         <run_address>0x2000</run_address>
         <size>0x4000</size>
         <input_file_ref idref="fl-3"/>
      </object_component>
      <object_component id="oc-4b">
         <name>data_br_buf</name>
         <load_address>0xa000</load_address>
         <run_address>0xa000</run_address>
         <size>0x2000</size>
         <input_file_ref idref="fl-9"/>
      </object_component>
      <object_component id="oc-21">
         <name>scratch_buf</name>
         <load_address>0xc000</load_address>
         <run_address>0xc000</run_address>
         <size>0x2000</size>
         <input_file_ref idref="fl-3"/>
      </object_component>
      <object_component id="oc-16">
         <name>vectors</name>
         <load_address>0xc0</load_address>
         <run_address>0xc0</run_address>
         <size>0x100</size>
         <input_file_ref idref="fl-2f"/>
      </object_component>
      <object_component id="oc-18">
         <name>.debug_info</name>
         <load_address>0x0</load_address>
         <run_address>0x0</run_address>
         <size>0xe7c</size>
         <input_file_ref idref="fl-2"/>
      </object_component>
      <object_component id="oc-1e">
         <name>.debug_info</name>
         <load_address>0xe7c</load_address>
         <run_address>0xe7c</run_address>
         <size>0x1898</size>
         <input_file_ref idref="fl-3"/>
      </object_component>
      <object_component id="oc-28">
         <name>.debug_info</name>
         <load_address>0x2714</load_address>
         <run_address>0x2714</run_address>
         <size>0xaf8</size>
         <input_file_ref idref="fl-4"/>
      </object_component>
      <object_component id="oc-2e">
         <name>.debug_info</name>
         <load_address>0x320c</load_address>
         <run_address>0x320c</run_address>
         <size>0xb1d</size>
         <input_file_ref idref="fl-5"/>
      </object_component>
      <object_component id="oc-35">
         <name>.debug_info</name>
         <load_address>0x3d29</load_address>
         <run_address>0x3d29</run_address>
         <size>0x140c</size>
         <input_file_ref idref="fl-6"/>
      </object_component>
      <object_component id="oc-3b">
         <name>.debug_info</name>
         <load_address>0x5135</load_address>
         <run_address>0x5135</run_address>
         <size>0x65a</size>
         <input_file_ref idref="fl-7"/>
      </object_component>
      <object_component id="oc-42">
         <name>.debug_info</name>
         <load_address>0x578f</load_address>
         <run_address>0x578f</run_address>
         <size>0x66a</size>
         <input_file_ref idref="fl-8"/>
      </object_component>
      <object_component id="oc-49">
         <name>.debug_info</name>
         <load_address>0x5df9</load_address>
         <run_address>0x5df9</run_address>
         <size>0x94b</size>
         <input_file_ref idref="fl-9"/>
      </object_component>
      <object_component id="oc-52">
         <name>.debug_info</name>
         <load_address>0x6744</load_address>
         <run_address>0x6744</run_address>
         <size>0xfa</size>
         <input_file_ref idref="fl-a"/>
      </object_component>
      <object_component id="oc-56">
         <name>.debug_info</name>
         <load_address>0x683e</load_address>
         <run_address>0x683e</run_address>
         <size>0x5ab</size>
         <input_file_ref idref="fl-25"/>
      </object_component>
      <object_component id="oc-5a">
         <name>.debug_info</name>
         <load_address>0x6de9</load_address>
         <run_address>0x6de9</run_address>
         <size>0xe8</size>
         <input_file_ref idref="fl-26"/>
      </object_component>
      <object_component id="oc-5f">
         <name>.debug_info</name>
         <load_address>0x6ed1</load_address>
         <run_address>0x6ed1</run_address>
         <size>0x5fb</size>
         <input_file_ref idref="fl-27"/>
      </object_component>
      <object_component id="oc-65">
         <name>.debug_info</name>
         <load_address>0x74cc</load_address>
         <run_address>0x74cc</run_address>
         <size>0x4cf</size>
         <input_file_ref idref="fl-28"/>
      </object_component>
      <object_component id="oc-69">
         <name>.debug_info</name>
         <load_address>0x799b</load_address>
         <run_address>0x799b</run_address>
         <size>0x534</size>
         <input_file_ref idref="fl-29"/>
      </object_component>
      <object_component id="oc-6d">
         <name>.debug_info</name>
         <load_address>0x7ecf</load_address>
         <run_address>0x7ecf</run_address>
         <size>0x4cf</size>
         <input_file_ref idref="fl-2a"/>
      </object_component>
      <object_component id="oc-71">
         <name>.debug_info</name>
         <load_address>0x839e</load_address>
         <run_address>0x839e</run_address>
         <size>0x549</size>
         <input_file_ref idref="fl-2b"/>
      </object_component>
      <object_component id="oc-76">
         <name>.debug_info</name>
         <load_address>0x88e7</load_address>
         <run_address>0x88e7</run_address>
         <size>0xeb</size>
         <input_file_ref idref="fl-2c"/>
      </object_component>
      <object_component id="oc-7a">
         <name>.debug_info</name>
         <load_address>0x89d2</load_address>
         <run_address>0x89d2</run_address>
         <size>0x55b</size>
         <input_file_ref idref="fl-2d"/>
      </object_component>
      <object_component id="oc-7e">
         <name>.debug_info</name>
         <load_address>0x8f2d</load_address>
         <run_address>0x8f2d</run_address>
         <size>0x4de</size>
         <input_file_ref idref="fl-2e"/>
      </object_component>
      <object_component id="oc-82">
         <name>.debug_info</name>
         <load_address>0x940b</load_address>
         <run_address>0x940b</run_address>
         <size>0xbc</size>
         <input_file_ref idref="fl-2f"/>
      </object_component>
      <object_component id="oc-87">
         <name>.debug_info</name>
         <load_address>0x94c7</load_address>
         <run_address>0x94c7</run_address>
         <size>0x5bc</size>
         <input_file_ref idref="fl-30"/>
      </object_component>
      <object_component id="oc-8c">
         <name>.debug_info</name>
         <load_address>0x9a83</load_address>
         <run_address>0x9a83</run_address>
         <size>0x586</size>
         <input_file_ref idref="fl-31"/>
      </object_component>
      <object_component id="oc-90">
         <name>.debug_info</name>
         <load_address>0xa009</load_address>
         <run_address>0xa009</run_address>
         <size>0xcd</size>
         <input_file_ref idref="fl-32"/>
      </object_component>
      <object_component id="oc-94">
         <name>.debug_info</name>
         <load_address>0xa0d6</load_address>
         <run_address>0xa0d6</run_address>
         <size>0x4d2</size>
         <input_file_ref idref="fl-33"/>
      </object_component>
      <object_component id="oc-99">
         <name>.debug_info</name>
         <load_address>0xa5a8</load_address>
         <run_address>0xa5a8</run_address>
         <size>0x30ff</size>
         <input_file_ref idref="fl-34"/>
      </object_component>
      <object_component id="oc-9e">
         <name>.debug_info</name>
         <load_address>0xd6a7</load_address>
         <run_address>0xd6a7</run_address>
         <size>0x2eec</size>
         <input_file_ref idref="fl-35"/>
      </object_component>
      <object_component id="oc-a3">
         <name>.debug_info</name>
         <load_address>0x10593</load_address>
         <run_address>0x10593</run_address>
         <size>0x3031</size>
         <input_file_ref idref="fl-36"/>
      </object_component>
      <object_component id="oc-a9">
         <name>.debug_info</name>
         <load_address>0x135c4</load_address>
         <run_address>0x135c4</run_address>
         <size>0x3072</size>
         <input_file_ref idref="fl-37"/>
      </object_component>
      <object_component id="oc-ae">
         <name>.debug_info</name>
         <load_address>0x16636</load_address>
         <run_address>0x16636</run_address>
         <size>0x2bda</size>
         <input_file_ref idref="fl-38"/>
      </object_component>
      <object_component id="oc-fe">
         <name>.debug_info</name>
         <load_address>0x19210</load_address>
         <run_address>0x19210</run_address>
         <size>0x6e</size>
      </object_component>
      <object_component id="oc-19">
         <name>.debug_frame</name>
         <load_address>0x0</load_address>
         <run_address>0x0</run_address>
         <size>0x157</size>
         <input_file_ref idref="fl-2"/>
      </object_component>
      <object_component id="oc-24">
         <name>.debug_frame</name>
         <load_address>0x157</load_address>
         <run_address>0x157</run_address>
         <size>0x4d8</size>
         <input_file_ref idref="fl-3"/>
      </object_component>
      <object_component id="oc-29">
         <name>.debug_frame</name>
         <load_address>0x62f</load_address>
         <run_address>0x62f</run_address>
         <size>0x13a</size>
         <input_file_ref idref="fl-4"/>
      </object_component>
      <object_component id="oc-30">
         <name>.debug_frame</name>
         <load_address>0x769</load_address>
         <run_address>0x769</run_address>
         <size>0x16e</size>
         <input_file_ref idref="fl-5"/>
      </object_component>
      <object_component id="oc-37">
         <name>.debug_frame</name>
         <load_address>0x8d7</load_address>
         <run_address>0x8d7</run_address>
         <size>0x13c</size>
         <input_file_ref idref="fl-6"/>
      </object_component>
      <object_component id="oc-3d">
         <name>.debug_frame</name>
         <load_address>0xa13</load_address>
         <run_address>0xa13</run_address>
         <size>0xe5</size>
         <input_file_ref idref="fl-7"/>
      </object_component>
      <object_component id="oc-44">
         <name>.debug_frame</name>
         <load_address>0xaf8</load_address>
         <run_address>0xaf8</run_address>
         <size>0xe4</size>
         <input_file_ref idref="fl-8"/>
      </object_component>
      <object_component id="oc-4d">
         <name>.debug_frame</name>
         <load_address>0xbdc</load_address>
         <run_address>0xbdc</run_address>
         <size>0x130</size>
         <input_file_ref idref="fl-9"/>
      </object_component>
      <object_component id="oc-9a">
         <name>.debug_frame</name>
         <load_address>0xd0c</load_address>
         <run_address>0xd0c</run_address>
         <size>0x138</size>
         <input_file_ref idref="fl-34"/>
      </object_component>
      <object_component id="oc-9f">
         <name>.debug_frame</name>
         <load_address>0xe44</load_address>
         <run_address>0xe44</run_address>
         <size>0x157</size>
         <input_file_ref idref="fl-35"/>
      </object_component>
      <object_component id="oc-a4">
         <name>.debug_frame</name>
         <load_address>0xf9b</load_address>
         <run_address>0xf9b</run_address>
         <size>0x132</size>
         <input_file_ref idref="fl-36"/>
      </object_component>
      <object_component id="oc-aa">
         <name>.debug_frame</name>
         <load_address>0x10cd</load_address>
         <run_address>0x10cd</run_address>
         <size>0x13c</size>
         <input_file_ref idref="fl-37"/>
      </object_component>
      <object_component id="oc-af">
         <name>.debug_frame</name>
         <load_address>0x1209</load_address>
         <run_address>0x1209</run_address>
         <size>0x138</size>
         <input_file_ref idref="fl-38"/>
      </object_component>
      <object_component id="oc-1a">
         <name>.debug_line</name>
         <load_address>0x0</load_address>
         <run_address>0x0</run_address>
         <size>0x118</size>
         <input_file_ref idref="fl-2"/>
      </object_component>
      <object_component id="oc-25">
         <name>.debug_line</name>
         <load_address>0x118</load_address>
         <run_address>0x118</run_address>
         <size>0x337</size>
         <input_file_ref idref="fl-3"/>
      </object_component>
      <object_component id="oc-2a">
         <name>.debug_line</name>
         <load_address>0x44f</load_address>
         <run_address>0x44f</run_address>
         <size>0xc4</size>
         <input_file_ref idref="fl-4"/>
      </object_component>
      <object_component id="oc-31">
         <name>.debug_line</name>
         <load_address>0x513</load_address>
         <run_address>0x513</run_address>
         <size>0xf0</size>
         <input_file_ref idref="fl-5"/>
      </object_component>
      <object_component id="oc-38">
         <name>.debug_line</name>
         <load_address>0x603</load_address>
         <run_address>0x603</run_address>
         <size>0x43a</size>
         <input_file_ref idref="fl-6"/>
      </object_component>
      <object_component id="oc-3e">
         <name>.debug_line</name>
         <load_address>0xa3d</load_address>
         <run_address>0xa3d</run_address>
         <size>0x50</size>
         <input_file_ref idref="fl-7"/>
      </object_component>
      <object_component id="oc-45">
         <name>.debug_line</name>
         <load_address>0xa8d</load_address>
         <run_address>0xa8d</run_address>
         <size>0x40</size>
         <input_file_ref idref="fl-8"/>
      </object_component>
      <object_component id="oc-4e">
         <name>.debug_line</name>
         <load_address>0xacd</load_address>
         <run_address>0xacd</run_address>
         <size>0x97</size>
         <input_file_ref idref="fl-9"/>
      </object_component>
      <object_component id="oc-53">
         <name>.debug_line</name>
         <load_address>0xb64</load_address>
         <run_address>0xb64</run_address>
         <size>0x6e</size>
         <input_file_ref idref="fl-a"/>
      </object_component>
      <object_component id="oc-57">
         <name>.debug_line</name>
         <load_address>0xbd2</load_address>
         <run_address>0xbd2</run_address>
         <size>0x5c</size>
         <input_file_ref idref="fl-25"/>
      </object_component>
      <object_component id="oc-5b">
         <name>.debug_line</name>
         <load_address>0xc2e</load_address>
         <run_address>0xc2e</run_address>
         <size>0x54</size>
         <input_file_ref idref="fl-26"/>
      </object_component>
      <object_component id="oc-62">
         <name>.debug_line</name>
         <load_address>0xc82</load_address>
         <run_address>0xc82</run_address>
         <size>0x51</size>
         <input_file_ref idref="fl-27"/>
      </object_component>
      <object_component id="oc-66">
         <name>.debug_line</name>
         <load_address>0xcd3</load_address>
         <run_address>0xcd3</run_address>
         <size>0x3d</size>
         <input_file_ref idref="fl-28"/>
      </object_component>
      <object_component id="oc-6a">
         <name>.debug_line</name>
         <load_address>0xd10</load_address>
         <run_address>0xd10</run_address>
         <size>0x3d</size>
         <input_file_ref idref="fl-29"/>
      </object_component>
      <object_component id="oc-6e">
         <name>.debug_line</name>
         <load_address>0xd4d</load_address>
         <run_address>0xd4d</run_address>
         <size>0x3d</size>
         <input_file_ref idref="fl-2a"/>
      </object_component>
      <object_component id="oc-73">
         <name>.debug_line</name>
         <load_address>0xd8a</load_address>
         <run_address>0xd8a</run_address>
         <size>0x44</size>
         <input_file_ref idref="fl-2b"/>
      </object_component>
      <object_component id="oc-77">
         <name>.debug_line</name>
         <load_address>0xdce</load_address>
         <run_address>0xdce</run_address>
         <size>0x5c</size>
         <input_file_ref idref="fl-2c"/>
      </object_component>
      <object_component id="oc-7b">
         <name>.debug_line</name>
         <load_address>0xe2a</load_address>
         <run_address>0xe2a</run_address>
         <size>0x3c</size>
         <input_file_ref idref="fl-2d"/>
      </object_component>
      <object_component id="oc-7f">
         <name>.debug_line</name>
         <load_address>0xe66</load_address>
         <run_address>0xe66</run_address>
         <size>0x37</size>
         <input_file_ref idref="fl-2e"/>
      </object_component>
      <object_component id="oc-83">
         <name>.debug_line</name>
         <load_address>0xe9d</load_address>
         <run_address>0xe9d</run_address>
         <size>0x37</size>
         <input_file_ref idref="fl-2f"/>
      </object_component>
      <object_component id="oc-89">
         <name>.debug_line</name>
         <load_address>0xed4</load_address>
         <run_address>0xed4</run_address>
         <size>0x57</size>
         <input_file_ref idref="fl-30"/>
      </object_component>
      <object_component id="oc-8d">
         <name>.debug_line</name>
         <load_address>0xf2b</load_address>
         <run_address>0xf2b</run_address>
         <size>0x41</size>
         <input_file_ref idref="fl-31"/>
      </object_component>
      <object_component id="oc-91">
         <name>.debug_line</name>
         <load_address>0xf6c</load_address>
         <run_address>0xf6c</run_address>
         <size>0x55</size>
         <input_file_ref idref="fl-32"/>
      </object_component>
      <object_component id="oc-95">
         <name>.debug_line</name>
         <load_address>0xfc1</load_address>
         <run_address>0xfc1</run_address>
         <size>0x3a</size>
         <input_file_ref idref="fl-33"/>
      </object_component>
      <object_component id="oc-9b">
         <name>.debug_line</name>
         <load_address>0xffb</load_address>
         <run_address>0xffb</run_address>
         <size>0x89b</size>
         <input_file_ref idref="fl-34"/>
      </object_component>
      <object_component id="oc-a0">
         <name>.debug_line</name>
         <load_address>0x1896</load_address>
         <run_address>0x1896</run_address>
         <size>0x8ba</size>
         <input_file_ref idref="fl-35"/>
      </object_component>
      <object_component id="oc-a5">
         <name>.debug_line</name>
         <load_address>0x2150</load_address>
         <run_address>0x2150</run_address>
         <size>0x831</size>
         <input_file_ref idref="fl-36"/>
      </object_component>
      <object_component id="oc-ab">
         <name>.debug_line</name>
         <load_address>0x2981</load_address>
         <run_address>0x2981</run_address>
         <size>0x8da</size>
         <input_file_ref idref="fl-37"/>
      </object_component>
      <object_component id="oc-b0">
         <name>.debug_line</name>
         <load_address>0x325b</load_address>
         <run_address>0x325b</run_address>
         <size>0x8bd</size>
         <input_file_ref idref="fl-38"/>
      </object_component>
      <object_component id="oc-1b">
         <name>.debug_abbrev</name>
         <load_address>0x0</load_address>
         <run_address>0x0</run_address>
         <size>0x115</size>
         <input_file_ref idref="fl-2"/>
      </object_component>
      <object_component id="oc-26">
         <name>.debug_abbrev</name>
         <load_address>0x115</load_address>
         <run_address>0x115</run_address>
         <size>0x231</size>
         <input_file_ref idref="fl-3"/>
      </object_component>
      <object_component id="oc-2b">
         <name>.debug_abbrev</name>
         <load_address>0x346</load_address>
         <run_address>0x346</run_address>
         <size>0xef</size>
         <input_file_ref idref="fl-4"/>
      </object_component>
      <object_component id="oc-32">
         <name>.debug_abbrev</name>
         <load_address>0x435</load_address>
         <run_address>0x435</run_address>
         <size>0xf4</size>
         <input_file_ref idref="fl-5"/>
      </object_component>
      <object_component id="oc-39">
         <name>.debug_abbrev</name>
         <load_address>0x529</load_address>
         <run_address>0x529</run_address>
         <size>0x15b</size>
         <input_file_ref idref="fl-6"/>
      </object_component>
      <object_component id="oc-3f">
         <name>.debug_abbrev</name>
         <load_address>0x684</load_address>
         <run_address>0x684</run_address>
         <size>0xa7</size>
         <input_file_ref idref="fl-7"/>
      </object_component>
      <object_component id="oc-46">
         <name>.debug_abbrev</name>
         <load_address>0x72b</load_address>
         <run_address>0x72b</run_address>
         <size>0xc7</size>
         <input_file_ref idref="fl-8"/>
      </object_component>
      <object_component id="oc-4f">
         <name>.debug_abbrev</name>
         <load_address>0x7f2</load_address>
         <run_address>0x7f2</run_address>
         <size>0x114</size>
         <input_file_ref idref="fl-9"/>
      </object_component>
      <object_component id="oc-54">
         <name>.debug_abbrev</name>
         <load_address>0x906</load_address>
         <run_address>0x906</run_address>
         <size>0x20</size>
         <input_file_ref idref="fl-a"/>
      </object_component>
      <object_component id="oc-58">
         <name>.debug_abbrev</name>
         <load_address>0x926</load_address>
         <run_address>0x926</run_address>
         <size>0xd4</size>
         <input_file_ref idref="fl-25"/>
      </object_component>
      <object_component id="oc-5c">
         <name>.debug_abbrev</name>
         <load_address>0x9fa</load_address>
         <run_address>0x9fa</run_address>
         <size>0x3a</size>
         <input_file_ref idref="fl-26"/>
      </object_component>
      <object_component id="oc-63">
         <name>.debug_abbrev</name>
         <load_address>0xa34</load_address>
         <run_address>0xa34</run_address>
         <size>0xf7</size>
         <input_file_ref idref="fl-27"/>
      </object_component>
      <object_component id="oc-67">
         <name>.debug_abbrev</name>
         <load_address>0xb2b</load_address>
         <run_address>0xb2b</run_address>
         <size>0x8f</size>
         <input_file_ref idref="fl-28"/>
      </object_component>
      <object_component id="oc-6b">
         <name>.debug_abbrev</name>
         <load_address>0xbba</load_address>
         <run_address>0xbba</run_address>
         <size>0xb7</size>
         <input_file_ref idref="fl-29"/>
      </object_component>
      <object_component id="oc-6f">
         <name>.debug_abbrev</name>
         <load_address>0xc71</load_address>
         <run_address>0xc71</run_address>
         <size>0x8f</size>
         <input_file_ref idref="fl-2a"/>
      </object_component>
      <object_component id="oc-74">
         <name>.debug_abbrev</name>
         <load_address>0xd00</load_address>
         <run_address>0xd00</run_address>
         <size>0xc2</size>
         <input_file_ref idref="fl-2b"/>
      </object_component>
      <object_component id="oc-78">
         <name>.debug_abbrev</name>
         <load_address>0xdc2</load_address>
         <run_address>0xdc2</run_address>
         <size>0x38</size>
         <input_file_ref idref="fl-2c"/>
      </object_component>
      <object_component id="oc-7c">
         <name>.debug_abbrev</name>
         <load_address>0xdfa</load_address>
         <run_address>0xdfa</run_address>
         <size>0xdc</size>
         <input_file_ref idref="fl-2d"/>
      </object_component>
      <object_component id="oc-80">
         <name>.debug_abbrev</name>
         <load_address>0xed6</load_address>
         <run_address>0xed6</run_address>
         <size>0x8f</size>
         <input_file_ref idref="fl-2e"/>
      </object_component>
      <object_component id="oc-84">
         <name>.debug_abbrev</name>
         <load_address>0xf65</load_address>
         <run_address>0xf65</run_address>
         <size>0x26</size>
         <input_file_ref idref="fl-2f"/>
      </object_component>
      <object_component id="oc-8a">
         <name>.debug_abbrev</name>
         <load_address>0xf8b</load_address>
         <run_address>0xf8b</run_address>
         <size>0x9f</size>
         <input_file_ref idref="fl-30"/>
      </object_component>
      <object_component id="oc-8e">
         <name>.debug_abbrev</name>
         <load_address>0x102a</load_address>
         <run_address>0x102a</run_address>
         <size>0xec</size>
         <input_file_ref idref="fl-31"/>
      </object_component>
      <object_component id="oc-92">
         <name>.debug_abbrev</name>
         <load_address>0x1116</load_address>
         <run_address>0x1116</run_address>
         <size>0x44</size>
         <input_file_ref idref="fl-32"/>
      </object_component>
      <object_component id="oc-96">
         <name>.debug_abbrev</name>
         <load_address>0x115a</load_address>
         <run_address>0x115a</run_address>
         <size>0x81</size>
         <input_file_ref idref="fl-33"/>
      </object_component>
      <object_component id="oc-9c">
         <name>.debug_abbrev</name>
         <load_address>0x11db</load_address>
         <run_address>0x11db</run_address>
         <size>0x210</size>
         <input_file_ref idref="fl-34"/>
      </object_component>
      <object_component id="oc-a1">
         <name>.debug_abbrev</name>
         <load_address>0x13eb</load_address>
         <run_address>0x13eb</run_address>
         <size>0x183</size>
         <input_file_ref idref="fl-35"/>
      </object_component>
      <object_component id="oc-a6">
         <name>.debug_abbrev</name>
         <load_address>0x156e</load_address>
         <run_address>0x156e</run_address>
         <size>0x1bb</size>
         <input_file_ref idref="fl-36"/>
      </object_component>
      <object_component id="oc-ac">
         <name>.debug_abbrev</name>
         <load_address>0x1729</load_address>
         <run_address>0x1729</run_address>
         <size>0x199</size>
         <input_file_ref idref="fl-37"/>
      </object_component>
      <object_component id="oc-b1">
         <name>.debug_abbrev</name>
         <load_address>0x18c2</load_address>
         <run_address>0x18c2</run_address>
         <size>0x21e</size>
         <input_file_ref idref="fl-38"/>
      </object_component>
      <object_component id="oc-ff">
         <name>.debug_abbrev</name>
         <load_address>0x1ae0</load_address>
         <run_address>0x1ae0</run_address>
         <size>0xd</size>
      </object_component>
   </object_component_list>
   <logical_group_list>
      <logical_group id="lg-2">
         <name>.text</name>
         <load_address>0x6000</load_address>
         <run_address>0x6000</run_address>
         <size>0x32c8</size>
         <contents>
            <object_component_ref idref="oc-33"/>
            <object_component_ref idref="oc-22"/>
            <object_component_ref idref="oc-1c"/>
            <object_component_ref idref="oc-17"/>
            <object_component_ref idref="oc-cf"/>
            <object_component_ref idref="oc-55"/>
            <object_component_ref idref="oc-a7"/>
            <object_component_ref idref="oc-ba"/>
            <object_component_ref idref="oc-81"/>
            <object_component_ref idref="oc-c2"/>
            <object_component_ref idref="oc-47"/>
            <object_component_ref idref="oc-27"/>
            <object_component_ref idref="oc-50"/>
            <object_component_ref idref="oc-c1"/>
            <object_component_ref idref="oc-9d"/>
            <object_component_ref idref="oc-79"/>
            <object_component_ref idref="oc-cb"/>
            <object_component_ref idref="oc-b7"/>
            <object_component_ref idref="oc-cd"/>
            <object_component_ref idref="oc-2c"/>
            <object_component_ref idref="oc-b9"/>
            <object_component_ref idref="oc-97"/>
            <object_component_ref idref="oc-d2"/>
            <object_component_ref idref="oc-d3"/>
            <object_component_ref idref="oc-3a"/>
            <object_component_ref idref="oc-c9"/>
            <object_component_ref idref="oc-d0"/>
            <object_component_ref idref="oc-93"/>
            <object_component_ref idref="oc-c0"/>
            <object_component_ref idref="oc-c4"/>
            <object_component_ref idref="oc-ad"/>
            <object_component_ref idref="oc-68"/>
            <object_component_ref idref="oc-a2"/>
            <object_component_ref idref="oc-c5"/>
            <object_component_ref idref="oc-70"/>
            <object_component_ref idref="oc-bd"/>
            <object_component_ref idref="oc-8f"/>
            <object_component_ref idref="oc-8b"/>
            <object_component_ref idref="oc-5d"/>
            <object_component_ref idref="oc-75"/>
            <object_component_ref idref="oc-b8"/>
            <object_component_ref idref="oc-c3"/>
            <object_component_ref idref="oc-ca"/>
            <object_component_ref idref="oc-cc"/>
            <object_component_ref idref="oc-15"/>
            <object_component_ref idref="oc-64"/>
            <object_component_ref idref="oc-40"/>
            <object_component_ref idref="oc-bb"/>
            <object_component_ref idref="oc-bf"/>
            <object_component_ref idref="oc-be"/>
            <object_component_ref idref="oc-7d"/>
            <object_component_ref idref="oc-bc"/>
            <object_component_ref idref="oc-85"/>
            <object_component_ref idref="oc-c6"/>
            <object_component_ref idref="oc-c7"/>
            <object_component_ref idref="oc-b2"/>
            <object_component_ref idref="oc-b4"/>
            <object_component_ref idref="oc-c8"/>
            <object_component_ref idref="oc-6c"/>
            <object_component_ref idref="oc-61"/>
            <object_component_ref idref="oc-ce"/>
            <object_component_ref idref="oc-d1"/>
            <object_component_ref idref="oc-b3"/>
         </contents>
      </logical_group>
      <logical_group id="lg-4">
         <name>.stack</name>
         <load_address>0x19e0</load_address>
         <run_address>0x19e0</run_address>
         <size>0x200</size>
         <contents>
            <object_component_ref idref="oc-59"/>
            <object_component_ref idref="oc-fb"/>
         </contents>
      </logical_group>
      <logical_group id="lg-5">
         <name>.sysstack</name>
         <load_address>0x300</load_address>
         <run_address>0x300</run_address>
         <size>0x1000</size>
         <contents>
            <object_component_ref idref="oc-da"/>
            <object_component_ref idref="oc-fc"/>
         </contents>
      </logical_group>
      <logical_group id="lg-6">
         <name>.csldata</name>
         <load_address>0x1780</load_address>
         <run_address>0x1780</run_address>
         <size>0x24c</size>
         <contents>
            <object_component_ref idref="oc-d5"/>
            <object_component_ref idref="oc-d9"/>
            <object_component_ref idref="oc-b6"/>
            <object_component_ref idref="oc-d7"/>
         </contents>
      </logical_group>
      <logical_group id="lg-7">
         <name>.data</name>
         <load_address>0x300</load_address>
         <run_address>0x300</run_address>
         <size>0x0</size>
         <contents>
         </contents>
      </logical_group>
      <logical_group id="lg-8">
         <name>.bss</name>
         <load_address>0x1be0</load_address>
         <run_address>0x1be0</run_address>
         <size>0x1c8</size>
         <contents>
            <object_component_ref idref="oc-34"/>
            <object_component_ref idref="oc-1d"/>
            <object_component_ref idref="oc-41"/>
            <object_component_ref idref="oc-a8"/>
            <object_component_ref idref="oc-86"/>
            <object_component_ref idref="oc-5e"/>
            <object_component_ref idref="oc-48"/>
            <object_component_ref idref="oc-98"/>
            <object_component_ref idref="oc-2d"/>
         </contents>
      </logical_group>
      <logical_group id="lg-9">
         <name>.const</name>
         <load_address>0x1dc0</load_address>
         <run_address>0x1dc0</run_address>
         <size>0x74</size>
         <contents>
            <object_component_ref idref="oc-dc"/>
            <object_component_ref idref="oc-dd"/>
            <object_component_ref idref="oc-4c"/>
            <object_component_ref idref="oc-23"/>
            <object_component_ref idref="oc-3c"/>
            <object_component_ref idref="oc-72"/>
         </contents>
      </logical_group>
      <logical_group id="lg-a">
         <name>.sysmem</name>
         <run_address>0x0</run_address>
         <size>0x0</size>
         <contents>
         </contents>
      </logical_group>
      <logical_group id="lg-b">
         <name>.switch</name>
         <load_address>0x1e34</load_address>
         <run_address>0x1e34</run_address>
         <size>0x68</size>
         <contents>
            <object_component_ref idref="oc-db"/>
         </contents>
      </logical_group>
      <logical_group id="lg-c">
         <name>.cinit</name>
         <load_address>0x1300</load_address>
         <run_address>0x1300</run_address>
         <size>0x478</size>
         <contents>
            <object_component_ref idref="oc-36"/>
            <object_component_ref idref="oc-d4"/>
            <object_component_ref idref="oc-d8"/>
            <object_component_ref idref="oc-1f"/>
            <object_component_ref idref="oc-b5"/>
            <object_component_ref idref="oc-d6"/>
            <object_component_ref idref="oc-43"/>
            <object_component_ref idref="oc-4a"/>
            <object_component_ref idref="oc-88"/>
            <object_component_ref idref="oc-60"/>
            <object_component_ref idref="oc-2f"/>
         </contents>
      </logical_group>
      <logical_group id="lg-d">
         <name>.pinit</name>
         <load_address>0x300</load_address>
         <run_address>0x300</run_address>
         <size>0x0</size>
         <contents>
         </contents>
      </logical_group>
      <logical_group id="lg-e">
         <name>.cio</name>
         <load_address>0x300</load_address>
         <run_address>0x300</run_address>
         <size>0x0</size>
         <contents>
         </contents>
      </logical_group>
      <logical_group id="lg-f">
         <name>.args</name>
         <load_address>0x300</load_address>
         <run_address>0x300</run_address>
         <size>0x0</size>
         <contents>
         </contents>
      </logical_group>
      <logical_group id="lg-10">
         <name>.vectors</name>
         <load_address>0xfe00</load_address>
         <run_address>0xfe00</run_address>
         <size>0x100</size>
         <contents>
            <object_component_ref idref="oc-51"/>
         </contents>
      </logical_group>
      <logical_group id="lg-11">
         <name>dmaTest</name>
         <load_address>0x2000</load_address>
         <run_address>0x2000</run_address>
         <size>0x4000</size>
         <contents>
            <object_component_ref idref="oc-20"/>
         </contents>
      </logical_group>
      <logical_group id="lg-12">
         <name>data_br_buf</name>
         <load_address>0xa000</load_address>
         <run_address>0xa000</run_address>
         <size>0x2000</size>
         <contents>
            <object_component_ref idref="oc-4b"/>
         </contents>
      </logical_group>
      <logical_group id="lg-13">
         <name>scratch_buf</name>
         <load_address>0xc000</load_address>
         <run_address>0xc000</run_address>
         <size>0x2000</size>
         <contents>
            <object_component_ref idref="oc-21"/>
         </contents>
      </logical_group>
      <logical_group id="lg-14">
         <name>.ioport</name>
         <run_address>0x0</run_address>
         <size>0x0</size>
         <contents>
         </contents>
      </logical_group>
      <logical_group id="lg-f0">
         <name>vectors</name>
         <load_address>0xc0</load_address>
         <run_address>0xc0</run_address>
         <size>0x100</size>
         <contents>
            <object_component_ref idref="oc-16"/>
         </contents>
      </logical_group>
      <logical_group id="lg-f2">
         <name>.debug_info</name>
         <load_address>0x0</load_address>
         <run_address>0x0</run_address>
         <size>0x1927e</size>
         <contents>
            <object_component_ref idref="oc-18"/>
            <object_component_ref idref="oc-1e"/>
            <object_component_ref idref="oc-28"/>
            <object_component_ref idref="oc-2e"/>
            <object_component_ref idref="oc-35"/>
            <object_component_ref idref="oc-3b"/>
            <object_component_ref idref="oc-42"/>
            <object_component_ref idref="oc-49"/>
            <object_component_ref idref="oc-52"/>
            <object_component_ref idref="oc-56"/>
            <object_component_ref idref="oc-5a"/>
            <object_component_ref idref="oc-5f"/>
            <object_component_ref idref="oc-65"/>
            <object_component_ref idref="oc-69"/>
            <object_component_ref idref="oc-6d"/>
            <object_component_ref idref="oc-71"/>
            <object_component_ref idref="oc-76"/>
            <object_component_ref idref="oc-7a"/>
            <object_component_ref idref="oc-7e"/>
            <object_component_ref idref="oc-82"/>
            <object_component_ref idref="oc-87"/>
            <object_component_ref idref="oc-8c"/>
            <object_component_ref idref="oc-90"/>
            <object_component_ref idref="oc-94"/>
            <object_component_ref idref="oc-99"/>
            <object_component_ref idref="oc-9e"/>
            <object_component_ref idref="oc-a3"/>
            <object_component_ref idref="oc-a9"/>
            <object_component_ref idref="oc-ae"/>
            <object_component_ref idref="oc-fe"/>
         </contents>
      </logical_group>
      <logical_group id="lg-f4">
         <name>.debug_frame</name>
         <load_address>0x0</load_address>
         <run_address>0x0</run_address>
         <size>0x1341</size>
         <contents>
            <object_component_ref idref="oc-19"/>
            <object_component_ref idref="oc-24"/>
            <object_component_ref idref="oc-29"/>
            <object_component_ref idref="oc-30"/>
            <object_component_ref idref="oc-37"/>
            <object_component_ref idref="oc-3d"/>
            <object_component_ref idref="oc-44"/>
            <object_component_ref idref="oc-4d"/>
            <object_component_ref idref="oc-9a"/>
            <object_component_ref idref="oc-9f"/>
            <object_component_ref idref="oc-a4"/>
            <object_component_ref idref="oc-aa"/>
            <object_component_ref idref="oc-af"/>
         </contents>
      </logical_group>
      <logical_group id="lg-f6">
         <name>.debug_line</name>
         <load_address>0x0</load_address>
         <run_address>0x0</run_address>
         <size>0x3b18</size>
         <contents>
            <object_component_ref idref="oc-1a"/>
            <object_component_ref idref="oc-25"/>
            <object_component_ref idref="oc-2a"/>
            <object_component_ref idref="oc-31"/>
            <object_component_ref idref="oc-38"/>
            <object_component_ref idref="oc-3e"/>
            <object_component_ref idref="oc-45"/>
            <object_component_ref idref="oc-4e"/>
            <object_component_ref idref="oc-53"/>
            <object_component_ref idref="oc-57"/>
            <object_component_ref idref="oc-5b"/>
            <object_component_ref idref="oc-62"/>
            <object_component_ref idref="oc-66"/>
            <object_component_ref idref="oc-6a"/>
            <object_component_ref idref="oc-6e"/>
            <object_component_ref idref="oc-73"/>
            <object_component_ref idref="oc-77"/>
            <object_component_ref idref="oc-7b"/>
[...]
      </symbol>
      <symbol id="sm-165">
         <name>_apply_reverb</name>
         <value>0x7c02</value>
         <object_component_ref idref="oc-47"/>
      </symbol>
      <symbol id="sm-166">
         <name>_readIndex</name>
         <value>0x1d9c</value>
         <object_component_ref idref="oc-48"/>
      </symbol>
      <symbol id="sm-167">
         <name>_initReverb</name>
         <value>0x7bd6</value>
         <object_component_ref idref="oc-47"/>
      </symbol>
      <symbol id="sm-168">
         <name>_delayBuffer</name>
         <value>0xa000</value>
         <object_component_ref idref="oc-4b"/>
      </symbol>
      <symbol id="sm-169">
         <name>_writeIndex</name>
         <value>0x1d9a</value>
         <object_component_ref idref="oc-48"/>
      </symbol>
      <symbol id="sm-16a">
         <name>_apply_reverb2</name>
         <value>0x7d00</value>
         <object_component_ref idref="oc-47"/>
      </symbol>
      <symbol id="sm-174">
         <name>no_isr</name>
         <value>0x7eee</value>
         <object_component_ref idref="oc-50"/>
      </symbol>
      <symbol id="sm-175">
         <name>_VECSTART</name>
         <value>0xfe00</value>
         <object_component_ref idref="oc-51"/>
      </symbol>
      <symbol id="sm-176">
         <name>nmi</name>
         <value>0xfe08</value>
         <object_component_ref idref="oc-51"/>
      </symbol>
      <symbol id="sm-177">
         <name>int9</name>
         <value>0xfe58</value>
         <object_component_ref idref="oc-51"/>
      </symbol>
      <symbol id="sm-178">
         <name>int8</name>
         <value>0xfe50</value>
         <object_component_ref idref="oc-51"/>
      </symbol>
      <symbol id="sm-179">
         <name>int7</name>
         <value>0xfe48</value>
         <object_component_ref idref="oc-51"/>
      </symbol>
      <symbol id="sm-17a">
         <name>int6</name>
         <value>0xfe40</value>
         <object_component_ref idref="oc-51"/>
      </symbol>
      <symbol id="sm-17b">
         <name>int5</name>
         <value>0xfe38</value>
         <object_component_ref idref="oc-51"/>
      </symbol>
      <symbol id="sm-17c">
         <name>int4</name>
         <value>0xfe30</value>
         <object_component_ref idref="oc-51"/>
      </symbol>
      <symbol id="sm-17d">
         <name>int3</name>
         <value>0xfe28</value>
         <object_component_ref idref="oc-51"/>
      </symbol>
      <symbol id="sm-17e">
         <name>int2</name>
         <value>0xfe20</value>
         <object_component_ref idref="oc-51"/>
      </symbol>
      <symbol id="sm-17f">
         <name>int1</name>
         <value>0xfe18</value>
         <object_component_ref idref="oc-51"/>
      </symbol>
      <symbol id="sm-180">
         <name>int0</name>
         <value>0xfe10</value>
         <object_component_ref idref="oc-51"/>
      </symbol>
      <symbol id="sm-181">
         <name>int29</name>
         <value>0xfef8</value>
         <object_component_ref idref="oc-51"/>
      </symbol>
      <symbol id="sm-182">
         <name>int28</name>
         <value>0xfef0</value>
         <object_component_ref idref="oc-51"/>
      </symbol>
      <symbol id="sm-183">
         <name>int21</name>
         <value>0xfeb8</value>
         <object_component_ref idref="oc-51"/>
      </symbol>
      <symbol id="sm-184">
         <name>int20</name>
         <value>0xfeb0</value>
         <object_component_ref idref="oc-51"/>
      </symbol>
      <symbol id="sm-185">
         <name>int23</name>
         <value>0xfec8</value>
         <object_component_ref idref="oc-51"/>
      </symbol>
      <symbol id="sm-186">
         <name>int22</name>
         <value>0xfec0</value>
         <object_component_ref idref="oc-51"/>
      </symbol>
      <symbol id="sm-187">
         <name>int25</name>
         <value>0xfed8</value>
         <object_component_ref idref="oc-51"/>
      </symbol>
      <symbol id="sm-188">
         <name>int24</name>
         <value>0xfed0</value>
         <object_component_ref idref="oc-51"/>
      </symbol>
      <symbol id="sm-189">
         <name>int27</name>
         <value>0xfee8</value>
         <object_component_ref idref="oc-51"/>
      </symbol>
      <symbol id="sm-18a">
         <name>int26</name>
         <value>0xfee0</value>
         <object_component_ref idref="oc-51"/>
      </symbol>
      <symbol id="sm-18b">
         <name>int19</name>
         <value>0xfea8</value>
         <object_component_ref idref="oc-51"/>
      </symbol>
      <symbol id="sm-18c">
         <name>int18</name>
         <value>0xfea0</value>
         <object_component_ref idref="oc-51"/>
      </symbol>
      <symbol id="sm-18d">
         <name>int11</name>
         <value>0xfe68</value>
         <object_component_ref idref="oc-51"/>
      </symbol>
      <symbol id="sm-18e">
         <name>int10</name>
         <value>0xfe60</value>
         <object_component_ref idref="oc-51"/>
      </symbol>
      <symbol id="sm-18f">
         <name>int13</name>
         <value>0xfe78</value>
         <object_component_ref idref="oc-51"/>
      </symbol>
      <symbol id="sm-190">
         <name>int12</name>
         <value>0xfe70</value>
         <object_component_ref idref="oc-51"/>
      </symbol>
      <symbol id="sm-191">
         <name>int15</name>
         <value>0xfe88</value>
         <object_component_ref idref="oc-51"/>
      </symbol>
      <symbol id="sm-192">
         <name>int14</name>
         <value>0xfe80</value>
         <object_component_ref idref="oc-51"/>
      </symbol>
      <symbol id="sm-193">
         <name>int17</name>
         <value>0xfe98</value>
         <object_component_ref idref="oc-51"/>
      </symbol>
      <symbol id="sm-194">
         <name>int16</name>
         <value>0xfe90</value>
         <object_component_ref idref="oc-51"/>
      </symbol>
      <symbol id="sm-19e">
         <name>__addd</name>
         <value>0x7415</value>
         <object_component_ref idref="oc-55"/>
      </symbol>
      <symbol id="sm-1aa">
         <name>__sysstack</name>
         <value>0x300</value>
         <object_component_ref idref="oc-da"/>
      </symbol>
      <symbol id="sm-1ab">
         <name>_c_int00</name>
         <value>0x9146</value>
         <object_component_ref idref="oc-15"/>
      </symbol>
      <symbol id="sm-1ac">
         <name>__stack</name>
         <value>0x19e0</value>
         <object_component_ref idref="oc-59"/>
      </symbol>
      <symbol id="sm-1bc">
         <name>C$$EXIT</name>
         <value>0x92ad</value>
         <object_component_ref idref="oc-61"/>
      </symbol>
      <symbol id="sm-1bd">
         <name>_exit</name>
         <value>0x8feb</value>
         <object_component_ref idref="oc-5d"/>
      </symbol>
      <symbol id="sm-1be">
         <name>_abort</name>
         <value>0x92ac</value>
         <object_component_ref idref="oc-61"/>
      </symbol>
      <symbol id="sm-1bf">
         <name>__cleanup_ptr</name>
         <value>0x1d90</value>
         <object_component_ref idref="oc-5e"/>
      </symbol>
      <symbol id="sm-1c0">
         <name>__dtors_ptr</name>
         <value>0x1d94</value>
         <object_component_ref idref="oc-5e"/>
      </symbol>
      <symbol id="sm-1ca">
         <name>__fixdi</name>
         <value>0x917a</value>
         <object_component_ref idref="oc-64"/>
      </symbol>
      <symbol id="sm-1d4">
         <name>__fixdli</name>
         <value>0x8d56</value>
         <object_component_ref idref="oc-68"/>
      </symbol>
      <symbol id="sm-1de">
         <name>__fltid</name>
         <value>0x92a0</value>
         <object_component_ref idref="oc-6c"/>
      </symbol>
      <symbol id="sm-1ea">
         <name>__fltlid</name>
         <value>0x8e9c</value>
         <object_component_ref idref="oc-70"/>
      </symbol>
      <symbol id="sm-1f2">
         <name>__remi</name>
         <value>0x9048</value>
         <object_component_ref idref="oc-75"/>
      </symbol>
      <symbol id="sm-1f3">
         <name>__divi</name>
         <value>0x9029</value>
         <object_component_ref idref="oc-75"/>
      </symbol>
      <symbol id="sm-1f4">
         <name>I$$MOD</name>
         <value>0x9048</value>
         <object_component_ref idref="oc-75"/>
      </symbol>
      <symbol id="sm-1f5">
         <name>I$$DIV</name>
         <value>0x9029</value>
         <object_component_ref idref="oc-75"/>
      </symbol>
      <symbol id="sm-1ff">
         <name>__mpyd</name>
         <value>0x819b</value>
         <object_component_ref idref="oc-79"/>
      </symbol>
      <symbol id="sm-209">
         <name>__subd</name>
         <value>0x921c</value>
         <object_component_ref idref="oc-7d"/>
      </symbol>
      <symbol id="sm-213">
         <name>_Reset</name>
         <value>0xc0</value>
         <object_component_ref idref="oc-16"/>
      </symbol>
      <symbol id="sm-221">
         <name>__unlock</name>
         <value>0x1d8c</value>
         <object_component_ref idref="oc-86"/>
      </symbol>
      <symbol id="sm-222">
         <name>__lock</name>
         <value>0x1d88</value>
         <object_component_ref idref="oc-86"/>
      </symbol>
      <symbol id="sm-223">
         <name>__register_lock</name>
         <value>0x924b</value>
         <object_component_ref idref="oc-85"/>
      </symbol>
      <symbol id="sm-224">
         <name>__nop</name>
         <value>0x9253</value>
         <object_component_ref idref="oc-85"/>
      </symbol>
      <symbol id="sm-225">
         <name>__register_unlock</name>
         <value>0x9243</value>
         <object_component_ref idref="oc-85"/>
      </symbol>
      <symbol id="sm-22f">
         <name>__args_main</name>
         <value>0x8fa0</value>
         <object_component_ref idref="oc-8b"/>
      </symbol>
      <symbol id="sm-230">
         <name>__TI_args_main</name>
         <value>0x1</value>
      </symbol>
      <symbol id="sm-238">
         <name>_auto_init</name>
         <value>0x8f53</value>
         <object_component_ref idref="oc-8f"/>
      </symbol>
      <symbol id="sm-242">
         <name>__frcmpyd</name>
         <value>0x8b8e</value>
         <object_component_ref idref="oc-93"/>
      </symbol>
      <symbol id="sm-25b">
         <name>_EZDSP5502_MCBSP_close</name>
         <value>0x880b</value>
         <object_component_ref idref="oc-97"/>
      </symbol>
      <symbol id="sm-25c">
         <name>_EZDSP5502_MCBSP_write</name>
         <value>0x881d</value>
         <object_component_ref idref="oc-97"/>
      </symbol>
      <symbol id="sm-25d">
         <name>_EZDSP5502_MCBSP_init</name>
         <value>0x87c7</value>
         <object_component_ref idref="oc-97"/>
      </symbol>
      <symbol id="sm-25e">
         <name>_EZDSP5502_MCBSP_read</name>
         <value>0x884d</value>
         <object_component_ref idref="oc-97"/>
      </symbol>
      <symbol id="sm-25f">
         <name>_aicMcbsp</name>
         <value>0x1da0</value>
         <object_component_ref idref="oc-98"/>
      </symbol>
      <symbol id="sm-26f">
         <name>_EZDSP5502_I2CGPIO_readLine</name>
         <value>0x80a0</value>
         <object_component_ref idref="oc-9d"/>
      </symbol>
      <symbol id="sm-270">
         <name>_EZDSP5502_I2CGPIO_write</name>
         <value>0x8171</value>
         <object_component_ref idref="oc-9d"/>
      </symbol>
      <symbol id="sm-271">
         <name>_EZDSP5502_I2CGPIO_configLine</name>
         <value>0x804d</value>
         <object_component_ref idref="oc-9d"/>
      </symbol>
      <symbol id="sm-272">
         <name>_EZDSP5502_I2CGPIO_writeLine</name>
         <value>0x80d1</value>
         <object_component_ref idref="oc-9d"/>
      </symbol>
      <symbol id="sm-273">
         <name>_EZDSP5502_I2CGPIO_read</name>
         <value>0x8124</value>
         <object_component_ref idref="oc-9d"/>
      </symbol>
      <symbol id="sm-284">
         <name>_EZDSP5502_I2C_read</name>
         <value>0x8e0e</value>
         <object_component_ref idref="oc-a2"/>
      </symbol>
      <symbol id="sm-285">
         <name>_EZDSP5502_I2C_reset</name>
         <value>0x8de2</value>
         <object_component_ref idref="oc-a2"/>
      </symbol>
      <symbol id="sm-286">
         <name>_EZDSP5502_I2C_init</name>
         <value>0x8dc5</value>
         <object_component_ref idref="oc-a2"/>
      </symbol>
      <symbol id="sm-287">
         <name>_EZDSP5502_I2C_write</name>
         <value>0x8dec</value>
         <object_component_ref idref="oc-a2"/>
      </symbol>
      <symbol id="sm-2ab">
         <name>_EZDSP5502_GPIO_setOutput</name>
         <value>0x7783</value>
         <object_component_ref idref="oc-a7"/>
      </symbol>
      <symbol id="sm-2ac">
         <name>_EZDSP5502_GPIO_setDirection</name>
         <value>0x7706</value>
         <object_component_ref idref="oc-a7"/>
      </symbol>
      <symbol id="sm-2ad">
         <name>_EZDSP5502_GPIO_getInput</name>
         <value>0x7800</value>
         <object_component_ref idref="oc-a7"/>
      </symbol>
      <symbol id="sm-2ae">
         <name>_EZDSP5502_GPIO_init</name>
         <value>0x766f</value>
         <object_component_ref idref="oc-a7"/>
      </symbol>
      <symbol id="sm-2af">
         <name>_hGPIO_group0</name>
         <value>0x1d78</value>
         <object_component_ref idref="oc-a8"/>
      </symbol>
      <symbol id="sm-2b0">
         <name>_hGPIO_group1</name>
         <value>0x1d7c</value>
         <object_component_ref idref="oc-a8"/>
      </symbol>
      <symbol id="sm-2b1">
         <name>_hGPIO_group2</name>
         <value>0x1d80</value>
         <object_component_ref idref="oc-a8"/>
      </symbol>
      <symbol id="sm-2b2">
         <name>_hGPIO_group3</name>
         <value>0x1d84</value>
         <object_component_ref idref="oc-a8"/>
      </symbol>
      <symbol id="sm-2c1">
         <name>_EZDSP5502_wait</name>
         <value>0x8cf7</value>
         <object_component_ref idref="oc-ad"/>
      </symbol>
      <symbol id="sm-2c2">
         <name>_EZDSP5502_waitusec</name>
         <value>0x8d2b</value>
         <object_component_ref idref="oc-ad"/>
      </symbol>
      <symbol id="sm-2c3">
         <name>_EZDSP5502_init</name>
         <value>0x8d3d</value>
         <object_component_ref idref="oc-ad"/>
      </symbol>
      <symbol id="sm-2c7">
         <name>__CSL_init</name>
         <value>0x9278</value>
         <object_component_ref idref="oc-b2"/>
      </symbol>
      <symbol id="sm-2cd">
         <name>_CSL5502_LIB_</name>
         <value>0x92c4</value>
         <object_component_ref idref="oc-b3"/>
      </symbol>
      <symbol id="sm-2ce">
         <name>_CSL_init</name>
         <value>0x9288</value>
         <object_component_ref idref="oc-b4"/>
      </symbol>
      <symbol id="sm-2d4">
         <name>_CSL_SysData</name>
         <value>0x1948</value>
         <object_component_ref idref="oc-b6"/>
      </symbol>
      <symbol id="sm-2d8">
         <name>_DMA_config</name>
         <value>0x8418</value>
         <object_component_ref idref="oc-b7"/>
      </symbol>
      <symbol id="sm-2dc">
         <name>_DMA_close</name>
         <value>0x9068</value>
         <object_component_ref idref="oc-b8"/>
      </symbol>
      <symbol id="sm-2e1">
         <name>_DMA_open</name>
         <value>0x86fc</value>
         <object_component_ref idref="oc-b9"/>
      </symbol>
      <symbol id="sm-2e5">
         <name>_DMA_reset</name>
         <value>0x787c</value>
         <object_component_ref idref="oc-ba"/>
      </symbol>
      <symbol id="sm-2e9">
         <name>_GPIO_pinDirection</name>
         <value>0x91c8</value>
         <object_component_ref idref="oc-bb"/>
      </symbol>
      <symbol id="sm-2ed">
         <name>_GPIO_pinEnable</name>
         <value>0x9230</value>
         <object_component_ref idref="oc-bc"/>
      </symbol>
      <symbol id="sm-2f1">
         <name>_GPIO_open</name>
         <value>0x8f04</value>
         <object_component_ref idref="oc-bd"/>
      </symbol>
      <symbol id="sm-2f5">
         <name>_GPIO_pinRead</name>
         <value>0x9208</value>
         <object_component_ref idref="oc-be"/>
      </symbol>
      <symbol id="sm-2f9">
         <name>_GPIO_pinWrite</name>
         <value>0x91e8</value>
         <object_component_ref idref="oc-bf"/>
      </symbol>
      <symbol id="sm-2fd">
         <name>_I2C_config</name>
         <value>0x8c04</value>
         <object_component_ref idref="oc-c0"/>
      </symbol>
      <symbol id="sm-305">
         <name>_I2C_read</name>
         <value>0x7ef0</value>
         <object_component_ref idref="oc-c1"/>
      </symbol>
      <symbol id="sm-30f">
         <name>_I2C_write</name>
         <value>0x7a48</value>
         <object_component_ref idref="oc-c2"/>
      </symbol>
      <symbol id="sm-313">
         <name>_IRQ_clear</name>
         <value>0x90a0</value>
         <object_component_ref idref="oc-c3"/>
      </symbol>
      <symbol id="sm-317">
         <name>_IRQ_disable</name>
         <value>0x8c78</value>
         <object_component_ref idref="oc-c4"/>
      </symbol>
      <symbol id="sm-31b">
         <name>_IRQ_enable</name>
         <value>0x8e34</value>
         <object_component_ref idref="oc-c5"/>
      </symbol>
      <symbol id="sm-31f">
         <name>_IRQ_globalDisable</name>
         <value>0x9258</value>
         <object_component_ref idref="oc-c6"/>
      </symbol>
      <symbol id="sm-323">
         <name>_IRQ_globalEnable</name>
         <value>0x9268</value>
         <object_component_ref idref="oc-c7"/>
      </symbol>
      <symbol id="sm-327">
         <name>_IRQ_globalRestore</name>
         <value>0x9294</value>
         <object_component_ref idref="oc-c8"/>
      </symbol>
      <symbol id="sm-32b">
         <name>_IRQ_plug</name>
         <value>0x8a83</value>
         <object_component_ref idref="oc-c9"/>
      </symbol>
      <symbol id="sm-32f">
         <name>_IRQ_setVecs</name>
         <value>0x90d8</value>
         <object_component_ref idref="oc-ca"/>
      </symbol>
      <symbol id="sm-333">
         <name>_MCBSP_config</name>
         <value>0x82e8</value>
         <object_component_ref idref="oc-cb"/>
      </symbol>
      <symbol id="sm-337">
         <name>_MCBSP_close</name>
         <value>0x9110</value>
         <object_component_ref idref="oc-cc"/>
      </symbol>
      <symbol id="sm-33c">
         <name>_MCBSP_open</name>
         <value>0x8528</value>
         <object_component_ref idref="oc-cd"/>
      </symbol>
      <symbol id="sm-340">
         <name>_MCBSP_read16</name>
         <value>0x92b4</value>
         <object_component_ref idref="oc-ce"/>
      </symbol>
      <symbol id="sm-344">
         <name>_MCBSP_reset</name>
         <value>0x71b4</value>
         <object_component_ref idref="oc-cf"/>
      </symbol>
      <symbol id="sm-348">
         <name>_MCBSP_start</name>
         <value>0x8b0c</value>
         <object_component_ref idref="oc-d0"/>
      </symbol>
      <symbol id="sm-34c">
         <name>_MCBSP_write16</name>
         <value>0x92bc</value>
         <object_component_ref idref="oc-d1"/>
      </symbol>
      <symbol id="sm-350">
         <name>_PLL_config</name>
         <value>0x8884</value>
         <object_component_ref idref="oc-d2"/>
      </symbol>
      <symbol id="sm-354">
         <name>_PLL_setFreq</name>
         <value>0x8934</value>
         <object_component_ref idref="oc-d3"/>
      </symbol>
      <symbol id="sm-35a">
         <name>_CSL_DmaData</name>
         <value>0x1780</value>
         <object_component_ref idref="oc-d5"/>
      </symbol>
      <symbol id="sm-360">
         <name>_CSL_GpioData</name>
         <value>0x198c</value>
         <object_component_ref idref="oc-d7"/>
      </symbol>
      <symbol id="sm-366">
         <name>_CSL_McbspData</name>
         <value>0x187c</value>
         <object_component_ref idref="oc-d9"/>
      </symbol>
   </symbol_table>
</link_info>
